Archive member included to satisfy reference by file (symbol)

../lib\libHXFASTLib_HX280025_libV2.0.a(estlib.o)
                              ./src_control/motor_drive.o (EST_setParams)
D:/Haawking-IDE_v2.2.11Pre/haawking-tools/segger_lib\libhaawking-segger_imfc.a(floatops.o)
                              ./src_control/motor_common.o (sqrtf)
D:/Haawking-IDE_v2.2.11Pre/haawking-tools/segger_lib\libhaawking-segger_imfc.a(intops.o)
                              ./haawking-drivers/haawking-dsc280025_edc-board/common/syscalls.o (__udivdi3)
D:/Haawking-IDE_v2.2.11Pre/haawking-tools/segger_lib\libhaawking-segger_imfc.a(floatasmops_rv.o)
                              ./haawking-drivers/haawking-dsc280025_edc-board/common/syscalls.o (__subdf3)
D:/Haawking-IDE_v2.2.11Pre/haawking-tools/segger_lib\libhaawking-segger_imfc.a(intasmops_rv.o)
                              D:/Haawking-IDE_v2.2.11Pre/haawking-tools/segger_lib\libhaawking-segger_imfc.a(floatops.o) (__ashldi3)

Discarded input sections

 .text          0x0000000000000000        0x2 ./src_control/hall_bldc.o
 .text.HALLBLDC_Ctrl_Stop
                0x0000000000000000       0x62 ./src_control/hall_bldc.o
 .llvm_addrsig  0x0000000000000000       0x2e ./src_control/hall_bldc.o
 .text          0x0000000000000000        0x2 ./src_control/motor_common.o
 .llvm_addrsig  0x0000000000000000       0x36 ./src_control/motor_common.o
 .text          0x0000000000000000        0x2 ./src_control/motor_drive.o
 .ramgs0        0x0000000000000000        0x8 ./src_control/motor_drive.o
 .llvm_addrsig  0x0000000000000000       0xe4 ./src_control/motor_drive.o
 .text          0x0000000000000000        0x2 ./src_board/drv8323s.o
 .text.DRV8323_getPeakSourCurHS
                0x0000000000000000       0x1e ./src_board/drv8323s.o
 .text.DRV8323_getPeakSinkCurHS
                0x0000000000000000       0x1c ./src_board/drv8323s.o
 .text.DRV8323_getPeakSourTime
                0x0000000000000000       0x1a ./src_board/drv8323s.o
 .text.DRV8323_getPeakSourCurLS
                0x0000000000000000       0x1a ./src_board/drv8323s.o
 .text.DRV8323_getPeakSinkCurLS
                0x0000000000000000       0x18 ./src_board/drv8323s.o
 .text.DRV8323_getVDSDeglitch
                0x0000000000000000       0x1e ./src_board/drv8323s.o
 .text.DRV8323_getDeadTime
                0x0000000000000000       0x1e ./src_board/drv8323s.o
 .text.DRV8323_getPWMMode
                0x0000000000000000       0x1a ./src_board/drv8323s.o
 .text.DRV8323_readData
                0x0000000000000000      0x102 ./src_board/drv8323s.o
 .llvm_addrsig  0x0000000000000000       0x17 ./src_board/drv8323s.o
 .text          0x0000000000000000        0x2 ./src_board/hal.o
 .text.HAL_disableGlobalInts
                0x0000000000000000       0x14 ./src_board/hal.o
 .text.HAL_disableWdog
                0x0000000000000000       0x12 ./src_board/hal.o
 .text.HAL_readDRVData
                0x0000000000000000       0x1a ./src_board/hal.o
 .text.HAL_setupPeripheralClks
                0x0000000000000000      0x18e ./src_board/hal.o
 .text.HAL_setupADCTriggerTimer
                0x0000000000000000       0x66 ./src_board/hal.o
 .text.CPUTimer_enableInterrupt
                0x0000000000000000       0x40 ./src_board/hal.o
 .text.HAL_clearDataRAM
                0x0000000000000000       0x3c ./src_board/hal.o
 .llvm_addrsig  0x0000000000000000      0x125 ./src_board/hal.o
 .text          0x0000000000000000        0x2 ./src_board/user_mtr1.o
 .llvm_addrsig  0x0000000000000000        0x0 ./src_board/user_mtr1.o
 .text          0x0000000000000000        0x2 ./src_board/user_mtr2.o
 .llvm_addrsig  0x0000000000000000        0x0 ./src_board/user_mtr2.o
 .text          0x0000000000000000        0x2 ./src/main.o
 .llvm_addrsig  0x0000000000000000       0x52 ./src/main.o
 .text          0x0000000000000000        0x4 ./haawking-drivers/haawking-dsc280025_edc-board/common/crt.o
 .text          0x0000000000000000      0x2d6 ./haawking-drivers/haawking-dsc280025_edc-board/common/hx_fintdiv.o
 .debug_info    0x0000000000000000      0x59a ./haawking-drivers/haawking-dsc280025_edc-board/common/hx_fintdiv.o
 .debug_abbrev  0x0000000000000000       0x21 ./haawking-drivers/haawking-dsc280025_edc-board/common/hx_fintdiv.o
 .debug_aranges
                0x0000000000000000       0x20 ./haawking-drivers/haawking-dsc280025_edc-board/common/hx_fintdiv.o
 .debug_line    0x0000000000000000      0x18b ./haawking-drivers/haawking-dsc280025_edc-board/common/hx_fintdiv.o
 .text          0x0000000000000000        0x2 ./haawking-drivers/haawking-dsc280025_edc-board/common/hx_intrinsics.o
 .text.__flip64
                0x0000000000000000       0x1c ./haawking-drivers/haawking-dsc280025_edc-board/common/hx_intrinsics.o
 .text.__lmax   0x0000000000000000        0xe ./haawking-drivers/haawking-dsc280025_edc-board/common/hx_intrinsics.o
 .text.__llmax  0x0000000000000000       0x34 ./haawking-drivers/haawking-dsc280025_edc-board/common/hx_intrinsics.o
[...]
Memory Configuration

Name             Origin             Length             Attributes
AdcaRegs_FILE    0x0000000000001800 0x0000000000000110 xrw
AdcaResultRegs_FILE 0x0000000000001940 0x0000000000000050 xrw
AdccRegs_FILE    0x0000000000001c00 0x0000000000000110 xrw
AdccResultRegs_FILE 0x0000000000001d40 0x0000000000000050 xrw
HicRegs_FILE     0x0000000000002800 0x0000000000000100 xrw
DmaRegs_FILE     0x0000000000003000 0x0000000000000380 xrw
BgcrcCpuRegs_FILE 0x0000000000003400 0x0000000000000110 xrw
MemCfgRegs_FILE  0x0000000000003800 0x000000000000005c xrw
MemoryErrorRegs_FILE 0x000000000000385c 0x0000000000000040 xrw
AccessProtectionRegs_FILE 0x000000000000389c 0x0000000000000050 xrw
CpuTimer0Regs_FILE 0x0000000000005000 0x0000000000000010 xrw
CpuTimer1Regs_FILE 0x0000000000005010 0x0000000000000010 xrw
CpuTimer2Regs_FILE 0x0000000000005020 0x0000000000000010 xrw
PieCtrlRegs_FILE 0x0000000000005100 0x0000000000000068 xrw
XintRegs_FILE    0x0000000000005200 0x0000000000000020 xrw
NmiIntruptRegs_FILE 0x0000000000005300 0x0000000000000030 xrw
PieVectTable_FILE 0x0000000000005800 0x0000000000000400 xrw
CanaRegs_FILE    0x0000000000006000 0x0000000000000164 xrw
EPwm1Regs_FILE   0x000000000000a000 0x00000000000003fc xrw
EPwm2Regs_FILE   0x000000000000a400 0x00000000000003fc xrw
EPwm3Regs_FILE   0x000000000000a800 0x00000000000003fc xrw
EPwm4Regs_FILE   0x000000000000ac00 0x00000000000003fc xrw
EPwm5Regs_FILE   0x000000000000b000 0x00000000000003fc xrw
EPwm6Regs_FILE   0x000000000000b400 0x00000000000003fc xrw
EPwm7Regs_FILE   0x000000000000b800 0x00000000000003fc xrw
Clb1LogicCfgRegs_FILE 0x000000000000c000 0x00000000000000ac xrw
Clb1LogicCtrlRegs_FILE 0x000000000000c100 0x0000000000000080 xrw
Clb1DataExchRegs_FILE 0x000000000000c180 0x0000000000000084 xrw
Clb2LogicCfgRegs_FILE 0x000000000000c400 0x00000000000000ac xrw
Clb2LogicCtrlRegs_FILE 0x000000000000c500 0x0000000000000080 xrw
Clb2DataExchRegs_FILE 0x000000000000c580 0x0000000000000084 xrw
EQep1Regs_FILE   0x000000000000d000 0x0000000000000070 xrw
EQep2Regs_FILE   0x000000000000d140 0x0000000000000070 xrw
ECap1Regs_FILE   0x000000000000d400 0x0000000000000040 xrw
ECap2Regs_FILE   0x000000000000d480 0x0000000000000040 xrw
ECap3Regs_FILE   0x000000000000d500 0x0000000000000040 xrw
HRCap3Regs_FILE  0x000000000000d780 0x000000000000006c xrw
Cmpss1Regs_FILE  0x000000000000d800 0x0000000000000058 xrw
Cmpss2Regs_FILE  0x000000000000d880 0x0000000000000058 xrw
Cmpss3Regs_FILE  0x000000000000d900 0x0000000000000058 xrw
Cmpss4Regs_FILE  0x000000000000d980 0x0000000000000058 xrw
SpiaRegs_FILE    0x000000000000e000 0x000000000000003c xrw
SpibRegs_FILE    0x000000000000e080 0x000000000000003c xrw
PmbusaRegs_FILE  0x000000000000e400 0x000000000000003c xrw
FsiRxaRegs_FILE  0x000000000000e800 0x0000000000000200 xrw
FsiTxaRegs_FILE  0x000000000000ea00 0x0000000000000200 xrw
I2saRegs_FILE    0x000000000000ec00 0x0000000000000038 xrw
InputXbarRegs_FILE 0x0000000000031000 0x000000000000007c xrw
XbarRegs_FILE    0x0000000000031080 0x0000000000000020 xrw
ClbInputXbarRegs_FILE 0x0000000000031180 0x000000000000007c xrw
EPwmXbarRegs_FILE 0x0000000000031400 0x0000000000000078 xrw
ClbXbarRegs_FILE 0x0000000000031500 0x0000000000000080 xrw
OutputXbarRegs_FILE 0x0000000000031600 0x0000000000000080 xrw
ClbOutputXbarRegs_FILE 0x0000000000031b00 0x0000000000000080 xrw
EradGlobalRegs_FILE 0x0000000000032800 0x00000000000000fc xrw
EradHWBP1Regs_FILE 0x00000000000328fc 0x0000000000000014 xrw
EradHWBP2Regs_FILE 0x0000000000032910 0x0000000000000014 xrw
EradHWBP3Regs_FILE 0x0000000000032924 0x0000000000000014 xrw
EradHWBP4Regs_FILE 0x0000000000032938 0x0000000000000014 xrw
EradHWBP5Regs_FILE 0x000000000003294c 0x0000000000000014 xrw
EradHWBP6Regs_FILE 0x0000000000032960 0x0000000000000014 xrw
EradHWBP7Regs_FILE 0x0000000000032974 0x0000000000000014 xrw
EradHWBP8Regs_FILE 0x0000000000032988 0x0000000000000014 xrw
EradCounter1Regs_FILE 0x000000000003299c 0x0000000000000024 xrw
EradCounter2Regs_FILE 0x00000000000329c0 0x0000000000000024 xrw
EradCounter3Regs_FILE 0x00000000000329e4 0x0000000000000024 xrw
EradCounter4Regs_FILE 0x0000000000032a08 0x0000000000000024 xrw
EradCRCGlobalRegs_FILE 0x0000000000032a2c 0x0000000000000004 xrw
EradCRC1Regs_FILE 0x0000000000032a30 0x000000000000000c xrw
EradCRC2Regs_FILE 0x0000000000032a3c 0x000000000000000c xrw
EradCRC3Regs_FILE 0x0000000000032a48 0x000000000000000c xrw
EradCRC4Regs_FILE 0x0000000000032a54 0x000000000000000c xrw
EradCRC5Regs_FILE 0x0000000000032a60 0x000000000000000c xrw
EradCRC6Regs_FILE 0x0000000000032a6c 0x000000000000000c xrw
EradCRC7Regs_FILE 0x0000000000032a78 0x000000000000000c xrw
EradCRC8Regs_FILE 0x0000000000032a84 0x000000000000000c xrw
Dcc0Regs_FILE    0x0000000000033000 0x000000000000003c xrw
Dcc1Regs_FILE    0x0000000000033080 0x000000000000003c xrw
GpioCtrlRegs_FILE 0x0000000000033800 0x0000000000000600 xrw
GpioDataRegs_FILE 0x0000000000033e00 0x0000000000000100 xrw
GpioDataReadRegs_FILE 0x0000000000033f00 0x0000000000000074 xrw
LinaRegs_FILE    0x0000000000034000 0x0000000000000074 xrw
LinbRegs_FILE    0x0000000000034080 0x0000000000000074 xrw
SciaRegs_FILE    0x0000000000034400 0x000000000000003c xrw
I2caRegs_FILE    0x0000000000034800 0x000000000000003c xrw
I2cbRegs_FILE    0x0000000000034880 0x000000000000003c xrw
ClkCfgRegs_FILE  0x0000000000038000 0x0000000000000080 xrw
CpuSysRegs_FILE  0x0000000000038200 0x0000000000000108 xrw
DevCfgRegs_FILE  0x0000000000038400 0x000000000000033c xrw
SysPeriphAcRegs_FILE 0x0000000000038800 0x0000000000000400 xrw
SyncSocRegs_FILE 0x0000000000038c00 0x000000000000003c xrw
DmaClaSrcSelRegs_FILE 0x0000000000038d00 0x0000000000000034 xrw
WdRegs_FILE      0x0000000000038e00 0x0000000000000058 xrw
AnalogSubsysRegs_FILE 0x0000000000039000 0x0000000000000024 xrw
DcsmBank0Z1Regs_FILE 0x0000000000039400 0x0000000000000048 xrw
DcsmBank0Z2Regs_FILE 0x0000000000039450 0x0000000000000048 xrw
DcsmCommonRegs_FILE 0x00000000000394a0 0x0000000000000020 xrw
DcsmBank0Z1OtpRegs_FILE 0x00000000007a0000 0x0000000000000400 xrw
DcsmBank0Z2OtpRegs_FILE 0x00000000007a0400 0x0000000000000400 xrw
Flash0CtrlRegs_FILE 0x00000000007af000 0x0000000000000200 xrw
Flash0EccRegs_FILE 0x00000000007af200 0x0000000000000050 xrw
BOOTROM_FILE     0x00000000007e0000 0x0000000000020000 xr
BOOT_RSVD        0x0000000000000000 0x0000000000000200 xrw
PRAMM0           0x0000000000000200 0x0000000000000600 xrw
PRAMM1           0x0000000000000800 0x0000000000000800 xrw
PRAMLS4567       0x0000000000010000 0x0000000000008000 xrw
RAMGS0           0x0000000000018000 0x0000000000002000 xrw
BEGIN            0x0000000000600000 0x0000000000000010 xrw
FLASH            0x0000000000600010 0x000000000003fff0 xrw
USER_OTP_FILE    0x00000000007a0000 0x0000000000000800 rw
IER_REGISTER_FILE 0x0000000000100c10 0x0000000000000004 rw
IFR_REGISTER_FILE 0x0000000000100d10 0x0000000000000004 rw
*default*        0x0000000000000000 0xffffffffffffffff

Linker script and memory map

                0x0000000000000000                IDE_VERSION_2_2_11Pre = 0x0
LOAD ./src_control/hall_bldc.o
LOAD ./src_control/motor_common.o
LOAD ./src_control/motor_drive.o
LOAD ./src_board/drv8323s.o
LOAD ./src_board/hal.o
LOAD ./src_board/user_mtr1.o
LOAD ./src_board/user_mtr2.o
LOAD ./src/main.o
LOAD ./haawking-drivers/haawking-dsc280025_edc-board/common/crt.o
LOAD ./haawking-drivers/haawking-dsc280025_edc-board/common/hx_fintdiv.o
LOAD ./haawking-drivers/haawking-dsc280025_edc-board/common/hx_intrinsics.o
LOAD ./haawking-drivers/haawking-dsc280025_edc-board/common/syscalls.o
LOAD ./haawking-drivers/haawking-dsc280025_edc-board/SysCtl_delay.o
LOAD ./haawking-drivers/haawking-dsc280025_edc-board/__disable_interrputs.o
LOAD ./haawking-drivers/haawking-dsc280025_edc-board/__enable_interrupts.o
LOAD ./haawking-drivers/haawking-dsc280025_edc-board/adc.o
LOAD ./haawking-drivers/haawking-dsc280025_edc-board/asysctl.o
LOAD ./haawking-drivers/haawking-dsc280025_edc-board/bgcrc.o
LOAD ./haawking-drivers/haawking-dsc280025_edc-board/can.o
LOAD ./haawking-drivers/haawking-dsc280025_edc-board/clb.o
LOAD ./haawking-drivers/haawking-dsc280025_edc-board/cmpss.o
LOAD ./haawking-drivers/haawking-dsc280025_edc-board/cputimer.o
LOAD ./haawking-drivers/haawking-dsc280025_edc-board/dcc.o
LOAD ./haawking-drivers/haawking-dsc280025_edc-board/dcsm.o
LOAD ./haawking-drivers/haawking-dsc280025_edc-board/dma.o
LOAD ./haawking-drivers/haawking-dsc280025_edc-board/ecap.o
LOAD ./haawking-drivers/haawking-dsc280025_edc-board/epwm.o
LOAD ./haawking-drivers/haawking-dsc280025_edc-board/eqep.o
LOAD ./haawking-drivers/haawking-dsc280025_edc-board/erad.o
LOAD ./haawking-drivers/haawking-dsc280025_edc-board/flash.o
LOAD ./haawking-drivers/haawking-dsc280025_edc-board/fsi.o
LOAD ./haawking-drivers/haawking-dsc280025_edc-board/gpio.o
LOAD ./haawking-drivers/haawking-dsc280025_edc-board/hic.o
LOAD ./haawking-drivers/haawking-dsc280025_edc-board/hrpwm.o
LOAD ./haawking-drivers/haawking-dsc280025_edc-board/i2c.o
LOAD ./haawking-drivers/haawking-dsc280025_edc-board/interrupt.o
LOAD ./haawking-drivers/haawking-dsc280025_edc-board/lin.o
LOAD ./haawking-drivers/haawking-dsc280025_edc-board/memcfg.o
LOAD ./haawking-drivers/haawking-dsc280025_edc-board/pmbus.o
LOAD ./haawking-drivers/haawking-dsc280025_edc-board/sci.o
LOAD ./haawking-drivers/haawking-dsc280025_edc-board/spi.o
LOAD ./haawking-drivers/haawking-dsc280025_edc-board/sysctl.o
LOAD ./haawking-drivers/haawking-dsc280025_edc-board/userotp.o
LOAD ./haawking-drivers/haawking-dsc280025_edc-board/version.o
LOAD ./haawking-drivers/haawking-dsc280025_edc-board/xbar.o
LOAD ./device/device.o
LOAD ../lib\libIQmath_fpu32.a
LOAD ../lib\libHXFASTLib_HX280025_libV2.0.a
LOAD D:/Haawking-IDE_v2.2.11Pre/haawking-tools/segger_lib\libhaawking-segger_imfc.a

.AdcaRegs
 *(.AdcaRegs)

.AdcaResultRegs
 *(.AdcaResultRegs)

.AdccRegs
 *(.AdccRegs)

.AdccResultRegs
 *(.AdccResultRegs)

.HicRegs
 *(.HicRegs)

.DmaRegs
 *(.DmaRegs)

.BgcrcCpuRegs
 *(.BgcrcCpuRegs)

.MemCfgRegs
 *(.MemCfgRegs)

.MemoryErrorRegs
 *(.MemoryErrorRegs)

.AccessProtectionRegs
 *(.AccessProtectionRegs)

.CpuTimer0Regs
 *(.CpuTimer0Regs)

.CpuTimer1Regs
 *(.CpuTimer1Regs)

.CpuTimer2Regs
 *(.CpuTimer2Regs)

.PieCtrlRegs
 *(.PieCtrlRegs)

.XintRegs
 *(.XintRegs)

.NmiIntruptRegs
 *(.NmiIntruptRegs)

.PieVectTable
 *(.PieVectTable)

.CanaRegs
 *(.CanaRegs)

.EPwm1Regs
 *(.EPwm1Regs)

.EPwm2Regs
 *(.EPwm2Regs)

.EPwm3Regs
 *(.EPwm3Regs)

.EPwm4Regs
 *(.EPwm4Regs)

.EPwm5Regs
 *(.EPwm5Regs)

.EPwm6Regs
 *(.EPwm6Regs)

.EPwm7Regs
 *(.EPwm7Regs)

.Clb1LogicCfgRegs
 *(.Clb1LogicCfgRegs)

.Clb1LogicCtrlRegs
 *(.Clb1LogicCtrlRegs)

.Clb1DataExchRegs
 *(.Clb1DataExchRegs)

.Clb2LogicCfgRegs
 *(.Clb2LogicCfgRegs)

.Clb2LogicCtrlRegs
 *(.Clb2LogicCtrlRegs)

.Clb2DataExchRegs
 *(.Clb2DataExchRegs)

.EQep1Regs
 *(.EQep1Regs)

.EQep2Regs
 *(.EQep2Regs)

.ECap1Regs
 *(.ECap1Regs)

.ECap2Regs
 *(.ECap2Regs)

.ECap3Regs
 *(.ECap3Regs)

.HRCap3Regs
 *(.HRCap3Regs)

.Cmpss1Regs
 *(.Cmpss1Regs)

.Cmpss2Regs
 *(.Cmpss2Regs)

.Cmpss3Regs
 *(.Cmpss3Regs)

.Cmpss4Regs
 *(.Cmpss4Regs)

.SpiaRegs
 *(.SpiaRegs)

.SpibRegs
 *(.SpibRegs)

.PmbusaRegs
 *(.PmbusaRegs)

.FsiRxaRegs
 *(.FsiRxaRegs)

.FsiTxaRegs
 *(.FsiTxaRegs)

.I2saRegs
 *(.I2saRegs)

.InputXbarRegs
 *(.InputXbarRegs)

.XbarRegs
 *(.XbarRegs)

.ClbInputXbarRegs
 *(.ClbInputXbarRegs)

.EPwmXbarRegs
 *(.EPwmXbarRegs)

.ClbXbarRegs
 *(.ClbXbarRegs)

.OutputXbarRegs
 *(.OutputXbarRegs)

.ClbOutputXbarRegs
 *(.ClbOutputXbarRegs)

.EradGlobalRegs
 *(.EradGlobalRegs)

.EradHWBP1Regs
 *(.EradHWBP1Regs)

.EradHWBP2Regs
 *(.EradHWBP2Regs)

.EradHWBP3Regs
 *(.EradHWBP3Regs)

.EradHWBP4Regs
 *(.EradHWBP4Regs)

.EradHWBP5Regs
 *(.EradHWBP5Regs)

.EradHWBP6Regs
 *(.EradHWBP6Regs)

.EradHWBP7Regs
 *(.EradHWBP7Regs)

.EradHWBP8Regs
 *(.EradHWBP8Regs)

.EradCounter1Regs
 *(.EradCounter1Regs)

.EradCounter2Regs
 *(.EradCounter2Regs)

.EradCounter3Regs
 *(.EradCounter3Regs)

.EradCounter4Regs
 *(.EradCounter4Regs)

.EradCRCGlobalRegs
 *(.EradCRCGlobalRegs)

.EradCRC1Regs
 *(.EradCRC1Regs)

.EradCRC2Regs
 *(.EradCRC2Regs)

.EradCRC3Regs
 *(.EradCRC3Regs)

.EradCRC4Regs
 *(.EradCRC4Regs)

.EradCRC5Regs
 *(.EradCRC5Regs)

.EradCRC6Regs
 *(.EradCRC6Regs)

.EradCRC7Regs
 *(.EradCRC7Regs)

.EradCRC8Regs
 *(.EradCRC8Regs)

.Dcc0Regs
 *(.Dcc0Regs)

.Dcc1Regs
 *(.Dcc1Regs)

.GpioCtrlRegs
 *(.GpioCtrlRegs)

.GpioDataRegs
 *(.GpioDataRegs)

.GpioDataReadRegs
 *(.GpioDataReadRegs)

.LinaRegs
 *(.LinaRegs)

.LinbRegs
 *(.LinbRegs)

.SciaRegs
 *(.SciaRegs)

.I2caRegs
 *(.I2caRegs)

.I2cbRegs
 *(.I2cbRegs)

.ClkCfgRegs
 *(.ClkCfgRegs)

.CpuSysRegs
 *(.CpuSysRegs)

.DevCfgRegs
 *(.DevCfgRegs)

.SysPeriphAcRegs
 *(.SysPeriphAcRegs)

.SyncSocRegs
 *(.SyncSocRegs)

.DmaClaSrcSelRegs
 *(.DmaClaSrcSelRegs)

.WdRegs
 *(.WdRegs)

.AnalogSubsysRegs
 *(.AnalogSubsysRegs)

.DcsmBank0Z1Regs
 *(.DcsmBank0Z1Regs)

.DcsmBank0Z2Regs
 *(.DcsmBank0Z2Regs)

.DcsmCommonRegs
 *(.DcsmCommonRegs)

.DcsmBank0Z1OtpRegs
 *(.DcsmBank0Z1OtpRegs)

.DcsmBank0Z2OtpRegs
 *(.DcsmBank0Z2OtpRegs)

.Flash0CtrlRegs
 *(.Flash0CtrlRegs)

.Flash0EccRegs
 *(.Flash0EccRegs)

_IQsinTable     0x00000000007e2804        0x0
                0x00000000007e2804                IQsinTable = .
                0x00000000007e2a04                IQcosTable = (. + 0x200)

_IQdivRoundSatTable
                0x00000000007e3208        0x0
                0x00000000007e3208                IQdivRoundSatTable = .

_IQdivTable     0x00000000007e3224        0x0
                0x00000000007e3224                IQdivTable = .

_IQisqrtRoundSatTable
                0x00000000007e3628        0x0
                0x00000000007e3628                IQisqrtRoundSatTable = .

_IQisqrtTable   0x00000000007e3648        0x0
                0x00000000007e3648                IQisqrtTable = .

_IQatan2HalfPITable
                0x00000000007e384c        0x0
                0x00000000007e384c                IQatan2HalfPITable = .

_IQatan2Table   0x00000000007e38c8        0x0
                0x00000000007e38c8                IQatan2Table = .

_IQexpTableMinMax
                0x00000000007e3ea4        0x0
                0x00000000007e3ea4                IQexpTableMinMax = .

_IQexpTableCoeff
                0x00000000007e3f94        0x0
                0x00000000007e3f94                IQexpTableCoeff = .

_IQasinTable    0x00000000007e3fbc        0x0
                0x00000000007e3fbc                IQasinTable = .
                0x0000000000000800                . = 0x800

.M1             0x0000000000000800        0x0
                0x0000000000001000                __global_sp$ = (. + 0x800)
                0x0000000000010000                . = 0x10000

.sdata          0x0000000000010000     0x259e load address 0x000000000060a2f0
                0x0000000000010000                __data_start = .
                0x0000000000010800                __global_pointer$ = (. + 0x800)
 *(.data)
 .data          0x0000000000010000      0xe68 ./src_control/motor_drive.o
                0x0000000000010000                motorSetVars
                0x0000000000010158                userParams
                0x0000000000010578                halMtr
                0x00000000000105f8                drvicVars
                0x0000000000010640                clarke_V
                0x0000000000010658                clarke_I
                0x0000000000010670                ipark_V
                0x0000000000010680                park_I
                0x0000000000010690                park_V
                0x00000000000106a0                pi_Id
                0x00000000000106e0                pi_Iq
                0x0000000000010720                pi_spd
                0x0000000000010760                svgen
                0x0000000000010778                traj_spd
                0x00000000000107a0                hallBldc_M1
                0x0000000000010830                pi_Iq_bldc_M1
                0x0000000000010850                hallBldc_M2
                0x00000000000108e0                pi_Iq_bldc_M2
                0x0000000000010900                motorVars
                0x0000000000010e60                motorHandle
 *(.data.*)
 *(.srodata.cst16)
 *(.srodata.cst8)
 *(.srodata.cst4)
 *(.srodata.cst2)
 *(.srodata*)
 *(.sdata .sdata.* .gnu.linkonce.s.*)
 .sdata         0x0000000000010e68       0x1c ./src_control/hall_bldc.o
                0x0000000000010e70                test_spd
                0x0000000000010e74                test_spdKp
                0x0000000000010e78                test_spdKi
                0x0000000000010e7c                test_IqKp
                0x0000000000010e80                test_IqKi
 .sdata         0x0000000000010e84       0x1c ./src_control/motor_common.o
 .sdata         0x0000000000010ea0       0x78 ./src_control/motor_drive.o
 .sdata         0x0000000000010f18        0xc ./src_board/hal.o
 .sdata         0x0000000000010f24       0x10 ./src_board/user_mtr1.o
 .sdata         0x0000000000010f34       0x10 ./src_board/user_mtr2.o
 .sdata         0x0000000000010f44       0x15 ./src/main.o
                0x0000000000010f54                test_div
                0x0000000000010f58                flag_closeDoor
 *fill*         0x0000000000010f59        0x3 
 .sdata         0x0000000000010f5c       0x14 ./haawking-drivers/haawking-dsc280025_edc-board/sysctl.o
 *(LS4567)
 *(ramfuncs)
 ramfuncs       0x0000000000010f70     0x1328 ./src_control/motor_drive.o
                0x0000000000010f70                motorCtrlISR
 ramfuncs       0x0000000000012298       0x26 ./haawking-drivers/haawking-dsc280025_edc-board/SysCtl_delay.o
                0x0000000000012298                SysCtl_delay
 *fill*         0x00000000000122be        0x2 
 ramfuncs       0x00000000000122c0      0x2de ./haawking-drivers/haawking-dsc280025_edc-board/flash.o
                0x00000000000122c0                Flash_initModule
                0x000000000001253a                Flash_powerDown
                0x000000000001256c                Flash_wakeFromLPM
                0x00000000000125a0                __data_end = ALIGN (0x8)

.sbss           0x0000000000012600       0x1c load address 0x000000000060c8f0
                0x0000000000012600                __bss_start = .
 *(.sbss .sbss.* .gnu.linkonce.sb.*)
 .sbss          0x0000000000012600        0xc ./src_control/hall_bldc.o
                0x0000000000012600                test_IsRef_A
                0x0000000000012604                test_IdKp
                0x0000000000012608                test_IdKi
 .sbss          0x000000000001260c        0x4 ./src_control/motor_common.o
                0x000000000001260c                halHandle
 .sbss          0x0000000000012610        0xc ./src/main.o
                0x0000000000012610                delta_angle
                0x0000000000012614                flag_openDoor
                0x0000000000012618                cpuTimeHandle
 *(.scommon)

.bss            0x0000000000012620      0xadc load address 0x000000000060c910
 *(.bss)
 *(.bss.*)
 .bss.hal       0x0000000000012620       0x50 ./src_control/motor_common.o
                0x0000000000012620                hal
 .bss.cpuTime   0x0000000000012670       0x24 ./src/main.o
                0x0000000000012670                cpuTime
 .bss.systemVars
                0x0000000000012694       0x18 ./src/main.o
                0x0000000000012694                systemVars
 .bss.est_motor_1
                0x00000000000126ac      0x528 ../lib\libHXFASTLib_HX280025_libV2.0.a(estlib.o)
                0x00000000000126ac                est_motor_1
 .bss.est_motor_2
                0x0000000000012bd4      0x528 ../lib\libHXFASTLib_HX280025_libV2.0.a(estlib.o)
                0x0000000000012bd4                est_motor_2
 *(COMMON)
                0x0000000000013100                __bss_end = ALIGN (0x8)
                0x0000000000018000                . = 0x18000

.ramgs0         0x0000000000018000        0x0 load address 0x000000000060c890
                0x0000000000018000                __gs_data_start = .
 *(ramgs0)
                0x0000000000018000                __gs_data_end = ALIGN (0x8)
                0x0000000000100c10                . = 0x100c10

.IER_REGISTER   0x0000000000100c10        0x4
 *(.ier_register)
 .ier_register  0x0000000000100c10        0x4 ./haawking-drivers/haawking-dsc280025_edc-board/interrupt.o
                0x0000000000100c10                IER
                0x0000000000100d10                . = 0x100d10

.IFR_REGISTER   0x0000000000100d10        0x4
 *(.ifr_register)
 .ifr_register  0x0000000000100d10        0x4 ./haawking-drivers/haawking-dsc280025_edc-board/interrupt.o
                0x0000000000100d10                IFR
                0x0000000000600000                . = 0x600000

.codestart      0x0000000000600000        0x4
 *(codestart)
 codestart      0x0000000000600000        0x4 ./haawking-drivers/haawking-dsc280025_edc-board/common/crt.o
                0x0000000000600000                _start
                0x0000000000600000                haawking_start@VERS_DSC280025_EDC_V1.0.0
                0x0000000000600010                . = 0x600010

.text.init      0x0000000000600010      0x1c2
 *(.text.init)
 .text.init     0x0000000000600010      0x1c2 ./haawking-drivers/haawking-dsc280025_edc-board/common/crt.o
                0x0000000000600010                _ENTRY

.text           0x00000000006001e0     0xa108
 *(.text)
 .text          0x00000000006001e0        0x6 ./haawking-drivers/haawking-dsc280025_edc-board/__disable_interrputs.o
                0x00000000006001e0                __disable_interrupts
 *fill*         0x00000000006001e6        0x2 
 .text          0x00000000006001e8        0x6 ./haawking-drivers/haawking-dsc280025_edc-board/__enable_interrupts.o
                0x00000000006001e8                __enable_interrupts
 *(.IQmath.*)
 *(.text*)
 .text.HALLBLDC_Init
                0x00000000006001ee       0xd8 ./src_control/hall_bldc.o
                0x00000000006001ee                HALLBLDC_Init
 .text.HALLBLDC_Ctrl_PwmSet
                0x00000000006002c6      0x12a ./src_control/hall_bldc.o
                0x00000000006002c6                HALLBLDC_Ctrl_PwmSet
 .text.PWM_clearOneShotTrip
                0x00000000006003f0       0x10 ./src_control/hall_bldc.o
 .text.PWM_setOneShotTrip
                0x0000000000600400       0x12 ./src_control/hall_bldc.o
 .text.HALLBLDC_Ctrl_Run
                0x0000000000600412      0x3ac ./src_control/hall_bldc.o
                0x0000000000600412                HALLBLDC_Ctrl_Run
 .text.EPWM_setADCTriggerSource
                0x00000000006007be      0x134 ./src_control/hall_bldc.o
 .text.HAL_enablePWM
                0x00000000006008f2       0x56 ./src_control/hall_bldc.o
 .text.HALLBLDC_State_Check
                0x0000000000600948      0x1a6 ./src_control/hall_bldc.o
                0x0000000000600948                HALLBLDC_State_Check
 .text.GPIO_readPin
                0x0000000000600aee       0x3c ./src_control/hall_bldc.o
 .text.HAL_readTimerCnt
                0x0000000000600b2a       0x1a ./src_control/hall_bldc.o
 .text.EPWM_clearTripZoneFlag
                0x0000000000600b44       0x56 ./src_control/hall_bldc.o
 .text.EPWM_isBaseValid
                0x0000000000600b9a       0x5c ./src_control/hall_bldc.o
 .text.EPWM_forceTripZoneEvent
                0x0000000000600bf6       0x56 ./src_control/hall_bldc.o
 .text.CMPSS_clearFilterLatchHigh
                0x0000000000600c4c       0x32 ./src_control/hall_bldc.o
 .text.CMPSS_clearFilterLatchLow
                0x0000000000600c7e       0x32 ./src_control/hall_bldc.o
 .text.CMPSS_isBaseValid
                0x0000000000600cb0       0x38 ./src_control/hall_bldc.o
 .text.GPIO_isPinValid
                0x0000000000600ce8       0x2a ./src_control/hall_bldc.o
 .text.CPUTimer_getTimerCount
                0x0000000000600d12       0x24 ./src_control/hall_bldc.o
 .text.CPUTimer_isBaseValid
                0x0000000000600d36       0x28 ./src_control/hall_bldc.o
 .text.setupClarke_V
                0x0000000000600d5e       0x40 ./src_control/motor_common.o
                0x0000000000600d5e                setupClarke_V
 .text.CLARKE_setScaleFactors
                0x0000000000600d9e       0x18 ./src_control/motor_common.o
 .text.CLARKE_setNumSensors
                0x0000000000600db6       0x12 ./src_control/motor_common.o
 .text.setupClarke_I
                0x0000000000600dc8       0x50 ./src_control/motor_common.o
                0x0000000000600dc8                setupClarke_I
 .text.resetMotorControl
                0x0000000000600e18      0x122 ./src_control/motor_common.o
                0x0000000000600e18                resetMotorControl
 .text.TRAJ_setTargetValue
                0x0000000000600f3a        0xe ./src_control/motor_common.o
 .text.HAL_disablePWM
                0x0000000000600f48       0x30 ./src_control/motor_common.o
 .text.SVGEN_setMode
                0x0000000000600f78        0xe ./src_control/motor_common.o
 .text.setupControllers
                0x0000000000600f86      0x28a ./src_control/motor_common.o
                0x0000000000600f86                setupControllers
 .text.getControllers
                0x0000000000601210       0x84 ./src_control/motor_common.o
 .text.CPU_TIME_reset
                0x0000000000601294       0x60 ./src_control/motor_common.o
                0x0000000000601294                CPU_TIME_reset
 .text.runMotorMonitor
                0x00000000006012f4      0x3c2 ./src_control/motor_common.o
                0x00000000006012f4                runMotorMonitor
 .text.calculateRMSData
                0x00000000006016b6      0x21c ./src_control/motor_common.o
                0x00000000006016b6                calculateRMSData
 .text.restartMotorControl
                0x00000000006018d2       0x6c ./src_control/motor_common.o
                0x00000000006018d2                restartMotorControl
 .text.stopMotorControl
                0x000000000060193e       0x38 ./src_control/motor_common.o
                0x000000000060193e                stopMotorControl
 .text.runRsOnLine
                0x0000000000601976       0xd2 ./src_control/motor_common.o
                0x0000000000601976                runRsOnLine
 .text.updateGlobalVariables
                0x0000000000601a48      0x124 ./src_control/motor_common.o
                0x0000000000601a48                updateGlobalVariables
 .text.collectRMSData
                0x0000000000601b6c      0x114 ./src_control/motor_common.o
                0x0000000000601b6c                collectRMSData
 .text.EPWM_forceTripZoneEvent
                0x0000000000601c80       0x56 ./src_control/motor_common.o
 .text.EPWM_isBaseValid
                0x0000000000601cd6       0x5c ./src_control/motor_common.o
 .text.initMotorHandles
                0x0000000000601d32       0x98 ./src_control/motor_drive.o
                0x0000000000601d32                initMotorHandles
 .text.initMotorCtrlParameters
                0x0000000000601dca      0xb24 ./src_control/motor_drive.o
                0x0000000000601dca                initMotorCtrlParameters
 .text.SVGEN_setMode
                0x00000000006028ee        0xe ./src_control/motor_drive.o
 .text.TRAJ_setTargetValue
                0x00000000006028fc        0xe ./src_control/motor_drive.o
 .text.TRAJ_setMinValue
                0x000000000060290a        0xe ./src_control/motor_drive.o
 .text.TRAJ_setMaxValue
                0x0000000000602918        0xe ./src_control/motor_drive.o
 .text.TRAJ_setMaxDelta
                0x0000000000602926        0xe ./src_control/motor_drive.o
 .text.HAL_disablePWM
                0x0000000000602934       0x30 ./src_control/motor_drive.o
 .text.runMotorOffsetsCalculation
                0x0000000000602964      0x75c ./src_control/motor_drive.o
                0x0000000000602964                runMotorOffsetsCalculation
 .text.calcMotorOverCurrentThreshold
                0x00000000006030c0       0x54 ./src_control/motor_drive.o
 .text.ADC_setPPBReferenceOffset
                0x0000000000603114       0x3c ./src_control/motor_drive.o
 .text.HAL_enablePWM
                0x0000000000603150       0x68 ./src_control/motor_drive.o
 .text.ADC_clearInterruptStatus
                0x00000000006031b8       0x2e ./src_control/motor_drive.o
 .text.ADC_getInterruptStatus
                0x00000000006031e6       0x2e ./src_control/motor_drive.o
 .text.runMotorControl
                0x0000000000603214      0x4ba ./src_control/motor_drive.o
                0x0000000000603214                runMotorControl
 .text.HAL_getMtrTripFaults
                0x00000000006036ce       0x32 ./src_control/motor_drive.o
 .text.HAL_clearMtrFaultStatus
                0x0000000000603700       0x4e ./src_control/motor_drive.o
 .text.updateControllers
                0x000000000060374e       0x90 ./src_control/motor_drive.o
 .text.EPWM_forceTripZoneEvent
                0x00000000006037de       0x56 ./src_control/motor_drive.o
 .text.EPWM_isBaseValid
                0x0000000000603834       0x5c ./src_control/motor_drive.o
 .text.ADC_isBaseValid
                0x0000000000603890       0x22 ./src_control/motor_drive.o
 .text.EPWM_getTimeBasePeriod
                0x00000000006038b2       0x28 ./src_control/motor_drive.o
 .text.EPWM_setCounterCompareValue
                0x00000000006038da       0x64 ./src_control/motor_drive.o
 .text.CMPSS_clearFilterLatchHigh
                0x000000000060393e       0x32 ./src_control/motor_drive.o
 .text.CMPSS_clearFilterLatchLow
                0x0000000000603970       0x32 ./src_control/motor_drive.o
 .text.EPWM_clearTripZoneFlag
                0x00000000006039a2       0x56 ./src_control/motor_drive.o
 .text.CMPSS_isBaseValid
                0x00000000006039f8       0x38 ./src_control/motor_drive.o
 .text.ADC_readResult
                0x0000000000603a30       0x3c ./src_control/motor_drive.o
 .text.EPWM_getTripZoneFlagStatus
                0x0000000000603a6c       0x2e ./src_control/motor_drive.o
 .text.Interrupt_clearACKGroup
                0x0000000000603a9a        0xe ./src_control/motor_drive.o
 .text.TRAJ_getTargetValue
                0x0000000000603aa8        0xc ./src_control/motor_drive.o
 .text.TRAJ_getMaxDelta
                0x0000000000603ab4        0xc ./src_control/motor_drive.o
 .text.TRAJ_getMinValue
                0x0000000000603ac0        0xc ./src_control/motor_drive.o
 .text.TRAJ_getMaxValue
                0x0000000000603acc        0xc ./src_control/motor_drive.o
 .text.SVGEN_setOneOverDcBus_invV
                0x0000000000603ad8        0xe ./src_control/motor_drive.o
 .text.SVGEN_getOneOverDcBus_invV
                0x0000000000603ae6        0xc ./src_control/motor_drive.o
 .text.SVGEN_getMode
                0x0000000000603af2        0xc ./src_control/motor_drive.o
 .text.DRV8323_init
                0x0000000000603afe       0x16 ./src_board/drv8323s.o
                0x0000000000603afe                DRV8323_init
 .text.DRV8323_resetRxTimeout
                0x0000000000603b14        0xe ./src_board/drv8323s.o
 .text.DRV8323_resetEnableTimeout
                0x0000000000603b22        0xe ./src_board/drv8323s.o
 .text.DRV8323_enable
                0x0000000000603b30       0xb6 ./src_board/drv8323s.o
                0x0000000000603b30                DRV8323_enable
 .text.GPIO_writePin
                0x0000000000603be6       0x50 ./src_board/drv8323s.o
 .text.DRV8323_readSPI
                0x0000000000603c36       0xf2 ./src_board/drv8323s.o
                0x0000000000603c36                DRV8323_readSPI
 .text.DRV8323_setSPIHandle
                0x0000000000603d28        0xe ./src_board/drv8323s.o
                0x0000000000603d28                DRV8323_setSPIHandle
 .text.DRV8323_setGPIOCSNumber
                0x0000000000603d36        0xe ./src_board/drv8323s.o
                0x0000000000603d36                DRV8323_setGPIOCSNumber
 .text.DRV8323_setGPIOENNumber
                0x0000000000603d44        0xe ./src_board/drv8323s.o
                0x0000000000603d44                DRV8323_setGPIOENNumber
 .text.DRV8323_setupSPI
                0x0000000000603d52       0xd6 ./src_board/drv8323s.o
                0x0000000000603d52                DRV8323_setupSPI
 .text.DRV8323_buildCtrlWord
                0x0000000000603e28       0x1c ./src_board/drv8323s.o
 .text.SPI_resetRxFIFO
                0x0000000000603e44       0x36 ./src_board/drv8323s.o
 .text.SPI_enableFIFO
                0x0000000000603e7a       0x34 ./src_board/drv8323s.o
 .text.SPI_writeDataBlockingNonFIFO
                0x0000000000603eae       0x36 ./src_board/drv8323s.o
 .text.SPI_getRxFIFOStatus
                0x0000000000603ee4       0x2e ./src_board/drv8323s.o
 .text.SPI_readDataNonBlocking
                0x0000000000603f12       0x2a ./src_board/drv8323s.o
 .text.DRV8323_writeSPI
                0x0000000000603f3c       0xa0 ./src_board/drv8323s.o
                0x0000000000603f3c                DRV8323_writeSPI
 .text.DRV8323_writeData
                0x0000000000603fdc       0xc4 ./src_board/drv8323s.o
                0x0000000000603fdc                DRV8323_writeData
 .text.GPIO_isPinValid
                0x00000000006040a0       0x2a ./src_board/drv8323s.o
 .text.SPI_isBaseValid
                0x00000000006040ca       0x1e ./src_board/drv8323s.o
 .text.Interrupt_disableGlobal
                0x00000000006040e8       0x14 ./src_board/hal.o
 .text.SysCtl_disableWatchdog
                0x00000000006040fc       0x1e ./src_board/hal.o
 .text.HAL_enableCtrlInts
                0x000000000060411a       0x2a ./src_board/hal.o
                0x000000000060411a                HAL_enableCtrlInts
 .text.Interrupt_clearACKGroup
                0x0000000000604144        0xe ./src_board/hal.o
 .text.ADC_enableInterrupt
                0x0000000000604152       0x54 ./src_board/hal.o
 .text.Interrupt_enableInCPU
                0x00000000006041a6       0x16 ./src_board/hal.o
 .text.HAL_enableDebugInt
                0x00000000006041bc        0x8 ./src_board/hal.o
                0x00000000006041bc                HAL_enableDebugInt
 .text.HAL_enableGlobalInts
                0x00000000006041c4        0xe ./src_board/hal.o
                0x00000000006041c4                HAL_enableGlobalInts
 .text.Interrupt_enableGlobal
                0x00000000006041d2       0x14 ./src_board/hal.o
 .text.HAL_init
                0x00000000006041e6       0x92 ./src_board/hal.o
                0x00000000006041e6                HAL_init
 .text.HAL_MTR1_init
                0x0000000000604278       0x78 ./src_board/hal.o
                0x0000000000604278                HAL_MTR1_init
 .text.HAL_MTR2_init
                0x00000000006042f0       0x7e ./src_board/hal.o
                0x00000000006042f0                HAL_MTR2_init
 .text.HAL_setParams
                0x000000000060436e       0x38 ./src_board/hal.o
                0x000000000060436e                HAL_setParams
 .text.HAL_setupGPIOs
                0x00000000006043a6      0x3f4 ./src_board/hal.o
                0x00000000006043a6                HAL_setupGPIOs
 .text.HAL_setupADCs
                0x000000000060479a      0x246 ./src_board/hal.o
                0x000000000060479a                HAL_setupADCs
 .text.HAL_setupTimeBaseTimer
                0x00000000006049e0       0x98 ./src_board/hal.o
                0x00000000006049e0                HAL_setupTimeBaseTimer
 .text.HAL_setupCPUUsageTimer
                0x0000000000604a78       0x36 ./src_board/hal.o
                0x0000000000604a78                HAL_setupCPUUsageTimer
 .text.HAL_setupSCIA
                0x0000000000604aae       0x66 ./src_board/hal.o
                0x0000000000604aae                HAL_setupSCIA
 .text.HAL_setupI2CA
                0x0000000000604b14       0xa8 ./src_board/hal.o
                0x0000000000604b14                HAL_setupI2CA
 .text.HAL_setupDMA
                0x0000000000604bbc       0x14 ./src_board/hal.o
                0x0000000000604bbc                HAL_setupDMA
 .text.HAL_MTR_setParams
                0x0000000000604bd0       0x36 ./src_board/hal.o
                0x0000000000604bd0                HAL_MTR_setParams
 .text.HAL_setNumCurrentSensors
                0x0000000000604c06       0x12 ./src_board/hal.o
 .text.HAL_setNumVoltageSensors
                0x0000000000604c18       0x12 ./src_board/hal.o
 .text.HAL_setupPWMs
                0x0000000000604c2a      0x372 ./src_board/hal.o
                0x0000000000604c2a                HAL_setupPWMs
 .text.HAL_setupCMPSSs
                0x0000000000604f9c      0x1b4 ./src_board/hal.o
                0x0000000000604f9c                HAL_setupCMPSSs
 .text.HAL_setupSPI
                0x0000000000605150       0x60 ./src_board/hal.o
                0x0000000000605150                HAL_setupSPI
 .text.HAL_setupGate
                0x00000000006051b0       0x4e ./src_board/hal.o
                0x00000000006051b0                HAL_setupGate
 .text.ASysCtl_disableTemperatureSensor
                0x00000000006051fe       0x18 ./src_board/hal.o
 .text.ADC_setPrescaler
                0x0000000000605216       0x3a ./src_board/hal.o
 .text.ADC_setInterruptPulseMode
                0x0000000000605250       0x3a ./src_board/hal.o
 .text.ADC_setSOCPriority
                0x000000000060528a       0x3a ./src_board/hal.o
 .text.ADC_enableConverter
                0x00000000006052c4       0x34 ./src_board/hal.o
 .text.ADC_setInterruptSource
                0x00000000006052f8       0x62 ./src_board/hal.o
 .text.ADC_setupSOC
                0x000000000060535a       0x74 ./src_board/hal.o
 .text.ASysCtl_selectCMPHPMux
                0x00000000006053ce       0x4a ./src_board/hal.o
 .text.ASysCtl_selectCMPLPMux
                0x0000000000605418       0x4a ./src_board/hal.o
 .text.CMPSS_enableModule
                0x0000000000605462       0x3e ./src_board/hal.o
 .text.CMPSS_configHighComparator
                0x00000000006054a0       0x3c ./src_board/hal.o
 .text.CMPSS_configLowComparator
                0x00000000006054dc       0x44 ./src_board/hal.o
 .text.CMPSS_configOutputsHigh
                0x0000000000605520       0x3c ./src_board/hal.o
 .text.CMPSS_configOutputsLow
                0x000000000060555c       0x44 ./src_board/hal.o
 .text.CMPSS_initFilterHigh
                0x00000000006055a0       0x34 ./src_board/hal.o
 .text.CMPSS_initFilterLow
                0x00000000006055d4       0x34 ./src_board/hal.o
 .text.CMPSS_setHysteresis
                0x0000000000605608       0x56 ./src_board/hal.o
 .text.CMPSS_configDAC
                0x000000000060565e       0x3c ./src_board/hal.o
 .text.CMPSS_setDACValueHigh
                0x000000000060569a       0x40 ./src_board/hal.o
 .text.CMPSS_setDACValueLow
                0x00000000006056da       0x40 ./src_board/hal.o
 .text.CMPSS_clearFilterLatchHigh
                0x000000000060571a       0x34 ./src_board/hal.o
 .text.CMPSS_clearFilterLatchLow
                0x000000000060574e       0x34 ./src_board/hal.o
 .text.HAL_enableDRV
                0x0000000000605782       0x14 ./src_board/hal.o
                0x0000000000605782                HAL_enableDRV
 .text.HAL_writeDRVData
                0x0000000000605796       0x16 ./src_board/hal.o
                0x0000000000605796                HAL_writeDRVData
 .text.HAL_setupDRVSPI
                0x00000000006057ac       0x16 ./src_board/hal.o
                0x00000000006057ac                HAL_setupDRVSPI
 .text.SPI_disableModule
                0x00000000006057c2       0x2c ./src_board/hal.o
 .text.SPI_disableLoopback
                0x00000000006057ee       0x2a ./src_board/hal.o
 .text.SPI_setEmulationMode
                0x0000000000605818       0x36 ./src_board/hal.o
 .text.SPI_enableFIFO
                0x000000000060584e       0x36 ./src_board/hal.o
 .text.SPI_setTxFifoTransmitDelay
                0x0000000000605884       0x4a ./src_board/hal.o
 .text.SPI_enableModule
                0x00000000006058ce       0x2c ./src_board/hal.o
 .text.HAL_setupMtrFaults
                0x00000000006058fa      0x3d4 ./src_board/hal.o
                0x00000000006058fa                HAL_setupMtrFaults
 .text.XBAR_disableEPWMMux
                0x0000000000605cce       0x2a ./src_board/hal.o
 .text.XBAR_enableEPWMMux
                0x0000000000605cf8       0x26 ./src_board/hal.o
 .text.XBAR_setInputPin
                0x0000000000605d1e       0x76 ./src_board/hal.o
 .text.XBAR_lockInput
                0x0000000000605d94       0x38 ./src_board/hal.o
 .text.EPWM_enableTripZoneSignals
                0x0000000000605dcc       0x3c ./src_board/hal.o
 .text.EPWM_enableDigitalCompareTripCombinationInput
                0x0000000000605e08       0x68 ./src_board/hal.o
 .text.EPWM_setTripZoneDigitalCompareEventCondition
                0x0000000000605e70       0x52 ./src_board/hal.o
 .text.EPWM_setDigitalCompareEventSource
                0x0000000000605ec2       0x6c ./src_board/hal.o
 .text.EPWM_setDigitalCompareEventSyncMode
                0x0000000000605f2e       0x6e ./src_board/hal.o
 .text.EPWM_setTripZoneAction
                0x0000000000605f9c       0x52 ./src_board/hal.o
 .text.EPWM_clearTripZoneFlag
                0x0000000000605fee       0x58 ./src_board/hal.o
 .text.GPIO_writePin
                0x0000000000606046       0x52 ./src_board/hal.o
 .text.SysCtl_enablePeripheral
                0x0000000000606098       0x3e ./src_board/hal.o
 .text.SysCtl_disablePeripheral
                0x00000000006060d6       0x42 ./src_board/hal.o
 .text.EPWM_forceTripZoneEvent
                0x0000000000606118       0x58 ./src_board/hal.o
 .text.EPWM_setTimeBaseCounterMode
                0x0000000000606170       0x32 ./src_board/hal.o
 .text.EPWM_disablePhaseShiftLoad
                0x00000000006061a2       0x2a ./src_board/hal.o
 .text.EPWM_setPeriodLoadMode
                0x00000000006061cc       0x3a ./src_board/hal.o
 .text.EPWM_enableSyncOutPulseSource
                0x0000000000606206       0x4a ./src_board/hal.o
 .text.EPWM_setClockPrescaler
                0x0000000000606250       0x44 ./src_board/hal.o
 .text.EPWM_setCountModeAfterSync
                0x0000000000606294       0x42 ./src_board/hal.o
 .text.EPWM_setPhaseShift
                0x00000000006062d6       0x40 ./src_board/hal.o
 .text.EPWM_setTimeBaseCounter
                0x0000000000606316       0x2a ./src_board/hal.o
 .text.EPWM_setTimeBasePeriod
                0x0000000000606340       0x2e ./src_board/hal.o
 .text.EPWM_setCounterCompareShadowLoadMode
                0x000000000060636e       0x94 ./src_board/hal.o
 .text.EPWM_setActionQualifierAction
                0x0000000000606402       0x84 ./src_board/hal.o
 .text.EPWM_setDeadBandDelayMode
                0x0000000000606486       0x58 ./src_board/hal.o
 .text.EPWM_setRisingEdgeDeadBandDelayInput
                0x00000000006064de       0x54 ./src_board/hal.o
 .text.EPWM_setDeadBandDelayPolarity
                0x0000000000606532       0x50 ./src_board/hal.o
 .text.EPWM_setRisingEdgeDelayCount
                0x0000000000606582       0x46 ./src_board/hal.o
 .text.EPWM_setFallingEdgeDelayCount
                0x00000000006065c8       0x46 ./src_board/hal.o
 .text.EPWM_disableChopper
                0x000000000060660e       0x2c ./src_board/hal.o
 .text.EPWM_disableTripZoneSignals
                0x000000000060663a       0x3e ./src_board/hal.o
 .text.EPWM_setInterruptSource
                0x0000000000606678       0xd8 ./src_board/hal.o
 .text.EPWM_enableInterrupt
                0x0000000000606750       0x32 ./src_board/hal.o
 .text.EPWM_setADCTriggerSource
                0x0000000000606782      0x136 ./src_board/hal.o
 .text.EPWM_enableADCTrigger
                0x00000000006068b8       0x46 ./src_board/hal.o
 .text.EPWM_setInterruptEventCount
                0x00000000006068fe       0x60 ./src_board/hal.o
 .text.EPWM_setADCTriggerEventPrescale
                0x000000000060695e       0x82 ./src_board/hal.o
 .text.EPWM_clearEventTriggerInterruptFlag
                0x00000000006069e0       0x30 ./src_board/hal.o
 .text.EPWM_clearADCTriggerFlag
                0x0000000000606a10       0x3a ./src_board/hal.o
 .text.EPWM_setCounterCompareValue
                0x0000000000606a4a       0x64 ./src_board/hal.o
 .text.SCI_performSoftwareReset
                0x0000000000606aae       0x34 ./src_board/hal.o
 .text.SCI_resetChannels
                0x0000000000606ae2       0x36 ./src_board/hal.o
 .text.SCI_resetRxFIFO
                0x0000000000606b18       0x36 ./src_board/hal.o
 .text.SCI_resetTxFIFO
                0x0000000000606b4e       0x36 ./src_board/hal.o
 .text.SCI_enableFIFO
                0x0000000000606b84       0x3e ./src_board/hal.o
 .text.SCI_enableModule
                0x0000000000606bc2       0x2a ./src_board/hal.o
 .text.I2C_disableModule
                0x0000000000606bec       0x2a ./src_board/hal.o
 .text.I2C_setConfig
                0x0000000000606c16       0x32 ./src_board/hal.o
 .text.I2C_setTargetAddress
                0x0000000000606c48       0x42 ./src_board/hal.o
 .text.I2C_disableLoopback
                0x0000000000606c8a       0x2a ./src_board/hal.o
 .text.I2C_setBitCount
                0x0000000000606cb4       0x30 ./src_board/hal.o
 .text.I2C_setDataCount
                0x0000000000606ce4       0x28 ./src_board/hal.o
 .text.I2C_setAddressMode
                0x0000000000606d0c       0x32 ./src_board/hal.o
 .text.I2C_enableFIFO
                0x0000000000606d3e       0x34 ./src_board/hal.o
 .text.I2C_setFIFOInterruptLevel
                0x0000000000606d72       0x40 ./src_board/hal.o
 .text.I2C_setEmulationMode
                0x0000000000606db2       0x34 ./src_board/hal.o
 .text.I2C_enableModule
                0x0000000000606de6       0x2a ./src_board/hal.o
 .text.CPUTimer_setPreScaler
                0x0000000000606e10       0x28 ./src_board/hal.o
 .text.CPUTimer_setPeriod
                0x0000000000606e38       0x28 ./src_board/hal.o
 .text.CPUTimer_startTimer
                0x0000000000606e60       0x3e ./src_board/hal.o
 .text.DMA_initController
                0x0000000000606e9e       0x1a ./src_board/hal.o
 .text.DMA_setEmulationMode
                0x0000000000606eb8       0x2e ./src_board/hal.o
 .text.HAL_setMtrCMPSSDACValue
                0x0000000000606ee6       0x58 ./src_board/hal.o
                0x0000000000606ee6                HAL_setMtrCMPSSDACValue
 .text.HAL_setTriggerPrams
                0x0000000000606f3e       0x48 ./src_board/hal.o
                0x0000000000606f3e                HAL_setTriggerPrams
 .text.ADC_isBaseValid
                0x0000000000606f86       0x22 ./src_board/hal.o
 .text.CMPSS_isBaseValid
                0x0000000000606fa8       0x38 ./src_board/hal.o
 .text.SPI_isBaseValid
                0x0000000000606fe0       0x1e ./src_board/hal.o
 .text.XBAR_isBaseValid
                0x0000000000606ffe       0x3c ./src_board/hal.o
 .text.EPWM_isBaseValid
                0x000000000060703a       0x5c ./src_board/hal.o
 .text.GPIO_isPinValid
                0x0000000000607096       0x2a ./src_board/hal.o
 .text.SCI_isBaseValid
                0x00000000006070c0       0x18 ./src_board/hal.o
 .text.I2C_isBaseValid
                0x00000000006070d8       0x24 ./src_board/hal.o
 .text.CPUTimer_isBaseValid
                0x00000000006070fc       0x28 ./src_board/hal.o
 .text.USER_setMotor1Params
                0x0000000000607124      0x46e ./src_board/user_mtr1.o
                0x0000000000607124                USER_setMotor1Params
 .text.USER_setMotor2Params
                0x0000000000607592      0x46e ./src_board/user_mtr2.o
                0x0000000000607592                USER_setMotor2Params
 .text.main     0x0000000000607a00      0x320 ./src/main.o
                0x0000000000607a00                main
 .text.HAL_initIntVectorTable
                0x0000000000607d20       0x18 ./src/main.o
 .text.HAL_getCPUTimerStatus
                0x0000000000607d38       0x1a ./src/main.o
 .text.HAL_clearCPUTimerFlag
                0x0000000000607d52       0x1a ./src/main.o
 .text.calcMotorOverCurrentThreshold
                0x0000000000607d6c       0x54 ./src/main.o
 .text.HAL_disablePWM
                0x0000000000607dc0       0x2a ./src/main.o
 .text.Interrupt_register
                0x0000000000607dea       0x3c ./src/main.o
 .text.CPUTimer_getTimerOverflowStatus
                0x0000000000607e26       0x28 ./src/main.o
 .text.CPUTimer_isBaseValid
                0x0000000000607e4e       0x28 ./src/main.o
 .text.CPUTimer_clearOverflowFlag
                0x0000000000607e76       0x2c ./src/main.o
 .text.GPIO_togglePin
                0x0000000000607ea2       0x40 ./src/main.o
 .text.GPIO_isPinValid
                0x0000000000607ee2       0x2a ./src/main.o
 .text.EPWM_forceTripZoneEvent
                0x0000000000607f0c       0x56 ./src/main.o
 .text.EPWM_isBaseValid
                0x0000000000607f62       0x5c ./src/main.o
 .text.handle_trap
                0x0000000000607fbe        0xe ./haawking-drivers/haawking-dsc280025_edc-board/common/syscalls.o
                0x0000000000607fbe                handle_trap
 .text._clean_bss
                0x0000000000607fcc       0x2c ./haawking-drivers/haawking-dsc280025_edc-board/common/syscalls.o
                0x0000000000607fcc                _clean_bss
 .text._init_data_LS4567
                0x0000000000607ff8       0x44 ./haawking-drivers/haawking-dsc280025_edc-board/common/syscalls.o
                0x0000000000607ff8                _init_data_LS4567
 .text._init_data_gs0
                0x000000000060803c       0x44 ./haawking-drivers/haawking-dsc280025_edc-board/common/syscalls.o
                0x000000000060803c                _init_data_gs0
 .text._init    0x0000000000608080       0x1a ./haawking-drivers/haawking-dsc280025_edc-board/common/syscalls.o
                0x0000000000608080                _init
 .text.SysCtl_disableWatchdog
                0x000000000060809a       0x1e ./haawking-drivers/haawking-dsc280025_edc-board/common/syscalls.o
 .text.SysCtl_enableWatchdog
                0x00000000006080b8       0x22 ./haawking-drivers/haawking-dsc280025_edc-board/common/syscalls.o
 .text.CMPSS_configFilterHigh
                0x00000000006080da       0xac ./haawking-drivers/haawking-dsc280025_edc-board/cmpss.o
                0x00000000006080da                CMPSS_configFilterHigh
 .text.CMPSS_isBaseValid
                0x0000000000608186       0x38 ./haawking-drivers/haawking-dsc280025_edc-board/cmpss.o
 .text.CMPSS_configFilterLow
                0x00000000006081be       0xb0 ./haawking-drivers/haawking-dsc280025_edc-board/cmpss.o
                0x00000000006081be                CMPSS_configFilterLow
 .text.CPUTimer_setEmulationMode
                0x000000000060826e       0x34 ./haawking-drivers/haawking-dsc280025_edc-board/cputimer.o
                0x000000000060826e                CPUTimer_setEmulationMode
 .text.CPUTimer_isBaseValid
                0x00000000006082a2       0x28 ./haawking-drivers/haawking-dsc280025_edc-board/cputimer.o
 .text.EPWM_setEmulationMode
                0x00000000006082ca       0x36 ./haawking-drivers/haawking-dsc280025_edc-board/epwm.o
                0x00000000006082ca                EPWM_setEmulationMode
 .text.EPWM_isBaseValid
                0x0000000000608300       0x5c ./haawking-drivers/haawking-dsc280025_edc-board/epwm.o
 .text.Flash_isCtrlBaseValid
                0x000000000060835c       0x14 ./haawking-drivers/haawking-dsc280025_edc-board/flash.o
 .text.Flash_isECCBaseValid
                0x0000000000608370       0x18 ./haawking-drivers/haawking-dsc280025_edc-board/flash.o
 .text.GPIO_setDirectionMode
                0x0000000000608388       0x64 ./haawking-drivers/haawking-dsc280025_edc-board/gpio.o
                0x0000000000608388                GPIO_setDirectionMode
 .text.GPIO_isPinValid
                0x00000000006083ec       0x2a ./haawking-drivers/haawking-dsc280025_edc-board/gpio.o
 .text.GPIO_setPadConfig
                0x0000000000608416       0xaa ./haawking-drivers/haawking-dsc280025_edc-board/gpio.o
                0x0000000000608416                GPIO_setPadConfig
 .text.GPIO_setPinConfig
                0x00000000006084c0       0x6c ./haawking-drivers/haawking-dsc280025_edc-board/gpio.o
                0x00000000006084c0                GPIO_setPinConfig
 .text.I2C_initController
                0x000000000060852c       0xc6 ./haawking-drivers/haawking-dsc280025_edc-board/i2c.o
                0x000000000060852c                I2C_initController
 .text.I2C_isBaseValid
                0x00000000006085f2       0x24 ./haawking-drivers/haawking-dsc280025_edc-board/i2c.o
 .text.I2C_enableInterrupt
                0x0000000000608616       0x66 ./haawking-drivers/haawking-dsc280025_edc-board/i2c.o
                0x0000000000608616                I2C_enableInterrupt
 .text.I2C_clearInterruptStatus
                0x000000000060867c       0x52 ./haawking-drivers/haawking-dsc280025_edc-board/i2c.o
                0x000000000060867c                I2C_clearInterruptStatus
 .text.Interrupt_initModule
                0x00000000006086ce       0x8a ./haawking-drivers/haawking-dsc280025_edc-board/interrupt.o
                0x00000000006086ce                Interrupt_initModule
 .text.Interrupt_disableGlobal
                0x0000000000608758       0x14 ./haawking-drivers/haawking-dsc280025_edc-board/interrupt.o
 .text.Interrupt_initVectorTable
                0x000000000060876c       0x4c ./haawking-drivers/haawking-dsc280025_edc-board/interrupt.o
                0x000000000060876c                Interrupt_initVectorTable
 .text.Interrupt_defaultHandler
                0x00000000006087b8        0xe ./haawking-drivers/haawking-dsc280025_edc-board/interrupt.o
 .text.Interrupt_nmiHandler
                0x00000000006087c6        0x6 ./haawking-drivers/haawking-dsc280025_edc-board/interrupt.o
 .text.Interrupt_enable
                0x00000000006087cc       0x8c ./haawking-drivers/haawking-dsc280025_edc-board/interrupt.o
                0x00000000006087cc                Interrupt_enable
 .text.Interrupt_enableGlobal
                0x0000000000608858       0x14 ./haawking-drivers/haawking-dsc280025_edc-board/interrupt.o
 .text.SCI_setConfig
                0x000000000060886c       0x86 ./haawking-drivers/haawking-dsc280025_edc-board/sci.o
                0x000000000060886c                SCI_setConfig
 .text.SCI_isBaseValid
                0x00000000006088f2       0x18 ./haawking-drivers/haawking-dsc280025_edc-board/sci.o
 .text.SCI_disableModule
                0x000000000060890a       0x36 ./haawking-drivers/haawking-dsc280025_edc-board/sci.o
 .text.SCI_enableModule
                0x0000000000608940       0x2c ./haawking-drivers/haawking-dsc280025_edc-board/sci.o
 .text.SCI_clearInterruptStatus
                0x000000000060896c       0x78 ./haawking-drivers/haawking-dsc280025_edc-board/sci.o
                0x000000000060896c                SCI_clearInterruptStatus
 .text.SCI_performSoftwareReset
                0x00000000006089e4       0x36 ./haawking-drivers/haawking-dsc280025_edc-board/sci.o
 .text.SPI_setConfig
                0x0000000000608a1a       0xe4 ./haawking-drivers/haawking-dsc280025_edc-board/spi.o
                0x0000000000608a1a                SPI_setConfig
 .text.SPI_isBaseValid
                0x0000000000608afe       0x1e ./haawking-drivers/haawking-dsc280025_edc-board/spi.o
 .text.SPI_clearInterruptStatus
                0x0000000000608b1c       0x88 ./haawking-drivers/haawking-dsc280025_edc-board/spi.o
                0x0000000000608b1c                SPI_clearInterruptStatus
 .text.SysCtl_getClock
                0x0000000000608ba4       0x9c ./haawking-drivers/haawking-dsc280025_edc-board/sysctl.o
                0x0000000000608ba4                SysCtl_getClock
 .text.SysCtl_isMCDClockFailureDetected
                0x0000000000608c40        0xe ./haawking-drivers/haawking-dsc280025_edc-board/sysctl.o
 .text.SysCtl_setClock
                0x0000000000608c4e      0x298 ./haawking-drivers/haawking-dsc280025_edc-board/sysctl.o
                0x0000000000608c4e                SysCtl_setClock
 .text.SysCtl_selectOscSource
                0x0000000000608ee6       0x8c ./haawking-drivers/haawking-dsc280025_edc-board/sysctl.o
                0x0000000000608ee6                SysCtl_selectOscSource
 .text.SysCtl_setPLLSysClk
                0x0000000000608f72       0x20 ./haawking-drivers/haawking-dsc280025_edc-board/sysctl.o
 .text.SysCtl_isPLLValid
                0x0000000000608f92      0x204 ./haawking-drivers/haawking-dsc280025_edc-board/sysctl.o
                0x0000000000608f92                SysCtl_isPLLValid
 .text.SysCtl_selectXTAL
                0x0000000000609196       0x64 ./haawking-drivers/haawking-dsc280025_edc-board/sysctl.o
                0x0000000000609196                SysCtl_selectXTAL
 .text.SysCtl_pollX1Counter
                0x00000000006091fa       0x54 ./haawking-drivers/haawking-dsc280025_edc-board/sysctl.o
 .text.SysCtl_resetMCD
                0x000000000060924e       0x1a ./haawking-drivers/haawking-dsc280025_edc-board/sysctl.o
 .text.SysCtl_selectXTALSingleEnded
                0x0000000000609268       0x4c ./haawking-drivers/haawking-dsc280025_edc-board/sysctl.o
                0x0000000000609268                SysCtl_selectXTALSingleEnded
 .text.SysCtl_getLowSpeedClock
                0x00000000006092b4       0x2c ./haawking-drivers/haawking-dsc280025_edc-board/sysctl.o
                0x00000000006092b4                SysCtl_getLowSpeedClock
 .text.SysCtl_enablePeripheral
                0x00000000006092e0       0x3e ./haawking-drivers/haawking-dsc280025_edc-board/sysctl.o
 .text.DCC_clearErrorFlag
                0x000000000060931e       0x30 ./haawking-drivers/haawking-dsc280025_edc-board/sysctl.o
 .text.DCC_clearDoneFlag
                0x000000000060934e       0x30 ./haawking-drivers/haawking-dsc280025_edc-board/sysctl.o
 .text.DCC_disableModule
                0x000000000060937e       0x34 ./haawking-drivers/haawking-dsc280025_edc-board/sysctl.o
 .text.DCC_disableErrorSignal
                0x00000000006093b2       0x36 ./haawking-drivers/haawking-dsc280025_edc-board/sysctl.o
 .text.DCC_disableDoneSignal
                0x00000000006093e8       0x38 ./haawking-drivers/haawking-dsc280025_edc-board/sysctl.o
 .text.DCC_setCounter0ClkSource
                0x0000000000609420       0x3e ./haawking-drivers/haawking-dsc280025_edc-board/sysctl.o
 .text.DCC_setCounter1ClkSource
                0x000000000060945e       0x3e ./haawking-drivers/haawking-dsc280025_edc-board/sysctl.o
 .text.DCC_setCounterSeeds
                0x000000000060949c       0xc4 ./haawking-drivers/haawking-dsc280025_edc-board/sysctl.o
 .text.DCC_enableSingleShotMode
                0x0000000000609560       0x60 ./haawking-drivers/haawking-dsc280025_edc-board/sysctl.o
 .text.DCC_enableModule
                0x00000000006095c0       0x34 ./haawking-drivers/haawking-dsc280025_edc-board/sysctl.o
 .text.DCC_isBaseValid
                0x00000000006095f4       0x20 ./haawking-drivers/haawking-dsc280025_edc-board/sysctl.o
 .text.XBAR_setEPWMMuxConfig
                0x0000000000609614       0x5e ./haawking-drivers/haawking-dsc280025_edc-board/xbar.o
                0x0000000000609614                XBAR_setEPWMMuxConfig
 .text.Device_init
                0x0000000000609672       0x82 ./device/device.o
                0x0000000000609672                Device_init
 .text.SysCtl_disableWatchdog
                0x00000000006096f4       0x1e ./device/device.o
 .text.SysCtl_deviceCal
                0x0000000000609712       0x1e ./device/device.o
 .text.SysCtl_setLowSpeedClock
                0x0000000000609730       0x1e ./device/device.o
 .text.__error__
                0x000000000060974e        0xc ./device/device.o
                0x000000000060974e                __error__
 .text.Device_enableAllPeripherals
                0x000000000060975a      0x100 ./device/device.o
                0x000000000060975a                Device_enableAllPeripherals
 .text.ASysCtl_lockVREG
                0x000000000060985a       0x1a ./device/device.o
 .text.SysCtl_enablePeripheral
                0x0000000000609874       0x3e ./device/device.o
 .text.Device_initGPIO
                0x00000000006098b2       0x1c ./device/device.o
                0x00000000006098b2                Device_initGPIO
 .text.GPIO_unlockPortConfig
                0x00000000006098ce       0x2e ./device/device.o
 .text.EST_setParams
                0x00000000006098fc       0x14 ../lib\libHXFASTLib_HX280025_libV2.0.a(estlib.o)
                0x00000000006098fc                EST_setParams
 .text.EST_computeTorque_Nm
                0x0000000000609910       0x16 ../lib\libHXFASTLib_HX280025_libV2.0.a(estlib.o)
                0x0000000000609910                EST_computeTorque_Nm
 .text.EST_disable
                0x0000000000609926       0x16 ../lib\libHXFASTLib_HX280025_libV2.0.a(estlib.o)
                0x0000000000609926                EST_disable
 .text.EST_disableTraj
                0x000000000060993c       0x16 ../lib\libHXFASTLib_HX280025_libV2.0.a(estlib.o)
                0x000000000060993c                EST_disableTraj
 .text.EST_doCurrentCtrl
                0x0000000000609952       0x16 ../lib\libHXFASTLib_HX280025_libV2.0.a(estlib.o)
                0x0000000000609952                EST_doCurrentCtrl
 .text.EST_doSpeedCtrl
                0x0000000000609968       0x14 ../lib\libHXFASTLib_HX280025_libV2.0.a(estlib.o)
                0x0000000000609968                EST_doSpeedCtrl
 .text.EST_enable
                0x000000000060997c       0x16 ../lib\libHXFASTLib_HX280025_libV2.0.a(estlib.o)
                0x000000000060997c                EST_enable
 .text.EST_enableTraj
                0x0000000000609992       0x16 ../lib\libHXFASTLib_HX280025_libV2.0.a(estlib.o)
                0x0000000000609992                EST_enableTraj
 .text.EST_getFlag_enableRsOnLine
                0x00000000006099a8       0x16 ../lib\libHXFASTLib_HX280025_libV2.0.a(estlib.o)
                0x00000000006099a8                EST_getFlag_enableRsOnLine
 .text.EST_getFlux_Wb
                0x00000000006099be       0x16 ../lib\libHXFASTLib_HX280025_libV2.0.a(estlib.o)
                0x00000000006099be                EST_getFlux_Wb
 .text.EST_getFm_lp_Hz
                0x00000000006099d4       0x16 ../lib\libHXFASTLib_HX280025_libV2.0.a(estlib.o)
                0x00000000006099d4                EST_getFm_lp_Hz
 .text.EST_getIdRated_A
                0x00000000006099ea       0x16 ../lib\libHXFASTLib_HX280025_libV2.0.a(estlib.o)
                0x00000000006099ea                EST_getIdRated_A
 .text.EST_getIntValue_Id_A
                0x0000000000609a00       0x16 ../lib\libHXFASTLib_HX280025_libV2.0.a(estlib.o)
                0x0000000000609a00                EST_getIntValue_Id_A
 .text.EST_getIntValue_spd_Hz
                0x0000000000609a16       0x16 ../lib\libHXFASTLib_HX280025_libV2.0.a(estlib.o)
                0x0000000000609a16                EST_getIntValue_spd_Hz
 .text.EST_getLs_d_H
                0x0000000000609a2c       0x16 ../lib\libHXFASTLib_HX280025_libV2.0.a(estlib.o)
                0x0000000000609a2c                EST_getLs_d_H
 .text.EST_getLs_q_H
                0x0000000000609a42       0x16 ../lib\libHXFASTLib_HX280025_libV2.0.a(estlib.o)
                0x0000000000609a42                EST_getLs_q_H
 .text.EST_getRoverL_rps
                0x0000000000609a58       0x16 ../lib\libHXFASTLib_HX280025_libV2.0.a(estlib.o)
                0x0000000000609a58                EST_getRoverL_rps
 .text.EST_getRr_Ohm
                0x0000000000609a6e       0x16 ../lib\libHXFASTLib_HX280025_libV2.0.a(estlib.o)
                0x0000000000609a6e                EST_getRr_Ohm
 .text.EST_getRs_Ohm
                0x0000000000609a84       0x16 ../lib\libHXFASTLib_HX280025_libV2.0.a(estlib.o)
                0x0000000000609a84                EST_getRs_Ohm
 .text.EST_getRsOnLine_Ohm
                0x0000000000609a9a       0x16 ../lib\libHXFASTLib_HX280025_libV2.0.a(estlib.o)
                0x0000000000609a9a                EST_getRsOnLine_Ohm
 .text.EST_getState
                0x0000000000609ab0       0x16 ../lib\libHXFASTLib_HX280025_libV2.0.a(estlib.o)
                0x0000000000609ab0                EST_getState
 .text.EST_getTrajState
                0x0000000000609ac6       0x16 ../lib\libHXFASTLib_HX280025_libV2.0.a(estlib.o)
                0x0000000000609ac6                EST_getTrajState
 .text.EST_isEnabled
                0x0000000000609adc       0x16 ../lib\libHXFASTLib_HX280025_libV2.0.a(estlib.o)
                0x0000000000609adc                EST_isEnabled
 .text.EST_isError
                0x0000000000609af2       0x16 ../lib\libHXFASTLib_HX280025_libV2.0.a(estlib.o)
                0x0000000000609af2                EST_isError
 .text.EST_isIdle
                0x0000000000609b08       0x16 ../lib\libHXFASTLib_HX280025_libV2.0.a(estlib.o)
                0x0000000000609b08                EST_isIdle
 .text.EST_isLockRotor
                0x0000000000609b1e       0x16 ../lib\libHXFASTLib_HX280025_libV2.0.a(estlib.o)
                0x0000000000609b1e                EST_isLockRotor
 .text.EST_isMotorIdentified
                0x0000000000609b34       0x16 ../lib\libHXFASTLib_HX280025_libV2.0.a(estlib.o)
                0x0000000000609b34                EST_isMotorIdentified
 .text.EST_isTrajError
                0x0000000000609b4a       0x16 ../lib\libHXFASTLib_HX280025_libV2.0.a(estlib.o)
                0x0000000000609b4a                EST_isTrajError
 .text.EST_setFlag_bypassLockRotor
                0x0000000000609b60       0x1a ../lib\libHXFASTLib_HX280025_libV2.0.a(estlib.o)
                0x0000000000609b60                EST_setFlag_bypassLockRotor
 .text.EST_setFlag_enableForceAngle
                0x0000000000609b7a       0x1a ../lib\libHXFASTLib_HX280025_libV2.0.a(estlib.o)
                0x0000000000609b7a                EST_setFlag_enableForceAngle
 .text.EST_setFlag_enablePowerWarp
                0x0000000000609b94       0x1a ../lib\libHXFASTLib_HX280025_libV2.0.a(estlib.o)
                0x0000000000609b94                EST_setFlag_enablePowerWarp
 .text.EST_setFlag_enableRsOnLine
                0x0000000000609bae       0x1a ../lib\libHXFASTLib_HX280025_libV2.0.a(estlib.o)
                0x0000000000609bae                EST_setFlag_enableRsOnLine
 .text.EST_setFlag_enableRsRecalc
                0x0000000000609bc8       0x1a ../lib\libHXFASTLib_HX280025_libV2.0.a(estlib.o)
                0x0000000000609bc8                EST_setFlag_enableRsRecalc
 .text.EST_setFlag_updateRs
                0x0000000000609be2       0x1a ../lib\libHXFASTLib_HX280025_libV2.0.a(estlib.o)
                0x0000000000609be2                EST_setFlag_updateRs
 .text.EST_setRsOnLine_Ohm
                0x0000000000609bfc       0x18 ../lib\libHXFASTLib_HX280025_libV2.0.a(estlib.o)
                0x0000000000609bfc                EST_setRsOnLine_Ohm
 .text.EST_setRsOnLineId_A
                0x0000000000609c14       0x18 ../lib\libHXFASTLib_HX280025_libV2.0.a(estlib.o)
                0x0000000000609c14                EST_setRsOnLineId_A
 .text.EST_setRsOnLineId_mag_A
                0x0000000000609c2c       0x18 ../lib\libHXFASTLib_HX280025_libV2.0.a(estlib.o)
                0x0000000000609c2c                EST_setRsOnLineId_mag_A
 .text.EST_updateId_ref_A
                0x0000000000609c44       0x18 ../lib\libHXFASTLib_HX280025_libV2.0.a(estlib.o)
                0x0000000000609c44                EST_updateId_ref_A
 .text.EST_setOneOverFluxGain_sf
                0x0000000000609c5c       0x1a ../lib\libHXFASTLib_HX280025_libV2.0.a(estlib.o)
                0x0000000000609c5c                EST_setOneOverFluxGain_sf
 .text.EST_setFreqLFP_sf
                0x0000000000609c76       0x1a ../lib\libHXFASTLib_HX280025_libV2.0.a(estlib.o)
                0x0000000000609c76                EST_setFreqLFP_sf
 .text.EST_setBemf_sf
                0x0000000000609c90       0x1a ../lib\libHXFASTLib_HX280025_libV2.0.a(estlib.o)
                0x0000000000609c90                EST_setBemf_sf
 .text.EST_configureTraj
                0x0000000000609caa       0x16 ../lib\libHXFASTLib_HX280025_libV2.0.a(estlib.o)
                0x0000000000609caa                EST_configureTraj
 .text.EST_configureTrajState
                0x0000000000609cc0       0x1e ../lib\libHXFASTLib_HX280025_libV2.0.a(estlib.o)
                0x0000000000609cc0                EST_configureTrajState
 .text.EST_setupTrajState
                0x0000000000609cde       0x1c ../lib\libHXFASTLib_HX280025_libV2.0.a(estlib.o)
                0x0000000000609cde                EST_setupTrajState
 .text.EST_runTraj
                0x0000000000609cfa       0x16 ../lib\libHXFASTLib_HX280025_libV2.0.a(estlib.o)
                0x0000000000609cfa                EST_runTraj
 .text.EST_run  0x0000000000609d10       0x1a ../lib\libHXFASTLib_HX280025_libV2.0.a(estlib.o)
                0x0000000000609d10                EST_run
 .text.EST_updateTrajState
                0x0000000000609d2a       0x16 ../lib\libHXFASTLib_HX280025_libV2.0.a(estlib.o)
                0x0000000000609d2a                EST_updateTrajState
 .text.EST_updateState
                0x0000000000609d40       0x18 ../lib\libHXFASTLib_HX280025_libV2.0.a(estlib.o)
                0x0000000000609d40                EST_updateState
 .text.USER_setParams_priv
                0x0000000000609d58       0x16 ../lib\libHXFASTLib_HX280025_libV2.0.a(estlib.o)
                0x0000000000609d58                USER_setParams_priv
 .text.sqrtf    0x0000000000609d6e        0x6 D:/Haawking-IDE_v2.2.11Pre/haawking-tools/segger_lib\libhaawking-segger_imfc.a(floatops.o)
                0x0000000000609d6e                sqrtf
 *(.rodata .rodata.*)
 *fill*         0x0000000000609d74        0x0 
 .rodata.HALLBLDC_Ctrl_PwmSet
                0x0000000000609d74       0x18 ./src_control/hall_bldc.o
 .rodata.str1.1
                0x0000000000609d8c       0xe5 ./src_control/hall_bldc.o
 .rodata.str1.1
                0x0000000000609e71       0x38 ./src_control/motor_common.o
 .rodata.str1.1
                0x0000000000609e71       0x37 ./src_control/motor_drive.o
                                         0xa8 (size before relaxing)
 .rodata.str1.1
                0x0000000000609ea8       0x37 ./src_board/drv8323s.o
                                         0x6f (size before relaxing)
 .rodata.str1.1
                0x0000000000609edf       0xe1 ./src_board/hal.o
                                        0x234 (size before relaxing)
 .rodata.str1.1
                0x0000000000609fc0       0xac ./src/main.o
 .rodata.str1.1
                0x0000000000609fc0       0x39 ./haawking-drivers/haawking-dsc280025_edc-board/cmpss.o
 .rodata.str1.1
                0x0000000000609ff9       0x3c ./haawking-drivers/haawking-dsc280025_edc-board/cputimer.o
 .rodata.str1.1
                0x000000000060a035       0x38 ./haawking-drivers/haawking-dsc280025_edc-board/epwm.o
                                         0x70 (size before relaxing)
 .rodata.str1.1
                0x000000000060a06d       0x72 ./haawking-drivers/haawking-dsc280025_edc-board/flash.o
 .rodata.str1.1
                0x000000000060a0df       0x38 ./haawking-drivers/haawking-dsc280025_edc-board/gpio.o
                                         0x70 (size before relaxing)
 .rodata.str1.1
                0x000000000060a117       0x37 ./haawking-drivers/haawking-dsc280025_edc-board/i2c.o
 .rodata.str1.1
                0x000000000060a14e       0x6e ./haawking-drivers/haawking-dsc280025_edc-board/sci.o
 .rodata.str1.1
                0x000000000060a1bc       0x6e ./haawking-drivers/haawking-dsc280025_edc-board/spi.o
 .rodata.str1.1
                0x000000000060a22a       0x71 ./haawking-drivers/haawking-dsc280025_edc-board/sysctl.o
 .rodata.str1.1
                0x000000000060a29b       0x4d ./device/device.o

.rela.dyn       0x000000000060a2e8        0x0
 .rela.text.init
                0x000000000060a2e8        0x0 ./src_control/hall_bldc.o
 .rela.text._clean_bss
                0x000000000060a2e8        0x0 ./src_control/hall_bldc.o
 .rela.text._init_data_LS4567
                0x000000000060a2e8        0x0 ./src_control/hall_bldc.o
 .rela.text._init_data_gs0
                0x000000000060a2e8        0x0 ./src_control/hall_bldc.o

.FLASH_LS4567_DATA
                0x000000000060a2f0        0x0
                0x000000000060a2f0                __flash_start = .

.FLASH_GS0_DATA
                0x000000000060a2f0        0x0
                0x000000000060c890                __gs_flash_start = (__flash_start + (__data_end - __data_start))
                0x00000000007a0000                . = 0x7a0000

.USER_OTP_TABLE
 *(.User_Otp_Table)
                0x00000000007a0000                _end = .
OUTPUT(FASTLib_HX280025CEDC_DUAL_MOTOR_Deper_V1.1.elf elf32-littleriscv)

.debug_abbrev   0x0000000000000000     0x1c43
 .debug_abbrev  0x0000000000000000      0x25a ./src_control/hall_bldc.o
 .debug_abbrev  0x000000000000025a      0x270 ./src_control/motor_common.o
 .debug_abbrev  0x00000000000004ca      0x2d1 ./src_control/motor_drive.o
 .debug_abbrev  0x000000000000079b      0x178 ./src_board/drv8323s.o
 .debug_abbrev  0x0000000000000913      0x246 ./src_board/hal.o
 .debug_abbrev  0x0000000000000b59       0xc0 ./src_board/user_mtr1.o
 .debug_abbrev  0x0000000000000c19       0xc0 ./src_board/user_mtr2.o
 .debug_abbrev  0x0000000000000cd9      0x222 ./src/main.o
 .debug_abbrev  0x0000000000000efb       0x1f ./haawking-drivers/haawking-dsc280025_edc-board/common/crt.o
 .debug_abbrev  0x0000000000000f1a      0x1a2 ./haawking-drivers/haawking-dsc280025_edc-board/common/syscalls.o
 .debug_abbrev  0x00000000000010bc       0x21 ./haawking-drivers/haawking-dsc280025_edc-board/SysCtl_delay.o
 .debug_abbrev  0x00000000000010dd       0x21 ./haawking-drivers/haawking-dsc280025_edc-board/__disable_interrputs.o
 .debug_abbrev  0x00000000000010fe       0x21 ./haawking-drivers/haawking-dsc280025_edc-board/__enable_interrupts.o
 .debug_abbrev  0x000000000000111f       0x82 ./haawking-drivers/haawking-dsc280025_edc-board/cmpss.o
 .debug_abbrev  0x00000000000011a1       0x89 ./haawking-drivers/haawking-dsc280025_edc-board/cputimer.o
 .debug_abbrev  0x000000000000122a      0x104 ./haawking-drivers/haawking-dsc280025_edc-board/epwm.o
 .debug_abbrev  0x000000000000132e       0xbe ./haawking-drivers/haawking-dsc280025_edc-board/flash.o
 .debug_abbrev  0x00000000000013ec      0x121 ./haawking-drivers/haawking-dsc280025_edc-board/gpio.o
 .debug_abbrev  0x000000000000150d       0xbe ./haawking-drivers/haawking-dsc280025_edc-board/i2c.o
 .debug_abbrev  0x00000000000015cb       0xce ./haawking-drivers/haawking-dsc280025_edc-board/interrupt.o
 .debug_abbrev  0x0000000000001699      0x111 ./haawking-drivers/haawking-dsc280025_edc-board/sci.o
 .debug_abbrev  0x00000000000017aa      0x146 ./haawking-drivers/haawking-dsc280025_edc-board/spi.o
 .debug_abbrev  0x00000000000018f0      0x161 ./haawking-drivers/haawking-dsc280025_edc-board/sysctl.o
 .debug_abbrev  0x0000000000001a51       0xd8 ./haawking-drivers/haawking-dsc280025_edc-board/xbar.o
 .debug_abbrev  0x0000000000001b29      0x11a ./device/device.o

.debug_info     0x0000000000000000    0x18650
 .debug_info    0x0000000000000000     0x314a ./src_control/hall_bldc.o
 .debug_info    0x000000000000314a     0x3430 ./src_control/motor_common.o
 .debug_info    0x000000000000657a     0x44c9 ./src_control/motor_drive.o
 .debug_info    0x000000000000aa43     0x1294 ./src_board/drv8323s.o
 .debug_info    0x000000000000bcd7     0x3cd3 ./src_board/hal.o
 .debug_info    0x000000000000f9aa      0x7b9 ./src_board/user_mtr1.o
 .debug_info    0x0000000000010163      0x7b9 ./src_board/user_mtr2.o
 .debug_info    0x000000000001091c     0x2a78 ./src/main.o
 .debug_info    0x0000000000013394      0x19a ./haawking-drivers/haawking-dsc280025_edc-board/common/crt.o
 .debug_info    0x000000000001352e     0x11df ./haawking-drivers/haawking-dsc280025_edc-board/common/syscalls.o
 .debug_info    0x000000000001470d      0x17c ./haawking-drivers/haawking-dsc280025_edc-board/SysCtl_delay.o
 .debug_info    0x0000000000014889      0x18b ./haawking-drivers/haawking-dsc280025_edc-board/__disable_interrputs.o
 .debug_info    0x0000000000014a14      0x189 ./haawking-drivers/haawking-dsc280025_edc-board/__enable_interrupts.o
 .debug_info    0x0000000000014b9d      0x1ea ./haawking-drivers/haawking-dsc280025_edc-board/cmpss.o
 .debug_info    0x0000000000014d87       0xe8 ./haawking-drivers/haawking-dsc280025_edc-board/cputimer.o
 .debug_info    0x0000000000014e6f      0x617 ./haawking-drivers/haawking-dsc280025_edc-board/epwm.o
 .debug_info    0x0000000000015486      0x2af ./haawking-drivers/haawking-dsc280025_edc-board/flash.o
 .debug_info    0x0000000000015735      0x54d ./haawking-drivers/haawking-dsc280025_edc-board/gpio.o
 .debug_info    0x0000000000015c82      0x22a ./haawking-drivers/haawking-dsc280025_edc-board/i2c.o
 .debug_info    0x0000000000015eac      0x1f8 ./haawking-drivers/haawking-dsc280025_edc-board/interrupt.o
 .debug_info    0x00000000000160a4      0x519 ./haawking-drivers/haawking-dsc280025_edc-board/sci.o
 .debug_info    0x00000000000165bd      0x9b1 ./haawking-drivers/haawking-dsc280025_edc-board/spi.o
 .debug_info    0x0000000000016f6e      0xa4b ./haawking-drivers/haawking-dsc280025_edc-board/sysctl.o
 .debug_info    0x00000000000179b9      0x82e ./haawking-drivers/haawking-dsc280025_edc-board/xbar.o
 .debug_info    0x00000000000181e7      0x469 ./device/device.o

.debug_ranges   0x0000000000000000     0x1000
 .debug_ranges  0x0000000000000000       0xa8 ./src_control/hall_bldc.o
 .debug_ranges  0x00000000000000a8       0xa8 ./src_control/motor_common.o
 .debug_ranges  0x0000000000000150      0x1b8 ./src_control/motor_drive.o
 .debug_ranges  0x0000000000000308       0xf0 ./src_board/drv8323s.o
 .debug_ranges  0x00000000000003f8      0x470 ./src_board/hal.o
 .debug_ranges  0x0000000000000868       0x78 ./src/main.o
 .debug_ranges  0x00000000000008e0       0x28 ./haawking-drivers/haawking-dsc280025_edc-board/common/crt.o
 .debug_ranges  0x0000000000000908      0x218 ./haawking-drivers/haawking-dsc280025_edc-board/common/syscalls.o
 .debug_ranges  0x0000000000000b20       0x30 ./haawking-drivers/haawking-dsc280025_edc-board/cmpss.o
 .debug_ranges  0x0000000000000b50       0x18 ./haawking-drivers/haawking-dsc280025_edc-board/cputimer.o
 .debug_ranges  0x0000000000000b68       0x68 ./haawking-drivers/haawking-dsc280025_edc-board/epwm.o
 .debug_ranges  0x0000000000000bd0       0x28 ./haawking-drivers/haawking-dsc280025_edc-board/flash.o
 .debug_ranges  0x0000000000000bf8       0x70 ./haawking-drivers/haawking-dsc280025_edc-board/gpio.o
 .debug_ranges  0x0000000000000c68       0x40 ./haawking-drivers/haawking-dsc280025_edc-board/i2c.o
 .debug_ranges  0x0000000000000ca8       0x50 ./haawking-drivers/haawking-dsc280025_edc-board/interrupt.o
 .debug_ranges  0x0000000000000cf8       0x98 ./haawking-drivers/haawking-dsc280025_edc-board/sci.o
 .debug_ranges  0x0000000000000d90       0xd8 ./haawking-drivers/haawking-dsc280025_edc-board/spi.o
 .debug_ranges  0x0000000000000e68       0xe8 ./haawking-drivers/haawking-dsc280025_edc-board/sysctl.o
 .debug_ranges  0x0000000000000f50       0x38 ./haawking-drivers/haawking-dsc280025_edc-board/xbar.o
 .debug_ranges  0x0000000000000f88       0x78 ./device/device.o

.debug_str      0x0000000000000000     0xa7d5
 .debug_str     0x0000000000000000     0x331c ./src_control/hall_bldc.o
                                       0x3438 (size before relaxing)
 .debug_str     0x000000000000331c      0x31f ./src_control/motor_common.o
                                       0x32f7 (size before relaxing)
 .debug_str     0x000000000000363b      0x807 ./src_control/motor_drive.o
                                       0x38f7 (size before relaxing)
 .debug_str     0x0000000000003e42      0x573 ./src_board/drv8323s.o
                                       0x1696 (size before relaxing)
 .debug_str     0x00000000000043b5     0x2ec5 ./src_board/hal.o
                                       0x4d5b (size before relaxing)
 .debug_str     0x000000000000727a      0x2ac ./src_board/user_mtr1.o
                                        0xc59 (size before relaxing)
 .debug_str     0x0000000000007526       0x8a ./src_board/user_mtr2.o
                                        0xc59 (size before relaxing)
 .debug_str     0x00000000000075b0      0x24e ./src/main.o
                                       0x32d1 (size before relaxing)
 .debug_str     0x00000000000077fe      0x312 ./haawking-drivers/haawking-dsc280025_edc-board/common/syscalls.o
                                        0x598 (size before relaxing)
 .debug_str     0x0000000000007b10      0x104 ./haawking-drivers/haawking-dsc280025_edc-board/cmpss.o
                                        0x26c (size before relaxing)
 .debug_str     0x0000000000007c14       0x6d ./haawking-drivers/haawking-dsc280025_edc-board/cputimer.o
                                        0x23f (size before relaxing)
 .debug_str     0x0000000000007c81      0x118 ./haawking-drivers/haawking-dsc280025_edc-board/epwm.o
                                        0xa52 (size before relaxing)
 .debug_str     0x0000000000007d99      0x1bf ./haawking-drivers/haawking-dsc280025_edc-board/flash.o
                                        0x326 (size before relaxing)
 .debug_str     0x0000000000007f58      0x297 ./haawking-drivers/haawking-dsc280025_edc-board/gpio.o
                                        0x521 (size before relaxing)
 .debug_str     0x00000000000081ef       0xfe ./haawking-drivers/haawking-dsc280025_edc-board/i2c.o
                                        0x28d (size before relaxing)
 .debug_str     0x00000000000082ed      0x103 ./haawking-drivers/haawking-dsc280025_edc-board/interrupt.o
                                        0x292 (size before relaxing)
 .debug_str     0x00000000000083f0      0x375 ./haawking-drivers/haawking-dsc280025_edc-board/sci.o
                                        0x538 (size before relaxing)
 .debug_str     0x0000000000008765      0x3d7 ./haawking-drivers/haawking-dsc280025_edc-board/spi.o
                                        0x7fb (size before relaxing)
 .debug_str     0x0000000000008b3c      0x976 ./haawking-drivers/haawking-dsc280025_edc-board/sysctl.o
                                        0xfc4 (size before relaxing)
 .debug_str     0x00000000000094b2     0x10ed ./haawking-drivers/haawking-dsc280025_edc-board/xbar.o
                                       0x178c (size before relaxing)
 .debug_str     0x000000000000a59f      0x236 ./device/device.o
                                        0x9b3 (size before relaxing)

.comment        0x0000000000000000      0x185
 .comment       0x0000000000000000       0xa2 ./src_control/hall_bldc.o
                                         0xa3 (size before relaxing)
 .comment       0x00000000000000a2       0xa3 ./src_control/motor_common.o
 .comment       0x00000000000000a2       0xa3 ./src_control/motor_drive.o
 .comment       0x00000000000000a2       0xa3 ./src_board/drv8323s.o
 .comment       0x00000000000000a2       0xa3 ./src_board/hal.o
 .comment       0x00000000000000a2       0xa3 ./src_board/user_mtr1.o
 .comment       0x00000000000000a2       0xa3 ./src_board/user_mtr2.o
 .comment       0x00000000000000a2       0xa3 ./src/main.o
 .comment       0x00000000000000a2       0xa3 ./haawking-drivers/haawking-dsc280025_edc-board/common/syscalls.o
 .comment       0x00000000000000a2       0xa3 ./haawking-drivers/haawking-dsc280025_edc-board/cmpss.o
 .comment       0x00000000000000a2       0xa3 ./haawking-drivers/haawking-dsc280025_edc-board/cputimer.o
 .comment       0x00000000000000a2       0xa3 ./haawking-drivers/haawking-dsc280025_edc-board/epwm.o
 .comment       0x00000000000000a2       0xa3 ./haawking-drivers/haawking-dsc280025_edc-board/flash.o
 .comment       0x00000000000000a2       0xa3 ./haawking-drivers/haawking-dsc280025_edc-board/gpio.o
 .comment       0x00000000000000a2       0xa3 ./haawking-drivers/haawking-dsc280025_edc-board/i2c.o
 .comment       0x00000000000000a2       0xa3 ./haawking-drivers/haawking-dsc280025_edc-board/interrupt.o
 .comment       0x00000000000000a2       0xa3 ./haawking-drivers/haawking-dsc280025_edc-board/sci.o
 .comment       0x00000000000000a2       0xa3 ./haawking-drivers/haawking-dsc280025_edc-board/spi.o
 .comment       0x00000000000000a2       0xa3 ./haawking-drivers/haawking-dsc280025_edc-board/sysctl.o
 .comment       0x00000000000000a2       0xa3 ./haawking-drivers/haawking-dsc280025_edc-board/xbar.o
 .comment       0x00000000000000a2       0xa3 ./device/device.o
 .comment       0x00000000000000a2       0xa2 ../lib\libHXFASTLib_HX280025_libV2.0.a(estlib.o)
                                         0xa3 (size before relaxing)
 .comment       0x0000000000000144       0x41 D:/Haawking-IDE_v2.2.11Pre/haawking-tools/segger_lib\libhaawking-segger_imfc.a(floatops.o)
                                         0x42 (size before relaxing)

.note.GNU-stack
                0x0000000000000000        0x0
 .note.GNU-stack
                0x0000000000000000        0x0 ./src_control/hall_bldc.o
 .note.GNU-stack
                0x0000000000000000        0x0 ./src_control/motor_common.o
 .note.GNU-stack
                0x0000000000000000        0x0 ./src_control/motor_drive.o
 .note.GNU-stack
                0x0000000000000000        0x0 ./src_board/drv8323s.o
 .note.GNU-stack
                0x0000000000000000        0x0 ./src_board/hal.o
 .note.GNU-stack
                0x0000000000000000        0x0 ./src_board/user_mtr1.o
 .note.GNU-stack
                0x0000000000000000        0x0 ./src_board/user_mtr2.o
 .note.GNU-stack
                0x0000000000000000        0x0 ./src/main.o
 .note.GNU-stack
                0x0000000000000000        0x0 ./haawking-drivers/haawking-dsc280025_edc-board/common/syscalls.o
 .note.GNU-stack
                0x0000000000000000        0x0 ./haawking-drivers/haawking-dsc280025_edc-board/cmpss.o
 .note.GNU-stack
                0x0000000000000000        0x0 ./haawking-drivers/haawking-dsc280025_edc-board/cputimer.o
 .note.GNU-stack
                0x0000000000000000        0x0 ./haawking-drivers/haawking-dsc280025_edc-board/epwm.o
 .note.GNU-stack
                0x0000000000000000        0x0 ./haawking-drivers/haawking-dsc280025_edc-board/flash.o
 .note.GNU-stack
                0x0000000000000000        0x0 ./haawking-drivers/haawking-dsc280025_edc-board/gpio.o
 .note.GNU-stack
                0x0000000000000000        0x0 ./haawking-drivers/haawking-dsc280025_edc-board/i2c.o
 .note.GNU-stack
                0x0000000000000000        0x0 ./haawking-drivers/haawking-dsc280025_edc-board/interrupt.o
 .note.GNU-stack
                0x0000000000000000        0x0 ./haawking-drivers/haawking-dsc280025_edc-board/sci.o
 .note.GNU-stack
                0x0000000000000000        0x0 ./haawking-drivers/haawking-dsc280025_edc-board/spi.o
 .note.GNU-stack
                0x0000000000000000        0x0 ./haawking-drivers/haawking-dsc280025_edc-board/sysctl.o
 .note.GNU-stack
                0x0000000000000000        0x0 ./haawking-drivers/haawking-dsc280025_edc-board/xbar.o
 .note.GNU-stack
                0x0000000000000000        0x0 ./device/device.o
 .note.GNU-stack
                0x0000000000000000        0x0 ../lib\libHXFASTLib_HX280025_libV2.0.a(estlib.o)

.riscv.attributes
                0x0000000000000000       0x2b
 .riscv.attributes
                0x0000000000000000       0x2b ./src_control/hall_bldc.o
 .riscv.attributes
                0x000000000000002b       0x2b ./src_control/motor_common.o
 .riscv.attributes
                0x0000000000000056       0x2b ./src_control/motor_drive.o
 .riscv.attributes
                0x0000000000000081       0x2b ./src_board/drv8323s.o
 .riscv.attributes
                0x00000000000000ac       0x2b ./src_board/hal.o
 .riscv.attributes
                0x00000000000000d7       0x2b ./src_board/user_mtr1.o
 .riscv.attributes
                0x0000000000000102       0x2b ./src_board/user_mtr2.o
 .riscv.attributes
                0x000000000000012d       0x2b ./src/main.o
 .riscv.attributes
                0x0000000000000158       0x2b ./haawking-drivers/haawking-dsc280025_edc-board/common/syscalls.o
 .riscv.attributes
                0x0000000000000183       0x2b ./haawking-drivers/haawking-dsc280025_edc-board/cmpss.o
 .riscv.attributes
                0x00000000000001ae       0x2b ./haawking-drivers/haawking-dsc280025_edc-board/cputimer.o
 .riscv.attributes
                0x00000000000001d9       0x2b ./haawking-drivers/haawking-dsc280025_edc-board/epwm.o
 .riscv.attributes
                0x0000000000000204       0x2b ./haawking-drivers/haawking-dsc280025_edc-board/flash.o
 .riscv.attributes
                0x000000000000022f       0x2b ./haawking-drivers/haawking-dsc280025_edc-board/gpio.o
 .riscv.attributes
                0x000000000000025a       0x2b ./haawking-drivers/haawking-dsc280025_edc-board/i2c.o
 .riscv.attributes
                0x0000000000000285       0x2b ./haawking-drivers/haawking-dsc280025_edc-board/interrupt.o
 .riscv.attributes
                0x00000000000002b0       0x2b ./haawking-drivers/haawking-dsc280025_edc-board/sci.o
 .riscv.attributes
                0x00000000000002db       0x2b ./haawking-drivers/haawking-dsc280025_edc-board/spi.o
 .riscv.attributes
                0x0000000000000306       0x2b ./haawking-drivers/haawking-dsc280025_edc-board/sysctl.o
 .riscv.attributes
                0x0000000000000331       0x2b ./haawking-drivers/haawking-dsc280025_edc-board/xbar.o
 .riscv.attributes
                0x000000000000035c       0x2b ./device/device.o
 .riscv.attributes
                0x0000000000000387       0x2b ../lib\libHXFASTLib_HX280025_libV2.0.a(estlib.o)
 .riscv.attributes
                0x00000000000003b2       0x2b D:/Haawking-IDE_v2.2.11Pre/haawking-tools/segger_lib\libhaawking-segger_imfc.a(floatops.o)

.debug_frame    0x0000000000000000     0x2b14
 .debug_frame   0x0000000000000000      0x1d8 ./src_control/hall_bldc.o
 .debug_frame   0x00000000000001d8      0x1d4 ./src_control/motor_common.o
 .debug_frame   0x00000000000003ac      0x3e0 ./src_control/motor_drive.o
 .debug_frame   0x000000000000078c      0x2b0 ./src_board/drv8323s.o
 .debug_frame   0x0000000000000a3c      0xd00 ./src_board/hal.o
 .debug_frame   0x000000000000173c       0x24 ./src_board/user_mtr1.o
 .debug_frame   0x0000000000001760       0x24 ./src_board/user_mtr2.o
 .debug_frame   0x0000000000001784      0x16c ./src/main.o
 .debug_frame   0x00000000000018f0      0x3b0 ./haawking-drivers/haawking-dsc280025_edc-board/common/syscalls.o
 .debug_frame   0x0000000000001ca0       0x84 ./haawking-drivers/haawking-dsc280025_edc-board/cmpss.o
 .debug_frame   0x0000000000001d24       0x3c ./haawking-drivers/haawking-dsc280025_edc-board/cputimer.o
 .debug_frame   0x0000000000001d60      0x12c ./haawking-drivers/haawking-dsc280025_edc-board/epwm.o
 .debug_frame   0x0000000000001e8c      0x128 ./haawking-drivers/haawking-dsc280025_edc-board/flash.o
 .debug_frame   0x0000000000001fb4      0x13c ./haawking-drivers/haawking-dsc280025_edc-board/gpio.o
 .debug_frame   0x00000000000020f0       0xb4 ./haawking-drivers/haawking-dsc280025_edc-board/i2c.o
 .debug_frame   0x00000000000021a4       0xdc ./haawking-drivers/haawking-dsc280025_edc-board/interrupt.o
 .debug_frame   0x0000000000002280      0x1b8 ./haawking-drivers/haawking-dsc280025_edc-board/sci.o
 .debug_frame   0x0000000000002438      0x280 ./haawking-drivers/haawking-dsc280025_edc-board/spi.o
 .debug_frame   0x00000000000026b8      0x290 ./haawking-drivers/haawking-dsc280025_edc-board/sysctl.o
 .debug_frame   0x0000000000002948       0x8c ./haawking-drivers/haawking-dsc280025_edc-board/xbar.o
 .debug_frame   0x00000000000029d4      0x140 ./device/device.o

.debug_line     0x0000000000000000    0x1e15d
 .debug_line    0x0000000000000000     0x1c6f ./src_control/hall_bldc.o
 .debug_line    0x0000000000001c6f     0x27b7 ./src_control/motor_common.o
 .debug_line    0x0000000000004426     0x62b1 ./src_control/motor_drive.o
 .debug_line    0x000000000000a6d7     0x119e ./src_board/drv8323s.o
 .debug_line    0x000000000000b875     0x56b8 ./src_board/hal.o
 .debug_line    0x0000000000010f2d      0xc33 ./src_board/user_mtr1.o
 .debug_line    0x0000000000011b60      0xc33 ./src_board/user_mtr2.o
 .debug_line    0x0000000000012793      0xe28 ./src/main.o
 .debug_line    0x00000000000135bb      0x12f ./haawking-drivers/haawking-dsc280025_edc-board/common/crt.o
 .debug_line    0x00000000000136ea     0x2e3b ./haawking-drivers/haawking-dsc280025_edc-board/common/syscalls.o
 .debug_line    0x0000000000016525       0x80 ./haawking-drivers/haawking-dsc280025_edc-board/SysCtl_delay.o
 .debug_line    0x00000000000165a5       0x78 ./haawking-drivers/haawking-dsc280025_edc-board/__disable_interrputs.o
 .debug_line    0x000000000001661d       0x77 ./haawking-drivers/haawking-dsc280025_edc-board/__enable_interrupts.o
 .debug_line    0x0000000000016694      0x5b4 ./haawking-drivers/haawking-dsc280025_edc-board/cmpss.o
 .debug_line    0x0000000000016c48      0x1fe ./haawking-drivers/haawking-dsc280025_edc-board/cputimer.o
 .debug_line    0x0000000000016e46      0xd9a ./haawking-drivers/haawking-dsc280025_edc-board/epwm.o
 .debug_line    0x0000000000017be0      0x571 ./haawking-drivers/haawking-dsc280025_edc-board/flash.o
 .debug_line    0x0000000000018151      0xe84 ./haawking-drivers/haawking-dsc280025_edc-board/gpio.o
 .debug_line    0x0000000000018fd5      0x601 ./haawking-drivers/haawking-dsc280025_edc-board/i2c.o
 .debug_line    0x00000000000195d6      0x784 ./haawking-drivers/haawking-dsc280025_edc-board/interrupt.o
 .debug_line    0x0000000000019d5a      0xc18 ./haawking-drivers/haawking-dsc280025_edc-board/sci.o
 .debug_line    0x000000000001a972     0x13ec ./haawking-drivers/haawking-dsc280025_edc-board/spi.o
 .debug_line    0x000000000001bd5e     0x17c8 ./haawking-drivers/haawking-dsc280025_edc-board/sysctl.o
 .debug_line    0x000000000001d526      0x5f9 ./haawking-drivers/haawking-dsc280025_edc-board/xbar.o
 .debug_line    0x000000000001db1f      0x63e ./device/device.o

.debug_aranges  0x0000000000000000       0x88
 .debug_aranges
                0x0000000000000000       0x28 ./haawking-drivers/haawking-dsc280025_edc-board/common/crt.o
 .debug_aranges
                0x0000000000000028       0x20 ./haawking-drivers/haawking-dsc280025_edc-board/SysCtl_delay.o
 .debug_aranges