Archive member included to satisfy reference by file (symbol)

../lib\libHXFASTLib_HX280025_libV2.0.a(estlib.o)
                              ./src_control/motor_drive.o (EST_setParams)
D:/Haawking-IDE_v2.2.11Pre/haawking-tools/segger_lib\libhaawking-segger_imfc.a(floatops.o)
                              ./src_control/motor_common.o (sqrtf)
D:/Haawking-IDE_v2.2.11Pre/haawking-tools/segger_lib\libhaawking-segger_imfc.a(intops.o)
                              ./haawking-drivers/haawking-dsc280025_edc-board/common/syscalls.o (__udivdi3)
D:/Haawking-IDE_v2.2.11Pre/haawking-tools/segger_lib\libhaawking-segger_imfc.a(floatasmops_rv.o)
                              ./haawking-drivers/haawking-dsc280025_edc-board/common/syscalls.o (__subdf3)
D:/Haawking-IDE_v2.2.11Pre/haawking-tools/segger_lib\libhaawking-segger_imfc.a(intasmops_rv.o)
                              D:/Haawking-IDE_v2.2.11Pre/haawking-tools/segger_lib\libhaawking-segger_imfc.a(floatops.o) (__ashldi3)

Discarded input sections

 .text          0x0000000000000000        0x2 ./src_control/hall_fast/hall.o
 .text.HALL_resetParams
                0x0000000000000000       0x26 ./src_control/hall_fast/hall.o
 .llvm_addrsig  0x0000000000000000        0x0 ./src_control/hall_fast/hall.o
 .text          0x0000000000000000        0x2 ./src_control/hall_bldc/hall_bldc.o
 .sdata         0x0000000000000000        0x4 ./src_control/hall_bldc/hall_bldc.o
 .debug_abbrev  0x0000000000000000       0x2c ./src_control/hall_bldc/hall_bldc.o
 .debug_info    0x0000000000000000       0x38 ./src_control/hall_bldc/hall_bldc.o
 .debug_str     0x0000000000000000      0x18d ./src_control/hall_bldc/hall_bldc.o
 .comment       0x0000000000000000       0xa3 ./src_control/hall_bldc/hall_bldc.o
 .note.GNU-stack
                0x0000000000000000        0x0 ./src_control/hall_bldc/hall_bldc.o
 .riscv.attributes
                0x0000000000000000       0x2b ./src_control/hall_bldc/hall_bldc.o
 .debug_line    0x0000000000000000       0x45 ./src_control/hall_bldc/hall_bldc.o
 .llvm_addrsig  0x0000000000000000        0x0 ./src_control/hall_bldc/hall_bldc.o
 .text          0x0000000000000000        0x2 ./src_control/motor_common.o
 .llvm_addrsig  0x0000000000000000       0x36 ./src_control/motor_common.o
 .text          0x0000000000000000        0x2 ./src_control/motor_drive.o
 .ramgs0        0x0000000000000000        0x8 ./src_control/motor_drive.o
 .llvm_addrsig  0x0000000000000000       0xfa ./src_control/motor_drive.o
 .text          0x0000000000000000        0x2 ./src_board/drv8323s.o
 .text.DRV8323_getPeakSourCurHS
                0x0000000000000000       0x1e ./src_board/drv8323s.o
 .text.DRV8323_getPeakSinkCurHS
                0x0000000000000000       0x1c ./src_board/drv8323s.o
 .text.DRV8323_getPeakSourTime
                0x0000000000000000       0x1a ./src_board/drv8323s.o
 .text.DRV8323_getPeakSourCurLS
                0x0000000000000000       0x1a ./src_board/drv8323s.o
 .text.DRV8323_getPeakSinkCurLS
                0x0000000000000000       0x18 ./src_board/drv8323s.o
 .text.DRV8323_getVDSDeglitch
                0x0000000000000000       0x1e ./src_board/drv8323s.o
 .text.DRV8323_getDeadTime
                0x0000000000000000       0x1e ./src_board/drv8323s.o
 .text.DRV8323_getPWMMode
                0x0000000000000000       0x1a ./src_board/drv8323s.o
 .text.DRV8323_readData
                0x0000000000000000      0x102 ./src_board/drv8323s.o
 .llvm_addrsig  0x0000000000000000       0x17 ./src_board/drv8323s.o
 .text          0x0000000000000000        0x2 ./src_board/hal.o
 .text.HAL_disableGlobalInts
                0x0000000000000000       0x14 ./src_board/hal.o
 .text.HAL_disableWdog
                0x0000000000000000       0x12 ./src_board/hal.o
 .text.HAL_readDRVData
                0x0000000000000000       0x1a ./src_board/hal.o
 .text.HAL_setupPeripheralClks
                0x0000000000000000      0x18e ./src_board/hal.o
 .text.HAL_setupADCTriggerTimer
                0x0000000000000000       0x66 ./src_board/hal.o
 .text.CPUTimer_enableInterrupt
                0x0000000000000000       0x40 ./src_board/hal.o
 .text.HAL_clearDataRAM
                0x0000000000000000       0x3c ./src_board/hal.o
 .llvm_addrsig  0x0000000000000000      0x145 ./src_board/hal.o
 .text          0x0000000000000000        0x2 ./src_board/user_mtr1.o
 .llvm_addrsig  0x0000000000000000        0x0 ./src_board/user_mtr1.o
 .text          0x0000000000000000        0x2 ./src_board/user_mtr2.o
 .llvm_addrsig  0x0000000000000000        0x0 ./src_board/user_mtr2.o
 .text          0x0000000000000000        0x2 ./src/main.o
 .llvm_addrsig  0x0000000000000000       0x4c ./src/main.o
 .text          0x0000000000000000        0x4 ./haawking-drivers/haawking-dsc280025_edc-board/common/crt.o
 .text          0x0000000000000000      0x2d6 ./haawking-drivers/haawking-dsc280025_edc-board/common/hx_fintdiv.o
[...]
Memory Configuration

Name             Origin             Length             Attributes
AdcaRegs_FILE    0x0000000000001800 0x0000000000000110 xrw
AdcaResultRegs_FILE 0x0000000000001940 0x0000000000000050 xrw
AdccRegs_FILE    0x0000000000001c00 0x0000000000000110 xrw
AdccResultRegs_FILE 0x0000000000001d40 0x0000000000000050 xrw
HicRegs_FILE     0x0000000000002800 0x0000000000000100 xrw
DmaRegs_FILE     0x0000000000003000 0x0000000000000380 xrw
BgcrcCpuRegs_FILE 0x0000000000003400 0x0000000000000110 xrw
MemCfgRegs_FILE  0x0000000000003800 0x000000000000005c xrw
MemoryErrorRegs_FILE 0x000000000000385c 0x0000000000000040 xrw
AccessProtectionRegs_FILE 0x000000000000389c 0x0000000000000050 xrw
CpuTimer0Regs_FILE 0x0000000000005000 0x0000000000000010 xrw
CpuTimer1Regs_FILE 0x0000000000005010 0x0000000000000010 xrw
CpuTimer2Regs_FILE 0x0000000000005020 0x0000000000000010 xrw
PieCtrlRegs_FILE 0x0000000000005100 0x0000000000000068 xrw
XintRegs_FILE    0x0000000000005200 0x0000000000000020 xrw
NmiIntruptRegs_FILE 0x0000000000005300 0x0000000000000030 xrw
PieVectTable_FILE 0x0000000000005800 0x0000000000000400 xrw
CanaRegs_FILE    0x0000000000006000 0x0000000000000164 xrw
EPwm1Regs_FILE   0x000000000000a000 0x00000000000003fc xrw
EPwm2Regs_FILE   0x000000000000a400 0x00000000000003fc xrw
EPwm3Regs_FILE   0x000000000000a800 0x00000000000003fc xrw
EPwm4Regs_FILE   0x000000000000ac00 0x00000000000003fc xrw
EPwm5Regs_FILE   0x000000000000b000 0x00000000000003fc xrw
EPwm6Regs_FILE   0x000000000000b400 0x00000000000003fc xrw
EPwm7Regs_FILE   0x000000000000b800 0x00000000000003fc xrw
Clb1LogicCfgRegs_FILE 0x000000000000c000 0x00000000000000ac xrw
Clb1LogicCtrlRegs_FILE 0x000000000000c100 0x0000000000000080 xrw
Clb1DataExchRegs_FILE 0x000000000000c180 0x0000000000000084 xrw
Clb2LogicCfgRegs_FILE 0x000000000000c400 0x00000000000000ac xrw
Clb2LogicCtrlRegs_FILE 0x000000000000c500 0x0000000000000080 xrw
Clb2DataExchRegs_FILE 0x000000000000c580 0x0000000000000084 xrw
EQep1Regs_FILE   0x000000000000d000 0x0000000000000070 xrw
EQep2Regs_FILE   0x000000000000d140 0x0000000000000070 xrw
ECap1Regs_FILE   0x000000000000d400 0x0000000000000040 xrw
ECap2Regs_FILE   0x000000000000d480 0x0000000000000040 xrw
ECap3Regs_FILE   0x000000000000d500 0x0000000000000040 xrw
HRCap3Regs_FILE  0x000000000000d780 0x000000000000006c xrw
Cmpss1Regs_FILE  0x000000000000d800 0x0000000000000058 xrw
Cmpss2Regs_FILE  0x000000000000d880 0x0000000000000058 xrw
Cmpss3Regs_FILE  0x000000000000d900 0x0000000000000058 xrw
Cmpss4Regs_FILE  0x000000000000d980 0x0000000000000058 xrw
SpiaRegs_FILE    0x000000000000e000 0x000000000000003c xrw
SpibRegs_FILE    0x000000000000e080 0x000000000000003c xrw
PmbusaRegs_FILE  0x000000000000e400 0x000000000000003c xrw
FsiRxaRegs_FILE  0x000000000000e800 0x0000000000000200 xrw
FsiTxaRegs_FILE  0x000000000000ea00 0x0000000000000200 xrw
I2saRegs_FILE    0x000000000000ec00 0x0000000000000038 xrw
InputXbarRegs_FILE 0x0000000000031000 0x000000000000007c xrw
XbarRegs_FILE    0x0000000000031080 0x0000000000000020 xrw
ClbInputXbarRegs_FILE 0x0000000000031180 0x000000000000007c xrw
EPwmXbarRegs_FILE 0x0000000000031400 0x0000000000000078 xrw
ClbXbarRegs_FILE 0x0000000000031500 0x0000000000000080 xrw
OutputXbarRegs_FILE 0x0000000000031600 0x0000000000000080 xrw
ClbOutputXbarRegs_FILE 0x0000000000031b00 0x0000000000000080 xrw
EradGlobalRegs_FILE 0x0000000000032800 0x00000000000000fc xrw
EradHWBP1Regs_FILE 0x00000000000328fc 0x0000000000000014 xrw
EradHWBP2Regs_FILE 0x0000000000032910 0x0000000000000014 xrw
EradHWBP3Regs_FILE 0x0000000000032924 0x0000000000000014 xrw
EradHWBP4Regs_FILE 0x0000000000032938 0x0000000000000014 xrw
EradHWBP5Regs_FILE 0x000000000003294c 0x0000000000000014 xrw
EradHWBP6Regs_FILE 0x0000000000032960 0x0000000000000014 xrw
EradHWBP7Regs_FILE 0x0000000000032974 0x0000000000000014 xrw
EradHWBP8Regs_FILE 0x0000000000032988 0x0000000000000014 xrw
EradCounter1Regs_FILE 0x000000000003299c 0x0000000000000024 xrw
EradCounter2Regs_FILE 0x00000000000329c0 0x0000000000000024 xrw
EradCounter3Regs_FILE 0x00000000000329e4 0x0000000000000024 xrw
EradCounter4Regs_FILE 0x0000000000032a08 0x0000000000000024 xrw
EradCRCGlobalRegs_FILE 0x0000000000032a2c 0x0000000000000004 xrw
EradCRC1Regs_FILE 0x0000000000032a30 0x000000000000000c xrw
EradCRC2Regs_FILE 0x0000000000032a3c 0x000000000000000c xrw
EradCRC3Regs_FILE 0x0000000000032a48 0x000000000000000c xrw
EradCRC4Regs_FILE 0x0000000000032a54 0x000000000000000c xrw
EradCRC5Regs_FILE 0x0000000000032a60 0x000000000000000c xrw
EradCRC6Regs_FILE 0x0000000000032a6c 0x000000000000000c xrw
EradCRC7Regs_FILE 0x0000000000032a78 0x000000000000000c xrw
EradCRC8Regs_FILE 0x0000000000032a84 0x000000000000000c xrw
Dcc0Regs_FILE    0x0000000000033000 0x000000000000003c xrw
Dcc1Regs_FILE    0x0000000000033080 0x000000000000003c xrw
GpioCtrlRegs_FILE 0x0000000000033800 0x0000000000000600 xrw
GpioDataRegs_FILE 0x0000000000033e00 0x0000000000000100 xrw
GpioDataReadRegs_FILE 0x0000000000033f00 0x0000000000000074 xrw
LinaRegs_FILE    0x0000000000034000 0x0000000000000074 xrw
LinbRegs_FILE    0x0000000000034080 0x0000000000000074 xrw
SciaRegs_FILE    0x0000000000034400 0x000000000000003c xrw
I2caRegs_FILE    0x0000000000034800 0x000000000000003c xrw
I2cbRegs_FILE    0x0000000000034880 0x000000000000003c xrw
ClkCfgRegs_FILE  0x0000000000038000 0x0000000000000080 xrw
CpuSysRegs_FILE  0x0000000000038200 0x0000000000000108 xrw
DevCfgRegs_FILE  0x0000000000038400 0x000000000000033c xrw
SysPeriphAcRegs_FILE 0x0000000000038800 0x0000000000000400 xrw
SyncSocRegs_FILE 0x0000000000038c00 0x000000000000003c xrw
DmaClaSrcSelRegs_FILE 0x0000000000038d00 0x0000000000000034 xrw
WdRegs_FILE      0x0000000000038e00 0x0000000000000058 xrw
AnalogSubsysRegs_FILE 0x0000000000039000 0x0000000000000024 xrw
DcsmBank0Z1Regs_FILE 0x0000000000039400 0x0000000000000048 xrw
DcsmBank0Z2Regs_FILE 0x0000000000039450 0x0000000000000048 xrw
DcsmCommonRegs_FILE 0x00000000000394a0 0x0000000000000020 xrw
DcsmBank0Z1OtpRegs_FILE 0x00000000007a0000 0x0000000000000400 xrw
DcsmBank0Z2OtpRegs_FILE 0x00000000007a0400 0x0000000000000400 xrw
Flash0CtrlRegs_FILE 0x00000000007af000 0x0000000000000200 xrw
Flash0EccRegs_FILE 0x00000000007af200 0x0000000000000050 xrw
BOOTROM_FILE     0x00000000007e0000 0x0000000000020000 xr
BOOT_RSVD        0x0000000000000000 0x0000000000000200 xrw
PRAMM0           0x0000000000000200 0x0000000000000600 xrw
PRAMM1           0x0000000000000800 0x0000000000000800 xrw
PRAMLS4567       0x0000000000010000 0x0000000000008000 xrw
RAMGS0           0x0000000000018000 0x0000000000002000 xrw
BEGIN            0x0000000000600000 0x0000000000000010 xrw
FLASH            0x0000000000600010 0x000000000003fff0 xrw
USER_OTP_FILE    0x00000000007a0000 0x0000000000000800 rw
IER_REGISTER_FILE 0x0000000000100c10 0x0000000000000004 rw
IFR_REGISTER_FILE 0x0000000000100d10 0x0000000000000004 rw
*default*        0x0000000000000000 0xffffffffffffffff

Linker script and memory map

                0x0000000000000000                IDE_VERSION_2_2_11Pre = 0x0
LOAD ./src_control/hall_fast/hall.o
LOAD ./src_control/hall_bldc/hall_bldc.o
LOAD ./src_control/motor_common.o
LOAD ./src_control/motor_drive.o
LOAD ./src_board/drv8323s.o
LOAD ./src_board/hal.o
LOAD ./src_board/user_mtr1.o
LOAD ./src_board/user_mtr2.o
LOAD ./src/main.o
LOAD ./haawking-drivers/haawking-dsc280025_edc-board/common/crt.o
LOAD ./haawking-drivers/haawking-dsc280025_edc-board/common/hx_fintdiv.o
LOAD ./haawking-drivers/haawking-dsc280025_edc-board/common/hx_intrinsics.o
LOAD ./haawking-drivers/haawking-dsc280025_edc-board/common/syscalls.o
LOAD ./haawking-drivers/haawking-dsc280025_edc-board/SysCtl_delay.o
LOAD ./haawking-drivers/haawking-dsc280025_edc-board/__disable_interrputs.o
LOAD ./haawking-drivers/haawking-dsc280025_edc-board/__enable_interrupts.o
LOAD ./haawking-drivers/haawking-dsc280025_edc-board/adc.o
LOAD ./haawking-drivers/haawking-dsc280025_edc-board/asysctl.o
LOAD ./haawking-drivers/haawking-dsc280025_edc-board/bgcrc.o
LOAD ./haawking-drivers/haawking-dsc280025_edc-board/can.o
LOAD ./haawking-drivers/haawking-dsc280025_edc-board/clb.o
LOAD ./haawking-drivers/haawking-dsc280025_edc-board/cmpss.o
LOAD ./haawking-drivers/haawking-dsc280025_edc-board/cputimer.o
LOAD ./haawking-drivers/haawking-dsc280025_edc-board/dcc.o
LOAD ./haawking-drivers/haawking-dsc280025_edc-board/dcsm.o
LOAD ./haawking-drivers/haawking-dsc280025_edc-board/dma.o
LOAD ./haawking-drivers/haawking-dsc280025_edc-board/ecap.o
LOAD ./haawking-drivers/haawking-dsc280025_edc-board/epwm.o
LOAD ./haawking-drivers/haawking-dsc280025_edc-board/eqep.o
LOAD ./haawking-drivers/haawking-dsc280025_edc-board/erad.o
LOAD ./haawking-drivers/haawking-dsc280025_edc-board/flash.o
LOAD ./haawking-drivers/haawking-dsc280025_edc-board/fsi.o
LOAD ./haawking-drivers/haawking-dsc280025_edc-board/gpio.o
LOAD ./haawking-drivers/haawking-dsc280025_edc-board/hic.o
LOAD ./haawking-drivers/haawking-dsc280025_edc-board/hrpwm.o
LOAD ./haawking-drivers/haawking-dsc280025_edc-board/i2c.o
LOAD ./haawking-drivers/haawking-dsc280025_edc-board/interrupt.o
LOAD ./haawking-drivers/haawking-dsc280025_edc-board/lin.o
LOAD ./haawking-drivers/haawking-dsc280025_edc-board/memcfg.o
LOAD ./haawking-drivers/haawking-dsc280025_edc-board/pmbus.o
LOAD ./haawking-drivers/haawking-dsc280025_edc-board/sci.o
LOAD ./haawking-drivers/haawking-dsc280025_edc-board/spi.o
LOAD ./haawking-drivers/haawking-dsc280025_edc-board/sysctl.o
LOAD ./haawking-drivers/haawking-dsc280025_edc-board/userotp.o
LOAD ./haawking-drivers/haawking-dsc280025_edc-board/version.o
LOAD ./haawking-drivers/haawking-dsc280025_edc-board/xbar.o
LOAD ./device/device.o
LOAD ../lib\libIQmath_fpu32.a
LOAD ../lib\libHXFASTLib_HX280025_libV2.0.a
LOAD D:/Haawking-IDE_v2.2.11Pre/haawking-tools/segger_lib\libhaawking-segger_imfc.a

.AdcaRegs
 *(.AdcaRegs)

.AdcaResultRegs
 *(.AdcaResultRegs)

.AdccRegs
 *(.AdccRegs)

.AdccResultRegs
 *(.AdccResultRegs)

.HicRegs
 *(.HicRegs)

.DmaRegs
 *(.DmaRegs)

.BgcrcCpuRegs
 *(.BgcrcCpuRegs)

.MemCfgRegs
 *(.MemCfgRegs)

.MemoryErrorRegs
 *(.MemoryErrorRegs)

.AccessProtectionRegs
 *(.AccessProtectionRegs)

.CpuTimer0Regs
 *(.CpuTimer0Regs)

.CpuTimer1Regs
 *(.CpuTimer1Regs)

.CpuTimer2Regs
 *(.CpuTimer2Regs)

.PieCtrlRegs
 *(.PieCtrlRegs)

.XintRegs
 *(.XintRegs)

.NmiIntruptRegs
 *(.NmiIntruptRegs)

.PieVectTable
 *(.PieVectTable)

.CanaRegs
 *(.CanaRegs)

.EPwm1Regs
 *(.EPwm1Regs)

.EPwm2Regs
 *(.EPwm2Regs)

.EPwm3Regs
 *(.EPwm3Regs)

.EPwm4Regs
 *(.EPwm4Regs)

.EPwm5Regs
 *(.EPwm5Regs)

.EPwm6Regs
 *(.EPwm6Regs)

.EPwm7Regs
 *(.EPwm7Regs)

.Clb1LogicCfgRegs
 *(.Clb1LogicCfgRegs)

.Clb1LogicCtrlRegs
 *(.Clb1LogicCtrlRegs)

.Clb1DataExchRegs
 *(.Clb1DataExchRegs)

.Clb2LogicCfgRegs
 *(.Clb2LogicCfgRegs)

.Clb2LogicCtrlRegs
 *(.Clb2LogicCtrlRegs)

.Clb2DataExchRegs
 *(.Clb2DataExchRegs)

.EQep1Regs
 *(.EQep1Regs)

.EQep2Regs
 *(.EQep2Regs)

.ECap1Regs
 *(.ECap1Regs)

.ECap2Regs
 *(.ECap2Regs)

.ECap3Regs
 *(.ECap3Regs)

.HRCap3Regs
 *(.HRCap3Regs)

.Cmpss1Regs
 *(.Cmpss1Regs)

.Cmpss2Regs
 *(.Cmpss2Regs)

.Cmpss3Regs
 *(.Cmpss3Regs)

.Cmpss4Regs
 *(.Cmpss4Regs)

.SpiaRegs
 *(.SpiaRegs)

.SpibRegs
 *(.SpibRegs)

.PmbusaRegs
 *(.PmbusaRegs)

.FsiRxaRegs
 *(.FsiRxaRegs)

.FsiTxaRegs
 *(.FsiTxaRegs)

.I2saRegs
 *(.I2saRegs)

.InputXbarRegs
 *(.InputXbarRegs)

.XbarRegs
 *(.XbarRegs)

.ClbInputXbarRegs
 *(.ClbInputXbarRegs)

.EPwmXbarRegs
 *(.EPwmXbarRegs)

.ClbXbarRegs
 *(.ClbXbarRegs)

.OutputXbarRegs
 *(.OutputXbarRegs)

.ClbOutputXbarRegs
 *(.ClbOutputXbarRegs)

.EradGlobalRegs
 *(.EradGlobalRegs)

.EradHWBP1Regs
 *(.EradHWBP1Regs)

.EradHWBP2Regs
 *(.EradHWBP2Regs)

.EradHWBP3Regs
 *(.EradHWBP3Regs)

.EradHWBP4Regs
 *(.EradHWBP4Regs)

.EradHWBP5Regs
 *(.EradHWBP5Regs)

.EradHWBP6Regs
 *(.EradHWBP6Regs)

.EradHWBP7Regs
 *(.EradHWBP7Regs)

.EradHWBP8Regs
 *(.EradHWBP8Regs)

.EradCounter1Regs
 *(.EradCounter1Regs)

.EradCounter2Regs
 *(.EradCounter2Regs)

.EradCounter3Regs
 *(.EradCounter3Regs)

.EradCounter4Regs
 *(.EradCounter4Regs)

.EradCRCGlobalRegs
 *(.EradCRCGlobalRegs)

.EradCRC1Regs
 *(.EradCRC1Regs)

.EradCRC2Regs
 *(.EradCRC2Regs)

.EradCRC3Regs
 *(.EradCRC3Regs)

.EradCRC4Regs
 *(.EradCRC4Regs)

.EradCRC5Regs
 *(.EradCRC5Regs)

.EradCRC6Regs
 *(.EradCRC6Regs)

.EradCRC7Regs
 *(.EradCRC7Regs)

.EradCRC8Regs
 *(.EradCRC8Regs)

.Dcc0Regs
 *(.Dcc0Regs)

.Dcc1Regs
 *(.Dcc1Regs)

.GpioCtrlRegs
 *(.GpioCtrlRegs)

.GpioDataRegs
 *(.GpioDataRegs)

.GpioDataReadRegs
 *(.GpioDataReadRegs)

.LinaRegs
 *(.LinaRegs)

.LinbRegs
 *(.LinbRegs)

.SciaRegs
 *(.SciaRegs)

.I2caRegs
 *(.I2caRegs)

.I2cbRegs
 *(.I2cbRegs)

.ClkCfgRegs
 *(.ClkCfgRegs)

.CpuSysRegs
 *(.CpuSysRegs)

.DevCfgRegs
 *(.DevCfgRegs)

.SysPeriphAcRegs
 *(.SysPeriphAcRegs)

.SyncSocRegs
 *(.SyncSocRegs)

.DmaClaSrcSelRegs
 *(.DmaClaSrcSelRegs)

.WdRegs
 *(.WdRegs)

.AnalogSubsysRegs
 *(.AnalogSubsysRegs)

.DcsmBank0Z1Regs
 *(.DcsmBank0Z1Regs)

.DcsmBank0Z2Regs
 *(.DcsmBank0Z2Regs)

.DcsmCommonRegs
 *(.DcsmCommonRegs)

.DcsmBank0Z1OtpRegs
 *(.DcsmBank0Z1OtpRegs)

.DcsmBank0Z2OtpRegs
 *(.DcsmBank0Z2OtpRegs)

.Flash0CtrlRegs
 *(.Flash0CtrlRegs)

.Flash0EccRegs
 *(.Flash0EccRegs)

_IQsinTable     0x00000000007e2804        0x0
                0x00000000007e2804                IQsinTable = .
                0x00000000007e2a04                IQcosTable = (. + 0x200)

_IQdivRoundSatTable
                0x00000000007e3208        0x0
                0x00000000007e3208                IQdivRoundSatTable = .

_IQdivTable     0x00000000007e3224        0x0
                0x00000000007e3224                IQdivTable = .

_IQisqrtRoundSatTable
                0x00000000007e3628        0x0
                0x00000000007e3628                IQisqrtRoundSatTable = .

_IQisqrtTable   0x00000000007e3648        0x0
                0x00000000007e3648                IQisqrtTable = .

_IQatan2HalfPITable
                0x00000000007e384c        0x0
                0x00000000007e384c                IQatan2HalfPITable = .

_IQatan2Table   0x00000000007e38c8        0x0
                0x00000000007e38c8                IQatan2Table = .

_IQexpTableMinMax
                0x00000000007e3ea4        0x0
                0x00000000007e3ea4                IQexpTableMinMax = .

_IQexpTableCoeff
                0x00000000007e3f94        0x0
                0x00000000007e3f94                IQexpTableCoeff = .

_IQasinTable    0x00000000007e3fbc        0x0
                0x00000000007e3fbc                IQasinTable = .
                0x0000000000000800                . = 0x800

.M1             0x0000000000000800        0x0
                0x0000000000001000                __global_sp$ = (. + 0x800)
                0x0000000000010000                . = 0x10000

.sdata          0x0000000000010000     0x2982 load address 0x000000000060a140
                0x0000000000010000                __data_start = .
                0x0000000000010800                __global_pointer$ = (. + 0x800)
 *(.data)
 .data          0x0000000000010000      0xec8 ./src_control/motor_drive.o
                0x0000000000010000                motorSetVars
                0x0000000000010158                userParams
                0x0000000000010578                halMtr
                0x0000000000010610                drvicVars
                0x0000000000010658                hall_M1
                0x0000000000010728                clarke_V
                0x0000000000010740                clarke_I
                0x0000000000010758                ipark_V
                0x0000000000010768                park_I
                0x0000000000010778                park_V
                0x0000000000010788                pi_Id
                0x00000000000107c8                pi_Iq
                0x0000000000010808                pi_spd
                0x0000000000010848                svgen
                0x0000000000010860                traj_spd
                0x0000000000010888                hall_M2
                0x0000000000010958                motorVars
                0x0000000000010ec0                motorHandle
 *(.data.*)
 *(.srodata.cst16)
 *(.srodata.cst8)
 *(.srodata.cst4)
 *(.srodata.cst2)
 *(.srodata*)
 *(.sdata .sdata.* .gnu.linkonce.s.*)
 .sdata         0x0000000000010ec8        0xc ./src_control/hall_fast/hall.o
 .sdata         0x0000000000010ed4       0x1c ./src_control/motor_common.o
 .sdata         0x0000000000010ef0       0x98 ./src_control/motor_drive.o
 .sdata         0x0000000000010f88        0xc ./src_board/hal.o
 .sdata         0x0000000000010f94       0x10 ./src_board/user_mtr1.o
 .sdata         0x0000000000010fa4       0x10 ./src_board/user_mtr2.o
 .sdata         0x0000000000010fb4        0xc ./src/main.o
                0x0000000000010fbc                test_div
 .sdata         0x0000000000010fc0       0x14 ./haawking-drivers/haawking-dsc280025_edc-board/sysctl.o
 *(LS4567)
 *(ramfuncs)
 ramfuncs       0x0000000000010fd4     0x16a6 ./src_control/motor_drive.o
                0x0000000000010fd4                motorCtrlISR
 *fill*         0x000000000001267a        0x2 
 ramfuncs       0x000000000001267c       0x26 ./haawking-drivers/haawking-dsc280025_edc-board/SysCtl_delay.o
                0x000000000001267c                SysCtl_delay
 *fill*         0x00000000000126a2        0x2 
 ramfuncs       0x00000000000126a4      0x2de ./haawking-drivers/haawking-dsc280025_edc-board/flash.o
                0x00000000000126a4                Flash_initModule
                0x000000000001291e                Flash_powerDown
                0x0000000000012950                Flash_wakeFromLPM
                0x0000000000012988                __data_end = ALIGN (0x8)

.sbss           0x0000000000012a00        0xc load address 0x000000000060cb40
                0x0000000000012a00                __bss_start = .
 *(.sbss .sbss.* .gnu.linkonce.sb.*)
 .sbss          0x0000000000012a00        0x4 ./src_control/motor_common.o
                0x0000000000012a00                halHandle
 .sbss          0x0000000000012a04        0x8 ./src/main.o
                0x0000000000012a04                delta_angle
                0x0000000000012a08                cpuTimeHandle
 *(.scommon)

.bss            0x0000000000012a10      0xadc load address 0x000000000060cb50
 *(.bss)
 *(.bss.*)
 .bss.hal       0x0000000000012a10       0x50 ./src_control/motor_common.o
                0x0000000000012a10                hal
 .bss.cpuTime   0x0000000000012a60       0x24 ./src/main.o
                0x0000000000012a60                cpuTime
 .bss.systemVars
                0x0000000000012a84       0x18 ./src/main.o
                0x0000000000012a84                systemVars
 .bss.est_motor_1
                0x0000000000012a9c      0x528 ../lib\libHXFASTLib_HX280025_libV2.0.a(estlib.o)
                0x0000000000012a9c                est_motor_1
 .bss.est_motor_2
                0x0000000000012fc4      0x528 ../lib\libHXFASTLib_HX280025_libV2.0.a(estlib.o)
                0x0000000000012fc4                est_motor_2
 *(COMMON)
                0x00000000000134f0                __bss_end = ALIGN (0x8)
                0x0000000000018000                . = 0x18000

.ramgs0         0x0000000000018000        0x0 load address 0x000000000060cac8
                0x0000000000018000                __gs_data_start = .
 *(ramgs0)
                0x0000000000018000                __gs_data_end = ALIGN (0x8)
                0x0000000000100c10                . = 0x100c10

.IER_REGISTER   0x0000000000100c10        0x4
 *(.ier_register)
 .ier_register  0x0000000000100c10        0x4 ./haawking-drivers/haawking-dsc280025_edc-board/interrupt.o
                0x0000000000100c10                IER
                0x0000000000100d10                . = 0x100d10

.IFR_REGISTER   0x0000000000100d10        0x4
 *(.ifr_register)
 .ifr_register  0x0000000000100d10        0x4 ./haawking-drivers/haawking-dsc280025_edc-board/interrupt.o
                0x0000000000100d10                IFR
                0x0000000000600000                . = 0x600000

.codestart      0x0000000000600000        0x4
 *(codestart)
 codestart      0x0000000000600000        0x4 ./haawking-drivers/haawking-dsc280025_edc-board/common/crt.o
                0x0000000000600000                _start
                0x0000000000600000                haawking_start@VERS_DSC280025_EDC_V1.0.0
                0x0000000000600010                . = 0x600010

.text.init      0x0000000000600010      0x1c2
 *(.text.init)
 .text.init     0x0000000000600010      0x1c2 ./haawking-drivers/haawking-dsc280025_edc-board/common/crt.o
                0x0000000000600010                _ENTRY

.text           0x00000000006001e0     0x9f60
 *(.text)
 .text          0x00000000006001e0        0x6 ./haawking-drivers/haawking-dsc280025_edc-board/__disable_interrputs.o
                0x00000000006001e0                __disable_interrupts
 *fill*         0x00000000006001e6        0x2 
 .text          0x00000000006001e8        0x6 ./haawking-drivers/haawking-dsc280025_edc-board/__enable_interrupts.o
                0x00000000006001e8                __enable_interrupts
 *(.IQmath.*)
 *(.text*)
 .text.HALL_init
                0x00000000006001ee       0x22 ./src_control/hall_fast/hall.o
                0x00000000006001ee                HALL_init
 .text.HALL_setGPIOs
                0x0000000000600210       0x2e ./src_control/hall_fast/hall.o
                0x0000000000600210                HALL_setGPIOs
 .text.HALL_setParams
                0x000000000060023e       0xa2 ./src_control/hall_fast/hall.o
                0x000000000060023e                HALL_setParams
 .text.HALL_setAngleBuf
                0x00000000006002e0       0x42 ./src_control/hall_fast/hall.o
                0x00000000006002e0                HALL_setAngleBuf
 .text.setupClarke_V
                0x0000000000600322       0x40 ./src_control/motor_common.o
                0x0000000000600322                setupClarke_V
 .text.CLARKE_setScaleFactors
                0x0000000000600362       0x18 ./src_control/motor_common.o
 .text.CLARKE_setNumSensors
                0x000000000060037a       0x12 ./src_control/motor_common.o
 .text.setupClarke_I
                0x000000000060038c       0x50 ./src_control/motor_common.o
                0x000000000060038c                setupClarke_I
 .text.resetMotorControl
                0x00000000006003dc      0x122 ./src_control/motor_common.o
                0x00000000006003dc                resetMotorControl
 .text.TRAJ_setTargetValue
                0x00000000006004fe        0xe ./src_control/motor_common.o
 .text.HAL_disablePWM
                0x000000000060050c       0x30 ./src_control/motor_common.o
 .text.SVGEN_setMode
                0x000000000060053c        0xe ./src_control/motor_common.o
 .text.setupControllers
                0x000000000060054a      0x28a ./src_control/motor_common.o
                0x000000000060054a                setupControllers
 .text.getControllers
                0x00000000006007d4       0x84 ./src_control/motor_common.o
 .text.CPU_TIME_reset
                0x0000000000600858       0x60 ./src_control/motor_common.o
                0x0000000000600858                CPU_TIME_reset
 .text.runMotorMonitor
                0x00000000006008b8      0x3c2 ./src_control/motor_common.o
                0x00000000006008b8                runMotorMonitor
 .text.calculateRMSData
                0x0000000000600c7a      0x21c ./src_control/motor_common.o
                0x0000000000600c7a                calculateRMSData
 .text.restartMotorControl
                0x0000000000600e96       0x6c ./src_control/motor_common.o
                0x0000000000600e96                restartMotorControl
 .text.stopMotorControl
                0x0000000000600f02       0x38 ./src_control/motor_common.o
                0x0000000000600f02                stopMotorControl
 .text.runRsOnLine
                0x0000000000600f3a       0xd2 ./src_control/motor_common.o
                0x0000000000600f3a                runRsOnLine
 .text.updateGlobalVariables
                0x000000000060100c      0x124 ./src_control/motor_common.o
                0x000000000060100c                updateGlobalVariables
 .text.collectRMSData
                0x0000000000601130      0x114 ./src_control/motor_common.o
                0x0000000000601130                collectRMSData
 .text.EPWM_forceTripZoneEvent
                0x0000000000601244       0x56 ./src_control/motor_common.o
 .text.EPWM_isBaseValid
                0x000000000060129a       0x5c ./src_control/motor_common.o
 .text.initMotorHandles
                0x00000000006012f6       0x98 ./src_control/motor_drive.o
                0x00000000006012f6                initMotorHandles
 .text.initMotorCtrlParameters
                0x000000000060138e      0xb82 ./src_control/motor_drive.o
                0x000000000060138e                initMotorCtrlParameters
 .text.SVGEN_setMode
                0x0000000000601f10        0xe ./src_control/motor_drive.o
 .text.TRAJ_setTargetValue
                0x0000000000601f1e        0xe ./src_control/motor_drive.o
 .text.TRAJ_setMinValue
                0x0000000000601f2c        0xe ./src_control/motor_drive.o
 .text.TRAJ_setMaxValue
                0x0000000000601f3a        0xe ./src_control/motor_drive.o
 .text.TRAJ_setMaxDelta
                0x0000000000601f48        0xe ./src_control/motor_drive.o
 .text.HAL_disablePWM
                0x0000000000601f56       0x30 ./src_control/motor_drive.o
 .text.runMotorOffsetsCalculation
                0x0000000000601f86      0x75c ./src_control/motor_drive.o
                0x0000000000601f86                runMotorOffsetsCalculation
 .text.calcMotorOverCurrentThreshold
                0x00000000006026e2       0x54 ./src_control/motor_drive.o
 .text.ADC_setPPBReferenceOffset
                0x0000000000602736       0x3c ./src_control/motor_drive.o
 .text.HAL_enablePWM
                0x0000000000602772       0x68 ./src_control/motor_drive.o
 .text.ADC_clearInterruptStatus
                0x00000000006027da       0x30 ./src_control/motor_drive.o
 .text.ADC_getInterruptStatus
                0x000000000060280a       0x30 ./src_control/motor_drive.o
 .text.runMotorControl
                0x000000000060283a      0x4cc ./src_control/motor_drive.o
                0x000000000060283a                runMotorControl
 .text.HAL_getMtrTripFaults
                0x0000000000602d06       0x32 ./src_control/motor_drive.o
 .text.HAL_clearMtrFaultStatus
                0x0000000000602d38       0x4e ./src_control/motor_drive.o
 .text.HALL_setTimeStamp
                0x0000000000602d86        0xe ./src_control/motor_drive.o
 .text.HAL_calcCAPCount
                0x0000000000602d94       0x64 ./src_control/motor_drive.o
 .text.HALL_run
                0x0000000000602df8      0x170 ./src_control/motor_drive.o
 .text.HALL_getAngle_rad
                0x0000000000602f68        0xc ./src_control/motor_drive.o
 .text.HALL_getSpeed_Hz
                0x0000000000602f74        0xc ./src_control/motor_drive.o
 .text.HALL_setForceAngleAndIndex
                0x0000000000602f80       0xbe ./src_control/motor_drive.o
 .text.EPWM_forceTripZoneEvent
                0x000000000060303e       0x56 ./src_control/motor_drive.o
 .text.EPWM_isBaseValid
                0x0000000000603094       0x5c ./src_control/motor_drive.o
 .text.ADC_isBaseValid
                0x00000000006030f0       0x22 ./src_control/motor_drive.o
 .text.EPWM_getTimeBasePeriod
                0x0000000000603112       0x28 ./src_control/motor_drive.o
 .text.EPWM_setCounterCompareValue
                0x000000000060313a       0x64 ./src_control/motor_drive.o
 .text.CMPSS_clearFilterLatchHigh
                0x000000000060319e       0x32 ./src_control/motor_drive.o
 .text.CMPSS_clearFilterLatchLow
                0x00000000006031d0       0x32 ./src_control/motor_drive.o
 .text.EPWM_clearTripZoneFlag
                0x0000000000603202       0x56 ./src_control/motor_drive.o
 .text.CMPSS_isBaseValid
                0x0000000000603258       0x38 ./src_control/motor_drive.o
 .text.ADC_readResult
                0x0000000000603290       0x3c ./src_control/motor_drive.o
 .text.EPWM_getTripZoneFlagStatus
                0x00000000006032cc       0x2c ./src_control/motor_drive.o
 .text.Interrupt_clearACKGroup
                0x00000000006032f8        0xe ./src_control/motor_drive.o
 .text.TRAJ_getTargetValue
                0x0000000000603306        0xc ./src_control/motor_drive.o
 .text.TRAJ_getMaxDelta
                0x0000000000603312        0xc ./src_control/motor_drive.o
 .text.TRAJ_getMinValue
                0x000000000060331e        0xc ./src_control/motor_drive.o
 .text.TRAJ_getMaxValue
                0x000000000060332a        0xc ./src_control/motor_drive.o
 .text.ECAP_getEventTimeStamp
                0x0000000000603336       0x5c ./src_control/motor_drive.o
 .text.ECAP_isBaseValid
                0x0000000000603392       0x2e ./src_control/motor_drive.o
 .text.HALL_getInputState
                0x00000000006033c0       0x38 ./src_control/motor_drive.o
 .text.GPIO_readPin
                0x00000000006033f8       0x3c ./src_control/motor_drive.o
 .text.GPIO_isPinValid
                0x0000000000603434       0x2a ./src_control/motor_drive.o
 .text.SVGEN_setOneOverDcBus_invV
                0x000000000060345e        0xe ./src_control/motor_drive.o
 .text.SVGEN_getOneOverDcBus_invV
                0x000000000060346c        0xc ./src_control/motor_drive.o
 .text.SVGEN_getMode
                0x0000000000603478        0xc ./src_control/motor_drive.o
 .text.DRV8323_init
                0x0000000000603484       0x16 ./src_board/drv8323s.o
                0x0000000000603484                DRV8323_init
 .text.DRV8323_resetRxTimeout
                0x000000000060349a        0xe ./src_board/drv8323s.o
 .text.DRV8323_resetEnableTimeout
                0x00000000006034a8        0xe ./src_board/drv8323s.o
 .text.DRV8323_enable
                0x00000000006034b6       0xb6 ./src_board/drv8323s.o
                0x00000000006034b6                DRV8323_enable
 .text.GPIO_writePin
                0x000000000060356c       0x50 ./src_board/drv8323s.o
 .text.DRV8323_readSPI
                0x00000000006035bc       0xf2 ./src_board/drv8323s.o
                0x00000000006035bc                DRV8323_readSPI
 .text.DRV8323_setSPIHandle
                0x00000000006036ae        0xe ./src_board/drv8323s.o
                0x00000000006036ae                DRV8323_setSPIHandle
 .text.DRV8323_setGPIOCSNumber
                0x00000000006036bc        0xe ./src_board/drv8323s.o
                0x00000000006036bc                DRV8323_setGPIOCSNumber
 .text.DRV8323_setGPIOENNumber
                0x00000000006036ca        0xe ./src_board/drv8323s.o
                0x00000000006036ca                DRV8323_setGPIOENNumber
 .text.DRV8323_setupSPI
                0x00000000006036d8       0xca ./src_board/drv8323s.o
                0x00000000006036d8                DRV8323_setupSPI
 .text.DRV8323_buildCtrlWord
                0x00000000006037a2       0x1c ./src_board/drv8323s.o
 .text.SPI_resetRxFIFO
                0x00000000006037be       0x36 ./src_board/drv8323s.o
 .text.SPI_enableFIFO
                0x00000000006037f4       0x34 ./src_board/drv8323s.o
 .text.SPI_writeDataBlockingNonFIFO
                0x0000000000603828       0x36 ./src_board/drv8323s.o
 .text.SPI_getRxFIFOStatus
                0x000000000060385e       0x2e ./src_board/drv8323s.o
 .text.SPI_readDataNonBlocking
                0x000000000060388c       0x2a ./src_board/drv8323s.o
 .text.DRV8323_writeSPI
                0x00000000006038b6       0x9c ./src_board/drv8323s.o
                0x00000000006038b6                DRV8323_writeSPI
 .text.DRV8323_writeData
                0x0000000000603952       0xbe ./src_board/drv8323s.o
                0x0000000000603952                DRV8323_writeData
 .text.GPIO_isPinValid
                0x0000000000603a10       0x2a ./src_board/drv8323s.o
 .text.SPI_isBaseValid
                0x0000000000603a3a       0x1e ./src_board/drv8323s.o
 .text.Interrupt_disableGlobal
                0x0000000000603a58       0x14 ./src_board/hal.o
 .text.SysCtl_disableWatchdog
                0x0000000000603a6c       0x1e ./src_board/hal.o
 .text.HAL_enableCtrlInts
                0x0000000000603a8a       0x2a ./src_board/hal.o
                0x0000000000603a8a                HAL_enableCtrlInts
 .text.Interrupt_clearACKGroup
                0x0000000000603ab4        0xe ./src_board/hal.o
 .text.ADC_enableInterrupt
                0x0000000000603ac2       0x54 ./src_board/hal.o
 .text.Interrupt_enableInCPU
                0x0000000000603b16       0x16 ./src_board/hal.o
 .text.HAL_enableDebugInt
                0x0000000000603b2c        0x8 ./src_board/hal.o
                0x0000000000603b2c                HAL_enableDebugInt
 .text.HAL_enableGlobalInts
                0x0000000000603b34        0xe ./src_board/hal.o
                0x0000000000603b34                HAL_enableGlobalInts
 .text.Interrupt_enableGlobal
                0x0000000000603b42       0x14 ./src_board/hal.o
 .text.HAL_init
                0x0000000000603b56       0x90 ./src_board/hal.o
                0x0000000000603b56                HAL_init
 .text.HAL_MTR1_init
                0x0000000000603be6       0x92 ./src_board/hal.o
                0x0000000000603be6                HAL_MTR1_init
 .text.HAL_MTR2_init
                0x0000000000603c78       0x98 ./src_board/hal.o
                0x0000000000603c78                HAL_MTR2_init
 .text.HAL_setParams
                0x0000000000603d10       0x38 ./src_board/hal.o
                0x0000000000603d10                HAL_setParams
 .text.HAL_setupGPIOs
                0x0000000000603d48      0x3f4 ./src_board/hal.o
                0x0000000000603d48                HAL_setupGPIOs
 .text.HAL_setupADCs
                0x000000000060413c      0x246 ./src_board/hal.o
                0x000000000060413c                HAL_setupADCs
 .text.HAL_setupTimeBaseTimer
                0x0000000000604382       0x46 ./src_board/hal.o
                0x0000000000604382                HAL_setupTimeBaseTimer
 .text.HAL_setupCPUUsageTimer
                0x00000000006043c8       0x36 ./src_board/hal.o
                0x00000000006043c8                HAL_setupCPUUsageTimer
 .text.HAL_setupSCIA
                0x00000000006043fe       0x66 ./src_board/hal.o
                0x00000000006043fe                HAL_setupSCIA
 .text.HAL_setupI2CA
                0x0000000000604464       0xa8 ./src_board/hal.o
                0x0000000000604464                HAL_setupI2CA
 .text.HAL_setupDMA
                0x000000000060450c       0x14 ./src_board/hal.o
                0x000000000060450c                HAL_setupDMA
 .text.HAL_MTR_setParams
                0x0000000000604520       0x40 ./src_board/hal.o
                0x0000000000604520                HAL_MTR_setParams
 .text.HAL_setNumCurrentSensors
                0x0000000000604560       0x12 ./src_board/hal.o
 .text.HAL_setNumVoltageSensors
                0x0000000000604572       0x12 ./src_board/hal.o
 .text.HAL_setupPWMs
                0x0000000000604584      0x372 ./src_board/hal.o
                0x0000000000604584                HAL_setupPWMs
 .text.HAL_setupCMPSSs
                0x00000000006048f6      0x1e4 ./src_board/hal.o
                0x00000000006048f6                HAL_setupCMPSSs
 .text.HAL_setupCAPs
                0x0000000000604ada      0x1a4 ./src_board/hal.o
                0x0000000000604ada                HAL_setupCAPs
 .text.HAL_setupSPI
                0x0000000000604c7e       0x68 ./src_board/hal.o
                0x0000000000604c7e                HAL_setupSPI
 .text.HAL_setupGate
                0x0000000000604ce6       0x4e ./src_board/hal.o
                0x0000000000604ce6                HAL_setupGate
 .text.ECAP_disableInterrupt
                0x0000000000604d34       0x52 ./src_board/hal.o
 .text.ECAP_clearInterrupt
                0x0000000000604d86       0x42 ./src_board/hal.o
 .text.ECAP_disableTimeStampCapture
                0x0000000000604dc8       0x34 ./src_board/hal.o
 .text.ECAP_stopCounter
                0x0000000000604dfc       0x32 ./src_board/hal.o
 .text.ECAP_enableCaptureMode
                0x0000000000604e2e       0x34 ./src_board/hal.o
 .text.ECAP_setCaptureMode
                0x0000000000604e62       0x4c ./src_board/hal.o
 .text.ECAP_setEventPolarity
                0x0000000000604eae       0x52 ./src_board/hal.o
 .text.ECAP_enableCounterResetOnEvent
                0x0000000000604f00       0x42 ./src_board/hal.o
 .text.ECAP_enableLoadCounter
                0x0000000000604f42       0x34 ./src_board/hal.o
 .text.ECAP_setSyncOutMode
                0x0000000000604f76       0x3c ./src_board/hal.o
 .text.ECAP_startCounter
                0x0000000000604fb2       0x34 ./src_board/hal.o
 .text.ECAP_enableTimeStampCapture
                0x0000000000604fe6       0x34 ./src_board/hal.o
 .text.ECAP_reArm
                0x000000000060501a       0x34 ./src_board/hal.o
 .text.XBAR_setInputPin
                0x000000000060504e       0x76 ./src_board/hal.o
 .text.ECAP_selectECAPInput
                0x00000000006050c4       0x3c ./src_board/hal.o
 .text.ASysCtl_disableTemperatureSensor
                0x0000000000605100       0x18 ./src_board/hal.o
 .text.ADC_setPrescaler
                0x0000000000605118       0x3a ./src_board/hal.o
 .text.ADC_setInterruptPulseMode
                0x0000000000605152       0x3a ./src_board/hal.o
 .text.ADC_setSOCPriority
                0x000000000060518c       0x3a ./src_board/hal.o
 .text.ADC_enableConverter
                0x00000000006051c6       0x34 ./src_board/hal.o
 .text.ADC_setInterruptSource
                0x00000000006051fa       0x62 ./src_board/hal.o
 .text.ADC_setupSOC
                0x000000000060525c       0x74 ./src_board/hal.o
 .text.ASysCtl_selectCMPHPMux
                0x00000000006052d0       0x4a ./src_board/hal.o
 .text.ASysCtl_selectCMPLPMux
                0x000000000060531a       0x4a ./src_board/hal.o
 .text.CMPSS_enableModule
                0x0000000000605364       0x3e ./src_board/hal.o
 .text.CMPSS_configHighComparator
                0x00000000006053a2       0x3c ./src_board/hal.o
 .text.CMPSS_configLowComparator
                0x00000000006053de       0x44 ./src_board/hal.o
 .text.CMPSS_configOutputsHigh
                0x0000000000605422       0x3c ./src_board/hal.o
 .text.CMPSS_configOutputsLow
                0x000000000060545e       0x44 ./src_board/hal.o
 .text.CMPSS_initFilterHigh
                0x00000000006054a2       0x34 ./src_board/hal.o
 .text.CMPSS_initFilterLow
                0x00000000006054d6       0x34 ./src_board/hal.o
 .text.CMPSS_setHysteresis
                0x000000000060550a       0x56 ./src_board/hal.o
 .text.CMPSS_configDAC
                0x0000000000605560       0x3c ./src_board/hal.o
 .text.CMPSS_setDACValueHigh
                0x000000000060559c       0x40 ./src_board/hal.o
 .text.CMPSS_setDACValueLow
                0x00000000006055dc       0x40 ./src_board/hal.o
 .text.CMPSS_clearFilterLatchHigh
                0x000000000060561c       0x34 ./src_board/hal.o
 .text.CMPSS_clearFilterLatchLow
                0x0000000000605650       0x34 ./src_board/hal.o
 .text.HAL_enableDRV
                0x0000000000605684       0x14 ./src_board/hal.o
                0x0000000000605684                HAL_enableDRV
 .text.HAL_writeDRVData
                0x0000000000605698       0x16 ./src_board/hal.o
                0x0000000000605698                HAL_writeDRVData
 .text.HAL_setupDRVSPI
                0x00000000006056ae       0x16 ./src_board/hal.o
                0x00000000006056ae                HAL_setupDRVSPI
 .text.SPI_disableModule
                0x00000000006056c4       0x2c ./src_board/hal.o
 .text.SPI_disableLoopback
                0x00000000006056f0       0x2a ./src_board/hal.o
 .text.SPI_setEmulationMode
                0x000000000060571a       0x36 ./src_board/hal.o
 .text.SPI_enableFIFO
                0x0000000000605750       0x36 ./src_board/hal.o
 .text.SPI_setTxFifoTransmitDelay
                0x0000000000605786       0x4a ./src_board/hal.o
 .text.SPI_enableModule
                0x00000000006057d0       0x2c ./src_board/hal.o
 .text.HAL_setupMtrFaults
                0x00000000006057fc      0x3d8 ./src_board/hal.o
                0x00000000006057fc                HAL_setupMtrFaults
 .text.XBAR_disableEPWMMux
                0x0000000000605bd4       0x2a ./src_board/hal.o
 .text.XBAR_enableEPWMMux
                0x0000000000605bfe       0x26 ./src_board/hal.o
 .text.XBAR_lockInput
                0x0000000000605c24       0x38 ./src_board/hal.o
 .text.EPWM_enableTripZoneSignals
                0x0000000000605c5c       0x3c ./src_board/hal.o
 .text.EPWM_enableDigitalCompareTripCombinationInput
                0x0000000000605c98       0x68 ./src_board/hal.o
 .text.EPWM_setTripZoneDigitalCompareEventCondition
                0x0000000000605d00       0x52 ./src_board/hal.o
 .text.EPWM_setDigitalCompareEventSource
                0x0000000000605d52       0x6c ./src_board/hal.o
 .text.EPWM_setDigitalCompareEventSyncMode
                0x0000000000605dbe       0x6e ./src_board/hal.o
 .text.EPWM_setTripZoneAction
                0x0000000000605e2c       0x52 ./src_board/hal.o
 .text.EPWM_clearTripZoneFlag
                0x0000000000605e7e       0x58 ./src_board/hal.o
 .text.GPIO_writePin
                0x0000000000605ed6       0x52 ./src_board/hal.o
 .text.SysCtl_enablePeripheral
                0x0000000000605f28       0x3e ./src_board/hal.o
 .text.SysCtl_disablePeripheral
                0x0000000000605f66       0x42 ./src_board/hal.o
 .text.EPWM_forceTripZoneEvent
                0x0000000000605fa8       0x58 ./src_board/hal.o
 .text.EPWM_setTimeBaseCounterMode
                0x0000000000606000       0x32 ./src_board/hal.o
 .text.EPWM_disablePhaseShiftLoad
                0x0000000000606032       0x2a ./src_board/hal.o
 .text.EPWM_setPeriodLoadMode
                0x000000000060605c       0x3a ./src_board/hal.o
 .text.EPWM_enableSyncOutPulseSource
                0x0000000000606096       0x4a ./src_board/hal.o
 .text.EPWM_setClockPrescaler
                0x00000000006060e0       0x44 ./src_board/hal.o
 .text.EPWM_setCountModeAfterSync
                0x0000000000606124       0x42 ./src_board/hal.o
 .text.EPWM_setPhaseShift
                0x0000000000606166       0x40 ./src_board/hal.o
 .text.EPWM_setTimeBaseCounter
                0x00000000006061a6       0x2a ./src_board/hal.o
 .text.EPWM_setTimeBasePeriod
                0x00000000006061d0       0x2e ./src_board/hal.o
 .text.EPWM_setCounterCompareShadowLoadMode
                0x00000000006061fe       0x94 ./src_board/hal.o
 .text.EPWM_setActionQualifierAction
                0x0000000000606292       0x84 ./src_board/hal.o
 .text.EPWM_setDeadBandDelayMode
                0x0000000000606316       0x58 ./src_board/hal.o
 .text.EPWM_setRisingEdgeDeadBandDelayInput
                0x000000000060636e       0x54 ./src_board/hal.o
 .text.EPWM_setDeadBandDelayPolarity
                0x00000000006063c2       0x50 ./src_board/hal.o
 .text.EPWM_setRisingEdgeDelayCount
                0x0000000000606412       0x46 ./src_board/hal.o
 .text.EPWM_setFallingEdgeDelayCount
                0x0000000000606458       0x46 ./src_board/hal.o
 .text.EPWM_disableChopper
                0x000000000060649e       0x2c ./src_board/hal.o
 .text.EPWM_disableTripZoneSignals
                0x00000000006064ca       0x3e ./src_board/hal.o
 .text.EPWM_setInterruptSource
                0x0000000000606508       0xd8 ./src_board/hal.o
 .text.EPWM_enableInterrupt
                0x00000000006065e0       0x32 ./src_board/hal.o
 .text.EPWM_setADCTriggerSource
                0x0000000000606612      0x136 ./src_board/hal.o
 .text.EPWM_enableADCTrigger
                0x0000000000606748       0x46 ./src_board/hal.o
 .text.EPWM_setInterruptEventCount
                0x000000000060678e       0x60 ./src_board/hal.o
 .text.EPWM_setADCTriggerEventPrescale
                0x00000000006067ee       0x84 ./src_board/hal.o
 .text.EPWM_clearEventTriggerInterruptFlag
                0x0000000000606872       0x30 ./src_board/hal.o
 .text.EPWM_clearADCTriggerFlag
                0x00000000006068a2       0x3a ./src_board/hal.o
 .text.EPWM_setCounterCompareValue
                0x00000000006068dc       0x64 ./src_board/hal.o
 .text.SCI_performSoftwareReset
                0x0000000000606940       0x34 ./src_board/hal.o
 .text.SCI_resetChannels
                0x0000000000606974       0x36 ./src_board/hal.o
 .text.SCI_resetRxFIFO
                0x00000000006069aa       0x36 ./src_board/hal.o
 .text.SCI_resetTxFIFO
                0x00000000006069e0       0x36 ./src_board/hal.o
 .text.SCI_enableFIFO
                0x0000000000606a16       0x3e ./src_board/hal.o
 .text.SCI_enableModule
                0x0000000000606a54       0x2a ./src_board/hal.o
 .text.I2C_disableModule
                0x0000000000606a7e       0x2a ./src_board/hal.o
 .text.I2C_setConfig
                0x0000000000606aa8       0x32 ./src_board/hal.o
 .text.I2C_setTargetAddress
                0x0000000000606ada       0x42 ./src_board/hal.o
 .text.I2C_disableLoopback
                0x0000000000606b1c       0x2a ./src_board/hal.o
 .text.I2C_setBitCount
                0x0000000000606b46       0x30 ./src_board/hal.o
 .text.I2C_setDataCount
                0x0000000000606b76       0x28 ./src_board/hal.o
 .text.I2C_setAddressMode
                0x0000000000606b9e       0x32 ./src_board/hal.o
 .text.I2C_enableFIFO
                0x0000000000606bd0       0x34 ./src_board/hal.o
 .text.I2C_setFIFOInterruptLevel
                0x0000000000606c04       0x40 ./src_board/hal.o
 .text.I2C_setEmulationMode
                0x0000000000606c44       0x34 ./src_board/hal.o
 .text.I2C_enableModule
                0x0000000000606c78       0x2a ./src_board/hal.o
 .text.CPUTimer_setPreScaler
                0x0000000000606ca2       0x28 ./src_board/hal.o
 .text.CPUTimer_setPeriod
                0x0000000000606cca       0x28 ./src_board/hal.o
 .text.CPUTimer_startTimer
                0x0000000000606cf2       0x3e ./src_board/hal.o
 .text.DMA_initController
                0x0000000000606d30       0x1a ./src_board/hal.o
 .text.DMA_setEmulationMode
                0x0000000000606d4a       0x2e ./src_board/hal.o
 .text.HAL_setMtrCMPSSDACValue
                0x0000000000606d78       0x58 ./src_board/hal.o
                0x0000000000606d78                HAL_setMtrCMPSSDACValue
 .text.HAL_setTriggerPrams
                0x0000000000606dd0       0x48 ./src_board/hal.o
                0x0000000000606dd0                HAL_setTriggerPrams
 .text.ADC_isBaseValid
                0x0000000000606e18       0x22 ./src_board/hal.o
 .text.ECAP_isBaseValid
                0x0000000000606e3a       0x2e ./src_board/hal.o
 .text.XBAR_isBaseValid
                0x0000000000606e68       0x3c ./src_board/hal.o
 .text.CMPSS_isBaseValid
                0x0000000000606ea4       0x38 ./src_board/hal.o
 .text.SPI_isBaseValid
                0x0000000000606edc       0x1e ./src_board/hal.o
 .text.EPWM_isBaseValid
                0x0000000000606efa       0x5c ./src_board/hal.o
 .text.GPIO_isPinValid
                0x0000000000606f56       0x2a ./src_board/hal.o
 .text.SCI_isBaseValid
                0x0000000000606f80       0x18 ./src_board/hal.o
 .text.I2C_isBaseValid
                0x0000000000606f98       0x24 ./src_board/hal.o
 .text.CPUTimer_isBaseValid
                0x0000000000606fbc       0x28 ./src_board/hal.o
 .text.USER_setMotor1Params
                0x0000000000606fe4      0x46e ./src_board/user_mtr1.o
                0x0000000000606fe4                USER_setMotor1Params
 .text.USER_setMotor2Params
                0x0000000000607452      0x46e ./src_board/user_mtr2.o
                0x0000000000607452                USER_setMotor2Params
 .text.main     0x00000000006078c0      0x264 ./src/main.o
                0x00000000006078c0                main
 .text.HAL_initIntVectorTable
                0x0000000000607b24       0x18 ./src/main.o
 .text.HAL_getCPUTimerStatus
                0x0000000000607b3c       0x1a ./src/main.o
 .text.HAL_clearCPUTimerFlag
                0x0000000000607b56       0x1a ./src/main.o
 .text.calcMotorOverCurrentThreshold
                0x0000000000607b70       0x54 ./src/main.o
 .text.HAL_disablePWM
                0x0000000000607bc4       0x2a ./src/main.o
 .text.Interrupt_register
                0x0000000000607bee       0x3c ./src/main.o
 .text.CPUTimer_getTimerOverflowStatus
                0x0000000000607c2a       0x28 ./src/main.o
 .text.CPUTimer_isBaseValid
                0x0000000000607c52       0x28 ./src/main.o
 .text.CPUTimer_clearOverflowFlag
                0x0000000000607c7a       0x2c ./src/main.o
 .text.GPIO_togglePin
                0x0000000000607ca6       0x40 ./src/main.o
 .text.GPIO_isPinValid
                0x0000000000607ce6       0x2a ./src/main.o
 .text.EPWM_forceTripZoneEvent
                0x0000000000607d10       0x56 ./src/main.o
 .text.EPWM_isBaseValid
                0x0000000000607d66       0x5c ./src/main.o
 .text.handle_trap
                0x0000000000607dc2        0xe ./haawking-drivers/haawking-dsc280025_edc-board/common/syscalls.o
                0x0000000000607dc2                handle_trap
 .text._clean_bss
                0x0000000000607dd0       0x2c ./haawking-drivers/haawking-dsc280025_edc-board/common/syscalls.o
                0x0000000000607dd0                _clean_bss
 .text._init_data_LS4567
                0x0000000000607dfc       0x44 ./haawking-drivers/haawking-dsc280025_edc-board/common/syscalls.o
                0x0000000000607dfc                _init_data_LS4567
 .text._init_data_gs0
                0x0000000000607e40       0x44 ./haawking-drivers/haawking-dsc280025_edc-board/common/syscalls.o
                0x0000000000607e40                _init_data_gs0
 .text._init    0x0000000000607e84       0x1a ./haawking-drivers/haawking-dsc280025_edc-board/common/syscalls.o
                0x0000000000607e84                _init
 .text.SysCtl_disableWatchdog
                0x0000000000607e9e       0x1e ./haawking-drivers/haawking-dsc280025_edc-board/common/syscalls.o
 .text.SysCtl_enableWatchdog
                0x0000000000607ebc       0x22 ./haawking-drivers/haawking-dsc280025_edc-board/common/syscalls.o
 .text.CMPSS_configFilterHigh
                0x0000000000607ede       0xac ./haawking-drivers/haawking-dsc280025_edc-board/cmpss.o
                0x0000000000607ede                CMPSS_configFilterHigh
 .text.CMPSS_isBaseValid
                0x0000000000607f8a       0x38 ./haawking-drivers/haawking-dsc280025_edc-board/cmpss.o
 .text.CMPSS_configFilterLow
                0x0000000000607fc2       0xb0 ./haawking-drivers/haawking-dsc280025_edc-board/cmpss.o
                0x0000000000607fc2                CMPSS_configFilterLow
 .text.CPUTimer_setEmulationMode
                0x0000000000608072       0x34 ./haawking-drivers/haawking-dsc280025_edc-board/cputimer.o
                0x0000000000608072                CPUTimer_setEmulationMode
 .text.CPUTimer_isBaseValid
                0x00000000006080a6       0x28 ./haawking-drivers/haawking-dsc280025_edc-board/cputimer.o
 .text.EPWM_setEmulationMode
                0x00000000006080ce       0x36 ./haawking-drivers/haawking-dsc280025_edc-board/epwm.o
                0x00000000006080ce                EPWM_setEmulationMode
 .text.EPWM_isBaseValid
                0x0000000000608104       0x5c ./haawking-drivers/haawking-dsc280025_edc-board/epwm.o
 .text.Flash_isCtrlBaseValid
                0x0000000000608160       0x14 ./haawking-drivers/haawking-dsc280025_edc-board/flash.o
 .text.Flash_isECCBaseValid
                0x0000000000608174       0x18 ./haawking-drivers/haawking-dsc280025_edc-board/flash.o
 .text.GPIO_setDirectionMode
                0x000000000060818c       0x64 ./haawking-drivers/haawking-dsc280025_edc-board/gpio.o
                0x000000000060818c                GPIO_setDirectionMode
 .text.GPIO_isPinValid
                0x00000000006081f0       0x2a ./haawking-drivers/haawking-dsc280025_edc-board/gpio.o
 .text.GPIO_setPadConfig
                0x000000000060821a       0xaa ./haawking-drivers/haawking-dsc280025_edc-board/gpio.o
                0x000000000060821a                GPIO_setPadConfig
 .text.GPIO_setPinConfig
                0x00000000006082c4       0x6c ./haawking-drivers/haawking-dsc280025_edc-board/gpio.o
                0x00000000006082c4                GPIO_setPinConfig
 .text.I2C_initController
                0x0000000000608330       0xc6 ./haawking-drivers/haawking-dsc280025_edc-board/i2c.o
                0x0000000000608330                I2C_initController
 .text.I2C_isBaseValid
                0x00000000006083f6       0x24 ./haawking-drivers/haawking-dsc280025_edc-board/i2c.o
 .text.I2C_enableInterrupt
                0x000000000060841a       0x66 ./haawking-drivers/haawking-dsc280025_edc-board/i2c.o
                0x000000000060841a                I2C_enableInterrupt
 .text.I2C_clearInterruptStatus
                0x0000000000608480       0x52 ./haawking-drivers/haawking-dsc280025_edc-board/i2c.o
                0x0000000000608480                I2C_clearInterruptStatus
 .text.Interrupt_initModule
                0x00000000006084d2       0x8a ./haawking-drivers/haawking-dsc280025_edc-board/interrupt.o
                0x00000000006084d2                Interrupt_initModule
 .text.Interrupt_disableGlobal
                0x000000000060855c       0x14 ./haawking-drivers/haawking-dsc280025_edc-board/interrupt.o
 .text.Interrupt_initVectorTable
                0x0000000000608570       0x4c ./haawking-drivers/haawking-dsc280025_edc-board/interrupt.o
                0x0000000000608570                Interrupt_initVectorTable
 .text.Interrupt_defaultHandler
                0x00000000006085bc        0xe ./haawking-drivers/haawking-dsc280025_edc-board/interrupt.o
 .text.Interrupt_nmiHandler
                0x00000000006085ca        0x6 ./haawking-drivers/haawking-dsc280025_edc-board/interrupt.o
 .text.Interrupt_enable
                0x00000000006085d0       0x8c ./haawking-drivers/haawking-dsc280025_edc-board/interrupt.o
                0x00000000006085d0                Interrupt_enable
 .text.Interrupt_enableGlobal
                0x000000000060865c       0x14 ./haawking-drivers/haawking-dsc280025_edc-board/interrupt.o
 .text.SCI_setConfig
                0x0000000000608670       0x86 ./haawking-drivers/haawking-dsc280025_edc-board/sci.o
                0x0000000000608670                SCI_setConfig
 .text.SCI_isBaseValid
                0x00000000006086f6       0x18 ./haawking-drivers/haawking-dsc280025_edc-board/sci.o
 .text.SCI_disableModule
                0x000000000060870e       0x36 ./haawking-drivers/haawking-dsc280025_edc-board/sci.o
 .text.SCI_enableModule
                0x0000000000608744       0x2c ./haawking-drivers/haawking-dsc280025_edc-board/sci.o
 .text.SCI_clearInterruptStatus
                0x0000000000608770       0x78 ./haawking-drivers/haawking-dsc280025_edc-board/sci.o
                0x0000000000608770                SCI_clearInterruptStatus
 .text.SCI_performSoftwareReset
                0x00000000006087e8       0x36 ./haawking-drivers/haawking-dsc280025_edc-board/sci.o
 .text.SPI_setConfig
                0x000000000060881e       0xe4 ./haawking-drivers/haawking-dsc280025_edc-board/spi.o
                0x000000000060881e                SPI_setConfig
 .text.SPI_isBaseValid
                0x0000000000608902       0x1e ./haawking-drivers/haawking-dsc280025_edc-board/spi.o
 .text.SPI_clearInterruptStatus
                0x0000000000608920       0x88 ./haawking-drivers/haawking-dsc280025_edc-board/spi.o
                0x0000000000608920                SPI_clearInterruptStatus
 .text.SysCtl_getClock
                0x00000000006089a8       0x9c ./haawking-drivers/haawking-dsc280025_edc-board/sysctl.o
                0x00000000006089a8                SysCtl_getClock
 .text.SysCtl_isMCDClockFailureDetected
                0x0000000000608a44        0xe ./haawking-drivers/haawking-dsc280025_edc-board/sysctl.o
 .text.SysCtl_setClock
                0x0000000000608a52      0x298 ./haawking-drivers/haawking-dsc280025_edc-board/sysctl.o
                0x0000000000608a52                SysCtl_setClock
 .text.SysCtl_selectOscSource
                0x0000000000608cea       0x8c ./haawking-drivers/haawking-dsc280025_edc-board/sysctl.o
                0x0000000000608cea                SysCtl_selectOscSource
 .text.SysCtl_setPLLSysClk
                0x0000000000608d76       0x20 ./haawking-drivers/haawking-dsc280025_edc-board/sysctl.o
 .text.SysCtl_isPLLValid
                0x0000000000608d96      0x204 ./haawking-drivers/haawking-dsc280025_edc-board/sysctl.o
                0x0000000000608d96                SysCtl_isPLLValid
 .text.SysCtl_selectXTAL
                0x0000000000608f9a       0x64 ./haawking-drivers/haawking-dsc280025_edc-board/sysctl.o
                0x0000000000608f9a                SysCtl_selectXTAL
 .text.SysCtl_pollX1Counter
                0x0000000000608ffe       0x54 ./haawking-drivers/haawking-dsc280025_edc-board/sysctl.o
 .text.SysCtl_resetMCD
                0x0000000000609052       0x1a ./haawking-drivers/haawking-dsc280025_edc-board/sysctl.o
 .text.SysCtl_selectXTALSingleEnded
                0x000000000060906c       0x4c ./haawking-drivers/haawking-dsc280025_edc-board/sysctl.o
                0x000000000060906c                SysCtl_selectXTALSingleEnded
 .text.SysCtl_getLowSpeedClock
                0x00000000006090b8       0x2c ./haawking-drivers/haawking-dsc280025_edc-board/sysctl.o
                0x00000000006090b8                SysCtl_getLowSpeedClock
 .text.SysCtl_enablePeripheral
                0x00000000006090e4       0x3e ./haawking-drivers/haawking-dsc280025_edc-board/sysctl.o
 .text.DCC_clearErrorFlag
                0x0000000000609122       0x30 ./haawking-drivers/haawking-dsc280025_edc-board/sysctl.o
 .text.DCC_clearDoneFlag
                0x0000000000609152       0x30 ./haawking-drivers/haawking-dsc280025_edc-board/sysctl.o
 .text.DCC_disableModule
                0x0000000000609182       0x34 ./haawking-drivers/haawking-dsc280025_edc-board/sysctl.o
 .text.DCC_disableErrorSignal
                0x00000000006091b6       0x36 ./haawking-drivers/haawking-dsc280025_edc-board/sysctl.o
 .text.DCC_disableDoneSignal
                0x00000000006091ec       0x38 ./haawking-drivers/haawking-dsc280025_edc-board/sysctl.o
 .text.DCC_setCounter0ClkSource
                0x0000000000609224       0x3e ./haawking-drivers/haawking-dsc280025_edc-board/sysctl.o
 .text.DCC_setCounter1ClkSource
                0x0000000000609262       0x3e ./haawking-drivers/haawking-dsc280025_edc-board/sysctl.o
 .text.DCC_setCounterSeeds
                0x00000000006092a0       0xc4 ./haawking-drivers/haawking-dsc280025_edc-board/sysctl.o
 .text.DCC_enableSingleShotMode
                0x0000000000609364       0x60 ./haawking-drivers/haawking-dsc280025_edc-board/sysctl.o
 .text.DCC_enableModule
                0x00000000006093c4       0x34 ./haawking-drivers/haawking-dsc280025_edc-board/sysctl.o
 .text.DCC_isBaseValid
                0x00000000006093f8       0x20 ./haawking-drivers/haawking-dsc280025_edc-board/sysctl.o
 .text.XBAR_setEPWMMuxConfig
                0x0000000000609418       0x5e ./haawking-drivers/haawking-dsc280025_edc-board/xbar.o
                0x0000000000609418                XBAR_setEPWMMuxConfig
 .text.Device_init
                0x0000000000609476       0x82 ./device/device.o
                0x0000000000609476                Device_init
 .text.SysCtl_disableWatchdog
                0x00000000006094f8       0x1e ./device/device.o
 .text.SysCtl_deviceCal
                0x0000000000609516       0x1e ./device/device.o
 .text.SysCtl_setLowSpeedClock
                0x0000000000609534       0x1e ./device/device.o
 .text.__error__
                0x0000000000609552        0xc ./device/device.o
                0x0000000000609552                __error__
 .text.Device_enableAllPeripherals
                0x000000000060955e      0x100 ./device/device.o
                0x000000000060955e                Device_enableAllPeripherals
 .text.ASysCtl_lockVREG
                0x000000000060965e       0x1a ./device/device.o
 .text.SysCtl_enablePeripheral
                0x0000000000609678       0x3e ./device/device.o
 .text.Device_initGPIO
                0x00000000006096b6       0x1c ./device/device.o
                0x00000000006096b6                Device_initGPIO
 .text.GPIO_unlockPortConfig
                0x00000000006096d2       0x2e ./device/device.o
 .text.EST_setParams
                0x0000000000609700       0x14 ../lib\libHXFASTLib_HX280025_libV2.0.a(estlib.o)
                0x0000000000609700                EST_setParams
 .text.EST_computeTorque_Nm
                0x0000000000609714       0x16 ../lib\libHXFASTLib_HX280025_libV2.0.a(estlib.o)
                0x0000000000609714                EST_computeTorque_Nm
 .text.EST_disable
                0x000000000060972a       0x16 ../lib\libHXFASTLib_HX280025_libV2.0.a(estlib.o)
                0x000000000060972a                EST_disable
 .text.EST_disableTraj
                0x0000000000609740       0x16 ../lib\libHXFASTLib_HX280025_libV2.0.a(estlib.o)
                0x0000000000609740                EST_disableTraj
 .text.EST_doCurrentCtrl
                0x0000000000609756       0x16 ../lib\libHXFASTLib_HX280025_libV2.0.a(estlib.o)
                0x0000000000609756                EST_doCurrentCtrl
 .text.EST_doSpeedCtrl
                0x000000000060976c       0x14 ../lib\libHXFASTLib_HX280025_libV2.0.a(estlib.o)
                0x000000000060976c                EST_doSpeedCtrl
 .text.EST_enable
                0x0000000000609780       0x16 ../lib\libHXFASTLib_HX280025_libV2.0.a(estlib.o)
                0x0000000000609780                EST_enable
 .text.EST_enableTraj
                0x0000000000609796       0x16 ../lib\libHXFASTLib_HX280025_libV2.0.a(estlib.o)
                0x0000000000609796                EST_enableTraj
 .text.EST_getFlag_enableRsOnLine
                0x00000000006097ac       0x16 ../lib\libHXFASTLib_HX280025_libV2.0.a(estlib.o)
                0x00000000006097ac                EST_getFlag_enableRsOnLine
 .text.EST_getFlux_Wb
                0x00000000006097c2       0x16 ../lib\libHXFASTLib_HX280025_libV2.0.a(estlib.o)
                0x00000000006097c2                EST_getFlux_Wb
 .text.EST_getFm_lp_Hz
                0x00000000006097d8       0x16 ../lib\libHXFASTLib_HX280025_libV2.0.a(estlib.o)
                0x00000000006097d8                EST_getFm_lp_Hz
 .text.EST_getIdRated_A
                0x00000000006097ee       0x16 ../lib\libHXFASTLib_HX280025_libV2.0.a(estlib.o)
                0x00000000006097ee                EST_getIdRated_A
 .text.EST_getIntValue_Id_A
                0x0000000000609804       0x16 ../lib\libHXFASTLib_HX280025_libV2.0.a(estlib.o)
                0x0000000000609804                EST_getIntValue_Id_A
 .text.EST_getIntValue_spd_Hz
                0x000000000060981a       0x16 ../lib\libHXFASTLib_HX280025_libV2.0.a(estlib.o)
                0x000000000060981a                EST_getIntValue_spd_Hz
 .text.EST_getLs_d_H
                0x0000000000609830       0x16 ../lib\libHXFASTLib_HX280025_libV2.0.a(estlib.o)
                0x0000000000609830                EST_getLs_d_H
 .text.EST_getLs_q_H
                0x0000000000609846       0x16 ../lib\libHXFASTLib_HX280025_libV2.0.a(estlib.o)
                0x0000000000609846                EST_getLs_q_H
 .text.EST_getRoverL_rps
                0x000000000060985c       0x16 ../lib\libHXFASTLib_HX280025_libV2.0.a(estlib.o)
                0x000000000060985c                EST_getRoverL_rps
 .text.EST_getRr_Ohm
                0x0000000000609872       0x16 ../lib\libHXFASTLib_HX280025_libV2.0.a(estlib.o)
                0x0000000000609872                EST_getRr_Ohm
 .text.EST_getRs_Ohm
                0x0000000000609888       0x16 ../lib\libHXFASTLib_HX280025_libV2.0.a(estlib.o)
                0x0000000000609888                EST_getRs_Ohm
 .text.EST_getRsOnLine_Ohm
                0x000000000060989e       0x16 ../lib\libHXFASTLib_HX280025_libV2.0.a(estlib.o)
                0x000000000060989e                EST_getRsOnLine_Ohm
 .text.EST_getState
                0x00000000006098b4       0x16 ../lib\libHXFASTLib_HX280025_libV2.0.a(estlib.o)
                0x00000000006098b4                EST_getState
 .text.EST_getTrajState
                0x00000000006098ca       0x16 ../lib\libHXFASTLib_HX280025_libV2.0.a(estlib.o)
                0x00000000006098ca                EST_getTrajState
 .text.EST_isEnabled
                0x00000000006098e0       0x16 ../lib\libHXFASTLib_HX280025_libV2.0.a(estlib.o)
                0x00000000006098e0                EST_isEnabled
 .text.EST_isError
                0x00000000006098f6       0x16 ../lib\libHXFASTLib_HX280025_libV2.0.a(estlib.o)
                0x00000000006098f6                EST_isError
 .text.EST_isIdle
                0x000000000060990c       0x16 ../lib\libHXFASTLib_HX280025_libV2.0.a(estlib.o)
                0x000000000060990c                EST_isIdle
 .text.EST_isLockRotor
                0x0000000000609922       0x16 ../lib\libHXFASTLib_HX280025_libV2.0.a(estlib.o)
                0x0000000000609922                EST_isLockRotor
 .text.EST_isMotorIdentified
                0x0000000000609938       0x16 ../lib\libHXFASTLib_HX280025_libV2.0.a(estlib.o)
                0x0000000000609938                EST_isMotorIdentified
 .text.EST_isTrajError
                0x000000000060994e       0x16 ../lib\libHXFASTLib_HX280025_libV2.0.a(estlib.o)
                0x000000000060994e                EST_isTrajError
 .text.EST_setAngle_rad
                0x0000000000609964       0x18 ../lib\libHXFASTLib_HX280025_libV2.0.a(estlib.o)
                0x0000000000609964                EST_setAngle_rad
 .text.EST_setFlag_bypassLockRotor
                0x000000000060997c       0x1a ../lib\libHXFASTLib_HX280025_libV2.0.a(estlib.o)
                0x000000000060997c                EST_setFlag_bypassLockRotor
 .text.EST_setFlag_enableForceAngle
                0x0000000000609996       0x1a ../lib\libHXFASTLib_HX280025_libV2.0.a(estlib.o)
                0x0000000000609996                EST_setFlag_enableForceAngle
 .text.EST_setFlag_enablePowerWarp
                0x00000000006099b0       0x1a ../lib\libHXFASTLib_HX280025_libV2.0.a(estlib.o)
                0x00000000006099b0                EST_setFlag_enablePowerWarp
 .text.EST_setFlag_enableRsOnLine
                0x00000000006099ca       0x1a ../lib\libHXFASTLib_HX280025_libV2.0.a(estlib.o)
                0x00000000006099ca                EST_setFlag_enableRsOnLine
 .text.EST_setFlag_enableRsRecalc
                0x00000000006099e4       0x1a ../lib\libHXFASTLib_HX280025_libV2.0.a(estlib.o)
                0x00000000006099e4                EST_setFlag_enableRsRecalc
 .text.EST_setFlag_updateRs
                0x00000000006099fe       0x1a ../lib\libHXFASTLib_HX280025_libV2.0.a(estlib.o)
                0x00000000006099fe                EST_setFlag_updateRs
 .text.EST_setRsOnLine_Ohm
                0x0000000000609a18       0x18 ../lib\libHXFASTLib_HX280025_libV2.0.a(estlib.o)
                0x0000000000609a18                EST_setRsOnLine_Ohm
 .text.EST_setRsOnLineId_A
                0x0000000000609a30       0x18 ../lib\libHXFASTLib_HX280025_libV2.0.a(estlib.o)
                0x0000000000609a30                EST_setRsOnLineId_A
 .text.EST_setRsOnLineId_mag_A
                0x0000000000609a48       0x18 ../lib\libHXFASTLib_HX280025_libV2.0.a(estlib.o)
                0x0000000000609a48                EST_setRsOnLineId_mag_A
 .text.EST_updateId_ref_A
                0x0000000000609a60       0x18 ../lib\libHXFASTLib_HX280025_libV2.0.a(estlib.o)
                0x0000000000609a60                EST_updateId_ref_A
 .text.EST_setOneOverFluxGain_sf
                0x0000000000609a78       0x1a ../lib\libHXFASTLib_HX280025_libV2.0.a(estlib.o)
                0x0000000000609a78                EST_setOneOverFluxGain_sf
 .text.EST_setFreqLFP_sf
                0x0000000000609a92       0x1a ../lib\libHXFASTLib_HX280025_libV2.0.a(estlib.o)
                0x0000000000609a92                EST_setFreqLFP_sf
 .text.EST_setBemf_sf
                0x0000000000609aac       0x1a ../lib\libHXFASTLib_HX280025_libV2.0.a(estlib.o)
                0x0000000000609aac                EST_setBemf_sf
 .text.EST_configureTraj
                0x0000000000609ac6       0x16 ../lib\libHXFASTLib_HX280025_libV2.0.a(estlib.o)
                0x0000000000609ac6                EST_configureTraj
 .text.EST_configureTrajState
                0x0000000000609adc       0x1e ../lib\libHXFASTLib_HX280025_libV2.0.a(estlib.o)
                0x0000000000609adc                EST_configureTrajState
 .text.EST_setupTrajState
                0x0000000000609afa       0x1c ../lib\libHXFASTLib_HX280025_libV2.0.a(estlib.o)
                0x0000000000609afa                EST_setupTrajState
 .text.EST_runTraj
                0x0000000000609b16       0x16 ../lib\libHXFASTLib_HX280025_libV2.0.a(estlib.o)
                0x0000000000609b16                EST_runTraj
 .text.EST_run  0x0000000000609b2c       0x1a ../lib\libHXFASTLib_HX280025_libV2.0.a(estlib.o)
                0x0000000000609b2c                EST_run
 .text.EST_updateTrajState
                0x0000000000609b46       0x16 ../lib\libHXFASTLib_HX280025_libV2.0.a(estlib.o)
                0x0000000000609b46                EST_updateTrajState
 .text.EST_updateState
                0x0000000000609b5c       0x18 ../lib\libHXFASTLib_HX280025_libV2.0.a(estlib.o)
                0x0000000000609b5c                EST_updateState
 .text.USER_setParams_priv
                0x0000000000609b74       0x16 ../lib\libHXFASTLib_HX280025_libV2.0.a(estlib.o)
                0x0000000000609b74                USER_setParams_priv
 .text.sqrtf    0x0000000000609b8a        0x6 D:/Haawking-IDE_v2.2.11Pre/haawking-tools/segger_lib\libhaawking-segger_imfc.a(floatops.o)
                0x0000000000609b8a                sqrtf
 *(.rodata .rodata.*)
 .rodata.str1.1
                0x0000000000609b90       0x38 ./src_control/motor_common.o
 .rodata.hallAngleBuf
                0x0000000000609bc8       0x1c ./src_control/motor_drive.o
                0x0000000000609bc8                hallAngleBuf
 .rodata.str1.1
                0x0000000000609be4       0xe0 ./src_control/motor_drive.o
                                        0x118 (size before relaxing)
 .rodata.str1.1
                0x0000000000609cc4       0x37 ./src_board/drv8323s.o
                                         0x6f (size before relaxing)
 .rodata.str1.1
                0x0000000000609cfb      0x11d ./src_board/hal.o
                                        0x26c (size before relaxing)
 .rodata.str1.1
                0x0000000000609e18       0xac ./src/main.o
 .rodata.str1.1
                0x0000000000609e18       0x39 ./haawking-drivers/haawking-dsc280025_edc-board/cmpss.o
 .rodata.str1.1
                0x0000000000609e51       0x3c ./haawking-drivers/haawking-dsc280025_edc-board/cputimer.o
 .rodata.str1.1
                0x0000000000609e8d       0x38 ./haawking-drivers/haawking-dsc280025_edc-board/epwm.o
                                         0x70 (size before relaxing)
 .rodata.str1.1
                0x0000000000609ec5       0x72 ./haawking-drivers/haawking-dsc280025_edc-board/flash.o
 .rodata.str1.1
                0x0000000000609f37       0x38 ./haawking-drivers/haawking-dsc280025_edc-board/gpio.o
                                         0x70 (size before relaxing)
 .rodata.str1.1
                0x0000000000609f6f       0x37 ./haawking-drivers/haawking-dsc280025_edc-board/i2c.o
 .rodata.str1.1
                0x0000000000609fa6       0x6e ./haawking-drivers/haawking-dsc280025_edc-board/sci.o
 .rodata.str1.1
                0x000000000060a014       0x6e ./haawking-drivers/haawking-dsc280025_edc-board/spi.o
 .rodata.str1.1
                0x000000000060a082       0x71 ./haawking-drivers/haawking-dsc280025_edc-board/sysctl.o
 .rodata.str1.1
                0x000000000060a0f3       0x4d ./device/device.o

.rela.dyn       0x000000000060a140        0x0
 .rela.text.init
                0x000000000060a140        0x0 ./src_control/hall_fast/hall.o
 .rela.text._clean_bss
                0x000000000060a140        0x0 ./src_control/hall_fast/hall.o
 .rela.text._init_data_LS4567
                0x000000000060a140        0x0 ./src_control/hall_fast/hall.o
 .rela.text._init_data_gs0
                0x000000000060a140        0x0 ./src_control/hall_fast/hall.o

.FLASH_LS4567_DATA
                0x000000000060a140        0x0
                0x000000000060a140                __flash_start = .

.FLASH_GS0_DATA
                0x000000000060a140        0x0
                0x000000000060cac8                __gs_flash_start = (__flash_start + (__data_end - __data_start))
                0x00000000007a0000                . = 0x7a0000

.USER_OTP_TABLE
 *(.User_Otp_Table)
                0x00000000007a0000                _end = .
OUTPUT(FastLib0025EDC_Deper_LinearMotor_demo.elf elf32-littleriscv)

.debug_abbrev   0x0000000000000000     0x1ad7
 .debug_abbrev  0x0000000000000000       0xff ./src_control/hall_fast/hall.o
 .debug_abbrev  0x00000000000000ff      0x270 ./src_control/motor_common.o
 .debug_abbrev  0x000000000000036f      0x2c0 ./src_control/motor_drive.o
 .debug_abbrev  0x000000000000062f      0x178 ./src_board/drv8323s.o
 .debug_abbrev  0x00000000000007a7      0x246 ./src_board/hal.o
 .debug_abbrev  0x00000000000009ed       0xc0 ./src_board/user_mtr1.o
 .debug_abbrev  0x0000000000000aad       0xc0 ./src_board/user_mtr2.o
 .debug_abbrev  0x0000000000000b6d      0x222 ./src/main.o
 .debug_abbrev  0x0000000000000d8f       0x1f ./haawking-drivers/haawking-dsc280025_edc-board/common/crt.o
 .debug_abbrev  0x0000000000000dae      0x1a2 ./haawking-drivers/haawking-dsc280025_edc-board/common/syscalls.o
 .debug_abbrev  0x0000000000000f50       0x21 ./haawking-drivers/haawking-dsc280025_edc-board/SysCtl_delay.o
 .debug_abbrev  0x0000000000000f71       0x21 ./haawking-drivers/haawking-dsc280025_edc-board/__disable_interrputs.o
 .debug_abbrev  0x0000000000000f92       0x21 ./haawking-drivers/haawking-dsc280025_edc-board/__enable_interrupts.o
 .debug_abbrev  0x0000000000000fb3       0x82 ./haawking-drivers/haawking-dsc280025_edc-board/cmpss.o
 .debug_abbrev  0x0000000000001035       0x89 ./haawking-drivers/haawking-dsc280025_edc-board/cputimer.o
 .debug_abbrev  0x00000000000010be      0x104 ./haawking-drivers/haawking-dsc280025_edc-board/epwm.o
 .debug_abbrev  0x00000000000011c2       0xbe ./haawking-drivers/haawking-dsc280025_edc-board/flash.o
 .debug_abbrev  0x0000000000001280      0x121 ./haawking-drivers/haawking-dsc280025_edc-board/gpio.o
 .debug_abbrev  0x00000000000013a1       0xbe ./haawking-drivers/haawking-dsc280025_edc-board/i2c.o
 .debug_abbrev  0x000000000000145f       0xce ./haawking-drivers/haawking-dsc280025_edc-board/interrupt.o
 .debug_abbrev  0x000000000000152d      0x111 ./haawking-drivers/haawking-dsc280025_edc-board/sci.o
 .debug_abbrev  0x000000000000163e      0x146 ./haawking-drivers/haawking-dsc280025_edc-board/spi.o
 .debug_abbrev  0x0000000000001784      0x161 ./haawking-drivers/haawking-dsc280025_edc-board/sysctl.o
 .debug_abbrev  0x00000000000018e5       0xd8 ./haawking-drivers/haawking-dsc280025_edc-board/xbar.o
 .debug_abbrev  0x00000000000019bd      0x11a ./device/device.o

.debug_info     0x0000000000000000    0x164e2
 .debug_info    0x0000000000000000      0x99b ./src_control/hall_fast/hall.o
 .debug_info    0x000000000000099b     0x33e4 ./src_control/motor_common.o
 .debug_info    0x0000000000003d7f     0x4698 ./src_control/motor_drive.o
 .debug_info    0x0000000000008417     0x1294 ./src_board/drv8323s.o
 .debug_info    0x00000000000096ab     0x4215 ./src_board/hal.o
 .debug_info    0x000000000000d8c0      0x7b9 ./src_board/user_mtr1.o
 .debug_info    0x000000000000e079      0x7b9 ./src_board/user_mtr2.o
 .debug_info    0x000000000000e832     0x2a08 ./src/main.o
 .debug_info    0x000000000001123a      0x195 ./haawking-drivers/haawking-dsc280025_edc-board/common/crt.o
 .debug_info    0x00000000000113cf     0x11df ./haawking-drivers/haawking-dsc280025_edc-board/common/syscalls.o
 .debug_info    0x00000000000125ae      0x177 ./haawking-drivers/haawking-dsc280025_edc-board/SysCtl_delay.o
 .debug_info    0x0000000000012725      0x186 ./haawking-drivers/haawking-dsc280025_edc-board/__disable_interrputs.o
 .debug_info    0x00000000000128ab      0x184 ./haawking-drivers/haawking-dsc280025_edc-board/__enable_interrupts.o
 .debug_info    0x0000000000012a2f      0x1ea ./haawking-drivers/haawking-dsc280025_edc-board/cmpss.o
 .debug_info    0x0000000000012c19       0xe8 ./haawking-drivers/haawking-dsc280025_edc-board/cputimer.o
 .debug_info    0x0000000000012d01      0x617 ./haawking-drivers/haawking-dsc280025_edc-board/epwm.o
 .debug_info    0x0000000000013318      0x2af ./haawking-drivers/haawking-dsc280025_edc-board/flash.o
 .debug_info    0x00000000000135c7      0x54d ./haawking-drivers/haawking-dsc280025_edc-board/gpio.o
 .debug_info    0x0000000000013b14      0x22a ./haawking-drivers/haawking-dsc280025_edc-board/i2c.o
 .debug_info    0x0000000000013d3e      0x1f8 ./haawking-drivers/haawking-dsc280025_edc-board/interrupt.o
 .debug_info    0x0000000000013f36      0x519 ./haawking-drivers/haawking-dsc280025_edc-board/sci.o
 .debug_info    0x000000000001444f      0x9b1 ./haawking-drivers/haawking-dsc280025_edc-board/spi.o
 .debug_info    0x0000000000014e00      0xa4b ./haawking-drivers/haawking-dsc280025_edc-board/sysctl.o
 .debug_info    0x000000000001584b      0x82e ./haawking-drivers/haawking-dsc280025_edc-board/xbar.o
 .debug_info    0x0000000000016079      0x469 ./device/device.o

.debug_ranges   0x0000000000000000     0x1058
 .debug_ranges  0x0000000000000000       0x30 ./src_control/hall_fast/hall.o
 .debug_ranges  0x0000000000000030       0xa8 ./src_control/motor_common.o
 .debug_ranges  0x00000000000000d8      0x208 ./src_control/motor_drive.o
 .debug_ranges  0x00000000000002e0       0xf0 ./src_board/drv8323s.o
 .debug_ranges  0x00000000000003d0      0x4f0 ./src_board/hal.o
 .debug_ranges  0x00000000000008c0       0x78 ./src/main.o
 .debug_ranges  0x0000000000000938       0x28 ./haawking-drivers/haawking-dsc280025_edc-board/common/crt.o
 .debug_ranges  0x0000000000000960      0x218 ./haawking-drivers/haawking-dsc280025_edc-board/common/syscalls.o
 .debug_ranges  0x0000000000000b78       0x30 ./haawking-drivers/haawking-dsc280025_edc-board/cmpss.o
 .debug_ranges  0x0000000000000ba8       0x18 ./haawking-drivers/haawking-dsc280025_edc-board/cputimer.o
 .debug_ranges  0x0000000000000bc0       0x68 ./haawking-drivers/haawking-dsc280025_edc-board/epwm.o
 .debug_ranges  0x0000000000000c28       0x28 ./haawking-drivers/haawking-dsc280025_edc-board/flash.o
 .debug_ranges  0x0000000000000c50       0x70 ./haawking-drivers/haawking-dsc280025_edc-board/gpio.o
 .debug_ranges  0x0000000000000cc0       0x40 ./haawking-drivers/haawking-dsc280025_edc-board/i2c.o
 .debug_ranges  0x0000000000000d00       0x50 ./haawking-drivers/haawking-dsc280025_edc-board/interrupt.o
 .debug_ranges  0x0000000000000d50       0x98 ./haawking-drivers/haawking-dsc280025_edc-board/sci.o
 .debug_ranges  0x0000000000000de8       0xd8 ./haawking-drivers/haawking-dsc280025_edc-board/spi.o
 .debug_ranges  0x0000000000000ec0       0xe8 ./haawking-drivers/haawking-dsc280025_edc-board/sysctl.o
 .debug_ranges  0x0000000000000fa8       0x38 ./haawking-drivers/haawking-dsc280025_edc-board/xbar.o
 .debug_ranges  0x0000000000000fe0       0x78 ./device/device.o

.debug_str      0x0000000000000000     0xaf85
 .debug_str     0x0000000000000000      0xa51 ./src_control/hall_fast/hall.o
                                        0xad2 (size before relaxing)
 .debug_str     0x0000000000000a51     0x2776 ./src_control/motor_common.o
                                       0x31bf (size before relaxing)
 .debug_str     0x00000000000031c7      0x9e5 ./src_control/motor_drive.o
                                       0x38e2 (size before relaxing)
 .debug_str     0x0000000000003bac      0x566 ./src_board/drv8323s.o
                                       0x168c (size before relaxing)
 .debug_str     0x0000000000004112     0x3948 ./src_board/hal.o
                                       0x56b7 (size before relaxing)
 .debug_str     0x0000000000007a5a      0x2a7 ./src_board/user_mtr1.o
                                        0xc4f (size before relaxing)
 .debug_str     0x0000000000007d01       0x85 ./src_board/user_mtr2.o
                                        0xc4f (size before relaxing)
 .debug_str     0x0000000000007d86      0x231 ./src/main.o
                                       0x3181 (size before relaxing)
 .debug_str     0x0000000000007fb7      0x312 ./haawking-drivers/haawking-dsc280025_edc-board/common/syscalls.o
                                        0x593 (size before relaxing)
 .debug_str     0x00000000000082c9      0x104 ./haawking-drivers/haawking-dsc280025_edc-board/cmpss.o
                                        0x267 (size before relaxing)
 .debug_str     0x00000000000083cd       0x6d ./haawking-drivers/haawking-dsc280025_edc-board/cputimer.o
                                        0x23a (size before relaxing)
 .debug_str     0x000000000000843a      0x118 ./haawking-drivers/haawking-dsc280025_edc-board/epwm.o
                                        0xa4d (size before relaxing)
 .debug_str     0x0000000000008552      0x1bf ./haawking-drivers/haawking-dsc280025_edc-board/flash.o
                                        0x321 (size before relaxing)
 .debug_str     0x0000000000008711      0x297 ./haawking-drivers/haawking-dsc280025_edc-board/gpio.o
                                        0x51c (size before relaxing)
 .debug_str     0x00000000000089a8       0xf5 ./haawking-drivers/haawking-dsc280025_edc-board/i2c.o
                                        0x288 (size before relaxing)
 .debug_str     0x0000000000008a9d      0x103 ./haawking-drivers/haawking-dsc280025_edc-board/interrupt.o
                                        0x28d (size before relaxing)
 .debug_str     0x0000000000008ba0      0x375 ./haawking-drivers/haawking-dsc280025_edc-board/sci.o
                                        0x533 (size before relaxing)
 .debug_str     0x0000000000008f15      0x3d7 ./haawking-drivers/haawking-dsc280025_edc-board/spi.o
                                        0x7f6 (size before relaxing)
 .debug_str     0x00000000000092ec      0x976 ./haawking-drivers/haawking-dsc280025_edc-board/sysctl.o
                                        0xfbf (size before relaxing)
 .debug_str     0x0000000000009c62     0x10ed ./haawking-drivers/haawking-dsc280025_edc-board/xbar.o
                                       0x1787 (size before relaxing)
 .debug_str     0x000000000000ad4f      0x236 ./device/device.o
                                        0x9ae (size before relaxing)

.comment        0x0000000000000000      0x185
 .comment       0x0000000000000000       0xa2 ./src_control/hall_fast/hall.o
                                         0xa3 (size before relaxing)
 .comment       0x00000000000000a2       0xa3 ./src_control/motor_common.o
 .comment       0x00000000000000a2       0xa3 ./src_control/motor_drive.o
 .comment       0x00000000000000a2       0xa3 ./src_board/drv8323s.o
 .comment       0x00000000000000a2       0xa3 ./src_board/hal.o
 .comment       0x00000000000000a2       0xa3 ./src_board/user_mtr1.o
 .comment       0x00000000000000a2       0xa3 ./src_board/user_mtr2.o
 .comment       0x00000000000000a2       0xa3 ./src/main.o
 .comment       0x00000000000000a2       0xa3 ./haawking-drivers/haawking-dsc280025_edc-board/common/syscalls.o
 .comment       0x00000000000000a2       0xa3 ./haawking-drivers/haawking-dsc280025_edc-board/cmpss.o
 .comment       0x00000000000000a2       0xa3 ./haawking-drivers/haawking-dsc280025_edc-board/cputimer.o
 .comment       0x00000000000000a2       0xa3 ./haawking-drivers/haawking-dsc280025_edc-board/epwm.o
 .comment       0x00000000000000a2       0xa3 ./haawking-drivers/haawking-dsc280025_edc-board/flash.o
 .comment       0x00000000000000a2       0xa3 ./haawking-drivers/haawking-dsc280025_edc-board/gpio.o
 .comment       0x00000000000000a2       0xa3 ./haawking-drivers/haawking-dsc280025_edc-board/i2c.o
 .comment       0x00000000000000a2       0xa3 ./haawking-drivers/haawking-dsc280025_edc-board/interrupt.o
 .comment       0x00000000000000a2       0xa3 ./haawking-drivers/haawking-dsc280025_edc-board/sci.o
 .comment       0x00000000000000a2       0xa3 ./haawking-drivers/haawking-dsc280025_edc-board/spi.o
 .comment       0x00000000000000a2       0xa3 ./haawking-drivers/haawking-dsc280025_edc-board/sysctl.o
 .comment       0x00000000000000a2       0xa3 ./haawking-drivers/haawking-dsc280025_edc-board/xbar.o
 .comment       0x00000000000000a2       0xa3 ./device/device.o
 .comment       0x00000000000000a2       0xa2 ../lib\libHXFASTLib_HX280025_libV2.0.a(estlib.o)
                                         0xa3 (size before relaxing)
 .comment       0x0000000000000144       0x41 D:/Haawking-IDE_v2.2.11Pre/haawking-tools/segger_lib\libhaawking-segger_imfc.a(floatops.o)
                                         0x42 (size before relaxing)

.note.GNU-stack
                0x0000000000000000        0x0
 .note.GNU-stack
                0x0000000000000000        0x0 ./src_control/hall_fast/hall.o
 .note.GNU-stack
                0x0000000000000000        0x0 ./src_control/motor_common.o
 .note.GNU-stack
                0x0000000000000000        0x0 ./src_control/motor_drive.o
 .note.GNU-stack
                0x0000000000000000        0x0 ./src_board/drv8323s.o
 .note.GNU-stack
                0x0000000000000000        0x0 ./src_board/hal.o
 .note.GNU-stack
                0x0000000000000000        0x0 ./src_board/user_mtr1.o
 .note.GNU-stack
                0x0000000000000000        0x0 ./src_board/user_mtr2.o
 .note.GNU-stack
                0x0000000000000000        0x0 ./src/main.o
 .note.GNU-stack
                0x0000000000000000        0x0 ./haawking-drivers/haawking-dsc280025_edc-board/common/syscalls.o
 .note.GNU-stack
                0x0000000000000000        0x0 ./haawking-drivers/haawking-dsc280025_edc-board/cmpss.o
 .note.GNU-stack
                0x0000000000000000        0x0 ./haawking-drivers/haawking-dsc280025_edc-board/cputimer.o
 .note.GNU-stack
                0x0000000000000000        0x0 ./haawking-drivers/haawking-dsc280025_edc-board/epwm.o
 .note.GNU-stack
                0x0000000000000000        0x0 ./haawking-drivers/haawking-dsc280025_edc-board/flash.o
 .note.GNU-stack
                0x0000000000000000        0x0 ./haawking-drivers/haawking-dsc280025_edc-board/gpio.o
 .note.GNU-stack
                0x0000000000000000        0x0 ./haawking-drivers/haawking-dsc280025_edc-board/i2c.o
 .note.GNU-stack
                0x0000000000000000        0x0 ./haawking-drivers/haawking-dsc280025_edc-board/interrupt.o
 .note.GNU-stack
                0x0000000000000000        0x0 ./haawking-drivers/haawking-dsc280025_edc-board/sci.o
 .note.GNU-stack
                0x0000000000000000        0x0 ./haawking-drivers/haawking-dsc280025_edc-board/spi.o
 .note.GNU-stack
                0x0000000000000000        0x0 ./haawking-drivers/haawking-dsc280025_edc-board/sysctl.o
 .note.GNU-stack
                0x0000000000000000        0x0 ./haawking-drivers/haawking-dsc280025_edc-board/xbar.o
 .note.GNU-stack
                0x0000000000000000        0x0 ./device/device.o
 .note.GNU-stack
                0x0000000000000000        0x0 ../lib\libHXFASTLib_HX280025_libV2.0.a(estlib.o)

.riscv.attributes
                0x0000000000000000       0x2b
 .riscv.attributes
                0x0000000000000000       0x2b ./src_control/hall_fast/hall.o
 .riscv.attributes
                0x000000000000002b       0x2b ./src_control/motor_common.o
 .riscv.attributes
                0x0000000000000056       0x2b ./src_control/motor_drive.o
 .riscv.attributes
                0x0000000000000081       0x2b ./src_board/drv8323s.o
 .riscv.attributes
                0x00000000000000ac       0x2b ./src_board/hal.o
 .riscv.attributes
                0x00000000000000d7       0x2b ./src_board/user_mtr1.o
 .riscv.attributes
                0x0000000000000102       0x2b ./src_board/user_mtr2.o
 .riscv.attributes
                0x000000000000012d       0x2b ./src/main.o
 .riscv.attributes
                0x0000000000000158       0x2b ./haawking-drivers/haawking-dsc280025_edc-board/common/syscalls.o
 .riscv.attributes
                0x0000000000000183       0x2b ./haawking-drivers/haawking-dsc280025_edc-board/cmpss.o
 .riscv.attributes
                0x00000000000001ae       0x2b ./haawking-drivers/haawking-dsc280025_edc-board/cputimer.o
 .riscv.attributes
                0x00000000000001d9       0x2b ./haawking-drivers/haawking-dsc280025_edc-board/epwm.o
 .riscv.attributes
                0x0000000000000204       0x2b ./haawking-drivers/haawking-dsc280025_edc-board/flash.o
 .riscv.attributes
                0x000000000000022f       0x2b ./haawking-drivers/haawking-dsc280025_edc-board/gpio.o
 .riscv.attributes
                0x000000000000025a       0x2b ./haawking-drivers/haawking-dsc280025_edc-board/i2c.o
 .riscv.attributes
                0x0000000000000285       0x2b ./haawking-drivers/haawking-dsc280025_edc-board/interrupt.o
 .riscv.attributes
                0x00000000000002b0       0x2b ./haawking-drivers/haawking-dsc280025_edc-board/sci.o
 .riscv.attributes
                0x00000000000002db       0x2b ./haawking-drivers/haawking-dsc280025_edc-board/spi.o
 .riscv.attributes
                0x0000000000000306       0x2b ./haawking-drivers/haawking-dsc280025_edc-board/sysctl.o
 .riscv.attributes
                0x0000000000000331       0x2b ./haawking-drivers/haawking-dsc280025_edc-board/xbar.o
 .riscv.attributes
                0x000000000000035c       0x2b ./device/device.o
 .riscv.attributes
                0x0000000000000387       0x2b ../lib\libHXFASTLib_HX280025_libV2.0.a(estlib.o)
 .riscv.attributes
                0x00000000000003b2       0x2b D:/Haawking-IDE_v2.2.11Pre/haawking-tools/segger_lib\libhaawking-segger_imfc.a(floatops.o)

.debug_frame    0x0000000000000000     0x2c08
 .debug_frame   0x0000000000000000       0x74 ./src_control/hall_fast/hall.o
 .debug_frame   0x0000000000000074      0x1d4 ./src_control/motor_common.o
 .debug_frame   0x0000000000000248      0x4c0 ./src_control/motor_drive.o
 .debug_frame   0x0000000000000708      0x2b0 ./src_board/drv8323s.o
 .debug_frame   0x00000000000009b8      0xe7c ./src_board/hal.o
 .debug_frame   0x0000000000001834       0x24 ./src_board/user_mtr1.o
 .debug_frame   0x0000000000001858       0x24 ./src_board/user_mtr2.o
 .debug_frame   0x000000000000187c      0x168 ./src/main.o
 .debug_frame   0x00000000000019e4      0x3b0 ./haawking-drivers/haawking-dsc280025_edc-board/common/syscalls.o
 .debug_frame   0x0000000000001d94       0x84 ./haawking-drivers/haawking-dsc280025_edc-board/cmpss.o
 .debug_frame   0x0000000000001e18       0x3c ./haawking-drivers/haawking-dsc280025_edc-board/cputimer.o
 .debug_frame   0x0000000000001e54      0x12c ./haawking-drivers/haawking-dsc280025_edc-board/epwm.o
 .debug_frame   0x0000000000001f80      0x128 ./haawking-drivers/haawking-dsc280025_edc-board/flash.o
 .debug_frame   0x00000000000020a8      0x13c ./haawking-drivers/haawking-dsc280025_edc-board/gpio.o
 .debug_frame   0x00000000000021e4       0xb4 ./haawking-drivers/haawking-dsc280025_edc-board/i2c.o
 .debug_frame   0x0000000000002298       0xdc ./haawking-drivers/haawking-dsc280025_edc-board/interrupt.o
 .debug_frame   0x0000000000002374      0x1b8 ./haawking-drivers/haawking-dsc280025_edc-board/sci.o
 .debug_frame   0x000000000000252c      0x280 ./haawking-drivers/haawking-dsc280025_edc-board/spi.o
 .debug_frame   0x00000000000027ac      0x290 ./haawking-drivers/haawking-dsc280025_edc-board/sysctl.o
 .debug_frame   0x0000000000002a3c       0x8c ./haawking-drivers/haawking-dsc280025_edc-board/xbar.o
 .debug_frame   0x0000000000002ac8      0x140 ./device/device.o

.debug_line     0x0000000000000000    0x1e22a
 .debug_line    0x0000000000000000      0x5cd ./src_control/hall_fast/hall.o
 .debug_line    0x00000000000005cd     0x27b7 ./src_control/motor_common.o
 .debug_line    0x0000000000002d84     0x71a6 ./src_control/motor_drive.o
 .debug_line    0x0000000000009f2a     0x1199 ./src_board/drv8323s.o
 .debug_line    0x000000000000b0c3     0x608d ./src_board/hal.o
 .debug_line    0x0000000000011150      0xc2e ./src_board/user_mtr1.o
 .debug_line    0x0000000000011d7e      0xc2e ./src_board/user_mtr2.o
 .debug_line    0x00000000000129ac      0xcdc ./src/main.o
 .debug_line    0x0000000000013688      0x12f ./haawking-drivers/haawking-dsc280025_edc-board/common/crt.o
 .debug_line    0x00000000000137b7     0x2e3b ./haawking-drivers/haawking-dsc280025_edc-board/common/syscalls.o
 .debug_line    0x00000000000165f2       0x80 ./haawking-drivers/haawking-dsc280025_edc-board/SysCtl_delay.o
 .debug_line    0x0000000000016672       0x78 ./haawking-drivers/haawking-dsc280025_edc-board/__disable_interrputs.o
 .debug_line    0x00000000000166ea       0x77 ./haawking-drivers/haawking-dsc280025_edc-board/__enable_interrupts.o
 .debug_line    0x0000000000016761      0x5b4 ./haawking-drivers/haawking-dsc280025_edc-board/cmpss.o
 .debug_line    0x0000000000016d15      0x1fe ./haawking-drivers/haawking-dsc280025_edc-board/cputimer.o
 .debug_line    0x0000000000016f13      0xd9a ./haawking-drivers/haawking-dsc280025_edc-board/epwm.o
 .debug_line    0x0000000000017cad      0x571 ./haawking-drivers/haawking-dsc280025_edc-board/flash.o
 .debug_line    0x000000000001821e      0xe84 ./haawking-drivers/haawking-dsc280025_edc-board/gpio.o
 .debug_line    0x00000000000190a2      0x601 ./haawking-drivers/haawking-dsc280025_edc-board/i2c.o
 .debug_line    0x00000000000196a3      0x784 ./haawking-drivers/haawking-dsc280025_edc-board/interrupt.o
 .debug_line    0x0000000000019e27      0xc18 ./haawking-drivers/haawking-dsc280025_edc-board/sci.o
 .debug_line    0x000000000001aa3f     0x13ec ./haawking-drivers/haawking-dsc280025_edc-board/spi.o
 .debug_line    0x000000000001be2b     0x17c8 ./haawking-drivers/haawking-dsc280025_edc-board/sysctl.o